035  May  9 19:33:08 ubuntu gnome-session[2270]: SSH_AUTH_SOCK=/run/user/1000/keyring/ssh
044  May  9 19:33:08 ubuntu gnome-session[2270]: SSH_AUTH_SOCK=/run/user/1000/keyring/ssh
036  May  9 19:33:08 ubuntu gnome-session[2270]: SSH_AUTH_SOCK=/run/user/1000/keyring/ssh
2444  May 11 09:11:07 ubuntu gnome-session[2087]: SSH_AUTH_SOCK=/run/user/1000/keyring/ssh
2443  May 11 09:11:07 ubuntu gnome-session[2087]: SSH_AUTH_SOCK=/run/user/1000/keyring/ssh
2437  May 11 09:11:07 ubuntu gnome-session[2087]: SSH_AUTH_SOCK=/run/user/1000/keyring/ssh
1006  May 11 09:10:46 ubuntu kernel: [    0.000000] pcpu-alloc: [0] 120 121 122 123 124 125 126 127
286  May 11 09:10:46 ubuntu kernel: [    0.000000] x86/fpu: xstate_offset[2]:  576, xstate_sizes[2]:  256
1001  May 11 09:10:46 ubuntu kernel: [    0.000000] pcpu-alloc: [0] 080 081 082 083 084 085 086 087
1002  May 11 09:10:46 ubuntu kernel: [    0.000000] pcpu-alloc: [0] 088 089 090 091 092 093 094 095
1003  May 11 09:10:46 ubuntu kernel: [    0.000000] pcpu-alloc: [0] 096 097 098 099 100 101 102 103
1004  May 11 09:10:46 ubuntu kernel: [    0.000000] pcpu-alloc: [0] 104 105 106 107 108 109 110 111
1005  May 11 09:10:46 ubuntu kernel: [    0.000000] pcpu-alloc: [0] 112 113 114 115 116 117 118 119
994  May 11 09:10:46 ubuntu kernel: [    0.000000] pcpu-alloc: [0] 024 025 026 027 028 029 030 031
312  May 11 09:10:46 ubuntu kernel: [    0.000000] e820: last_pfn = 0x240000 max_arch_pfn = 0x400000000
1083  May 11 09:10:46 ubuntu kernel: [    0.174213]    #2
999  May 11 09:10:46 ubuntu kernel: [    0.000000] pcpu-alloc: [0] 064 065 066 067 068 069 070 071
287  May 11 09:10:46 ubuntu kernel: [    0.000000] x86/fpu: xstate_offset[3]:  832, xstate_sizes[3]:   64
288  May 11 09:10:46 ubuntu kernel: [    0.000000] x86/fpu: xstate_offset[4]:  896, xstate_sizes[4]:   64
1981  May 11 09:10:46 ubuntu kernel: [    3.599871] e1000 0000:02:01.0 eth0: (PCI:66MHz:32-bit) 00:0c:29:d0:18:e9
1085  May 11 09:10:46 ubuntu kernel: [    0.177797]    #3
1087  May 11 09:10:46 ubuntu kernel: [    0.182100]    #4
1000  May 11 09:10:46 ubuntu kernel: [    0.000000] pcpu-alloc: [0] 072 073 074 075 076 077 078 079
998  May 11 09:10:46 ubuntu kernel: [    0.000000] pcpu-alloc: [0] 056 057 058 059 060 061 062 063
988  May 11 09:10:46 ubuntu kernel: [    0.000000] setup_percpu: NR_CPUS:8192 nr_cpumask_bits:128 nr_cpu_ids:128 nr_node_ids:1
991  May 11 09:10:46 ubuntu kernel: [    0.000000] pcpu-alloc: [0] 000 001 002 003 004 005 006 007
546  May 11 09:10:46 ubuntu kernel: [    0.000000] e820: last_pfn = 0xc0000 max_arch_pfn = 0x400000000
319  May 11 09:10:46 ubuntu kernel: [    0.000000]   F0000-FFFFF write-protect
317  May 11 09:10:46 ubuntu kernel: [    0.000000]   C0000-CFFFF write-protect
315  May 11 09:10:46 ubuntu kernel: [    0.000000]   00000-9FFFF write-back
990  May 11 09:10:46 ubuntu kernel: [    0.000000] pcpu-alloc: s147456 r8192 d28672 u262144 alloc=1*2097152
1089  May 11 09:10:46 ubuntu kernel: [    0.186001]    #5
992  May 11 09:10:46 ubuntu kernel: [    0.000000] pcpu-alloc: [0] 008 009 010 011 012 013 014 015
993  May 11 09:10:46 ubuntu kernel: [    0.000000] pcpu-alloc: [0] 016 017 018 019 020 021 022 023
995  May 11 09:10:46 ubuntu kernel: [    0.000000] pcpu-alloc: [0] 032 033 034 035 036 037 038 039
996  May 11 09:10:46 ubuntu kernel: [    0.000000] pcpu-alloc: [0] 040 041 042 043 044 045 046 047
997  May 11 09:10:46 ubuntu kernel: [    0.000000] pcpu-alloc: [0] 048 049 050 051 052 053 054 055
714  May 11 09:10:46 ubuntu avahi-daemon[928]: avahi-daemon 0.6.32-rc starting up.
2348  May 11 09:10:50 ubuntu rtkit-daemon[1370]: Running.
647  May 11 09:10:46 ubuntu gpu-manager[937]: /etc/modprobe.d is not a file
388  May 11 09:10:46 ubuntu apparmor[408]:    ...done.
243  May  9 21:16:00 ubuntu avahi-daemon[959]: avahi-daemon 0.6.32-rc exiting.
051  May  9 19:33:08 ubuntu gnome-session[2270]: (process:2458): indicator-application-service-WARNING **: Name Lost
2449  May 11 09:11:08 ubuntu gnome-session[2087]: (process:2259): indicator-application-service-WARNING **: Name Lost
245  May  9 21:16:00 ubuntu apport[3390]:    ...done.
671  May 11 09:10:46 ubuntu apport[929]:    ...done.
659  May 11 09:10:46 ubuntu irqbalance[905]:    ...done.
235  May  9 21:16:00 ubuntu irqbalance[3397]:    ...done.
2241  May 11 09:10:47 ubuntu NetworkManager[924]: <info>  [1589168447.2929] SettingsPlugin-Ofono: (14805120) ... get_connections.
2239  May 11 09:10:47 ubuntu NetworkManager[924]: <info>  [1589168447.2921] (14804896) ... get_connections.
392  May 11 09:10:46 ubuntu systemd[1]: Found device VMware_Virtual_S 5.
2409  May 11 09:11:01 ubuntu org.a11y.Bus[1912]: Activating service name='org.a11y.atspi.Registry'
812  May 11 09:10:46 ubuntu kernel: [    0.000000]   DMA32    [mem 0x0000000001000000-0x00000000ffffffff]
718  May 11 09:10:46 ubuntu avahi-daemon[928]: No service file found in /etc/avahi/services.
603  May 11 09:10:46 ubuntu bluetoothd[904]: gatt-time-server: Input/output error (5)
209  May  9 21:16:00 ubuntu bluetoothd[957]: Exit
332  May 11 09:10:46 ubuntu systemd-modules-load[356]: Inserted module 'parport_pc'
331  May 11 09:10:46 ubuntu systemd-modules-load[356]: Inserted module 'ppdev'
330  May 11 09:10:46 ubuntu systemd-modules-load[356]: Inserted module 'lp'
050  May  9 19:33:08 ubuntu gnome-session[2270]: (process:2458): indicator-application-service-WARNING **: Unable to get watcher name 'org.kde.StatusNotifierWatcher'
2448  May 11 09:11:08 ubuntu gnome-session[2087]: (process:2259): indicator-application-service-WARNING **: Unable to get watcher name 'org.kde.StatusNotifierWatcher'
2296  May 11 09:10:47 ubuntu dhclient[1077]: DHCPOFFER of 192.168.0.115 from 192.168.0.1
2297  May 11 09:10:47 ubuntu dhclient[1077]: DHCPACK of 192.168.0.115 from 192.168.0.1
333  May 11 09:10:46 ubuntu systemd-modules-load[356]: Module 'fuse' is builtin
668  May 11 09:10:46 ubuntu gpu-manager[937]: update-alternatives: error: no alternatives for x86_64-linux-gnu_gfxcore_conf
223  May  9 21:16:00 ubuntu speech-dispatcher[3400]:  * speech-dispatcher disabled; edit /etc/default/speech-dispatcher
657  May 11 09:10:46 ubuntu speech-dispatcher[903]:  * speech-dispatcher disabled; edit /etc/default/speech-dispatcher
147  May  9 21:16:00 ubuntu bluetoothd[957]: Terminating
019  May  9 19:33:01 ubuntu org.ayatana.bamf[2126]: bamfdaemon start/running, process 2167
2408  May 11 09:11:01 ubuntu org.ayatana.bamf[1912]: bamfdaemon start/running, process 1978
2345  May 11 09:10:50 ubuntu rtkit-daemon[1370]: Successfully called chroot.
715  May 11 09:10:46 ubuntu avahi-daemon[928]: Successfully called chroot().
334  May 11 09:10:46 ubuntu loadkeys[361]: Loading /etc/console-setup/cached.kmap.gz
1863  May 11 09:10:46 ubuntu kernel: [    2.431702] 00:05: ttyS0 at I/O 0x3f8 (irq = 4, base_baud = 115200) is a 16550A
202  May  9 21:16:00 ubuntu systemd[1]: Unmounted /run/user/1000/gvfs.
1980  May 11 09:10:46 ubuntu kernel: [    3.512391] scsi host2: ioc0: LSI53C1030 B0, FwRev=01032920h, Ports=1, MaxQ=128, IRQ=17
1870  May 11 09:10:46 ubuntu kernel: [    2.471287] scsi host1: ata_piix
1869  May 11 09:10:46 ubuntu kernel: [    2.470875] scsi host0: ata_piix
2065  May 11 09:10:46 ubuntu kernel: [    3.693536] [drm]   GMR2.
2057  May 11 09:10:46 ubuntu kernel: [    3.693533] [drm]   3D.
2411  May 11 09:11:01 ubuntu org.a11y.Bus[1912]: Successfully activated service 'org.a11y.atspi.Registry'
1965  May 11 09:10:46 ubuntu kernel: [    3.249330] ioc0: LSI53C1030 B0: Capabilities={Initiator}
1040  May 11 09:10:46 ubuntu kernel: [    0.016000] x2apic enabled
175  May  9 21:16:00 ubuntu systemd[1]: Stopped target Multi-User System.
328  May 11 09:10:46 ubuntu kernel: [    0.000000]   7 disabled
327  May 11 09:10:46 ubuntu kernel: [    0.000000]   6 disabled
323  May 11 09:10:46 ubuntu kernel: [    0.000000]   2 disabled
324  May 11 09:10:46 ubuntu kernel: [    0.000000]   3 disabled
325  May 11 09:10:46 ubuntu kernel: [    0.000000]   4 disabled
326  May 11 09:10:46 ubuntu kernel: [    0.000000]   5 disabled
566  May 11 09:10:46 ubuntu bluetoothd[904]: Bluetooth daemon 5.37
2217  May 11 09:10:47 ubuntu accounts-daemon[923]: started daemon version 0.6.40
1868  May 11 09:10:46 ubuntu kernel: [    2.469674] ata_piix 0000:00:07.1: version 2.13
1070  May 11 09:10:46 ubuntu kernel: [    0.138469] ... version:                4
2477  May 11 09:11:14 ubuntu systemd-timesyncd[508]: Synchronized to time server 91.189.94.4:123 (ntp.ubuntu.com).
2322  May 11 09:10:48 ubuntu nm-dispatcher: req:2 'up' [ens33]: new request (1 scripts)
2251  May 11 09:10:47 ubuntu nm-dispatcher: req:1 'hostname': new request (1 scripts)
174  May  9 21:16:00 ubuntu org.gnome.zeitgeist.Engine[2126]: #033[31m[15:46:00.214088 WARNING]#033[0m zeitgeist-daemon.vala:449: The connection is closed
160  May  9 21:16:00 ubuntu org.gnome.zeitgeist.SimpleIndexer[2126]: ** (zeitgeist-fts:2682): WARNING **: zeitgeist-fts.vala:252: The connection is closed
151  May  9 21:16:00 ubuntu bluetoothd[957]: Endpoint unregistered: sender=:1.68 path=/MediaEndpoint/A2DPSink
149  May  9 21:16:00 ubuntu bluetoothd[957]: Endpoint unregistered: sender=:1.68 path=/MediaEndpoint/A2DPSource
078  May  9 19:33:20 ubuntu bluetoothd[957]: Endpoint unregistered: sender=:1.37 path=/MediaEndpoint/A2DPSink
077  May  9 19:33:20 ubuntu bluetoothd[957]: Endpoint unregistered: sender=:1.37 path=/MediaEndpoint/A2DPSource
2484  May 11 09:11:19 ubuntu bluetoothd[904]: Endpoint unregistered: sender=:1.36 path=/MediaEndpoint/A2DPSink
2483  May 11 09:11:19 ubuntu bluetoothd[904]: Endpoint unregistered: sender=:1.36 path=/MediaEndpoint/A2DPSource
2392  May 11 09:10:53 ubuntu whoopsie[1432]: [09:10:53] The default IPv4 route is: /org/freedesktop/NetworkManager/ActiveConnection/0
385  May 11 09:10:46 ubuntu apparmor[408]: Skipping profile in /etc/apparmor.d/disable: usr.bin.firefox
387  May 11 09:10:46 ubuntu apparmor[408]: Skipping profile in /etc/apparmor.d/disable: usr.sbin.rsyslogd
2298  May 11 09:10:47 ubuntu NetworkManager[924]: <info>  [1589168447.8628]   address 192.168.0.115
2373  May 11 09:10:50 ubuntu bluetoothd[904]: Endpoint registered: sender=:1.36 path=/MediaEndpoint/A2DPSource
2434  May 11 09:11:07 ubuntu bluetoothd[904]: Endpoint registered: sender=:1.69 path=/MediaEndpoint/A2DPSource
2374  May 11 09:10:50 ubuntu bluetoothd[904]: Endpoint registered: sender=:1.36 path=/MediaEndpoint/A2DPSink
2435  May 11 09:11:07 ubuntu bluetoothd[904]: Endpoint registered: sender=:1.69 path=/MediaEndpoint/A2DPSink
038  May  9 19:33:08 ubuntu bluetoothd[957]: Endpoint registered: sender=:1.68 path=/MediaEndpoint/A2DPSink
037  May  9 19:33:08 ubuntu bluetoothd[957]: Endpoint registered: sender=:1.68 path=/MediaEndpoint/A2DPSource
2387  May 11 09:10:52 ubuntu systemd[1]: Reached target Multi-User System.
1013  May 11 09:10:46 ubuntu kernel: [    0.000000] log_buf_len: 1048576 bytes
607  May 11 09:10:46 ubuntu bluetoothd[904]: sap-server: Operation not permitted (1)
2394  May 11 09:10:53 ubuntu whoopsie[1432]: [09:10:53] Found usable connection: /org/freedesktop/NetworkManager/ActiveConnection/0
378  May 11 09:10:46 ubuntu mtp-probe: checking bus 2, device 2: "/sys/devices/pci0000:00/0000:00:11.0/0000:02:00.0/usb2/2-1"
2471  May 11 09:11:12 ubuntu org.gnome.ScreenSaver[1912]: ** Message: Lost the name, shutting down.
076  May  9 19:33:16 ubuntu org.gnome.ScreenSaver[2126]: ** Message: Lost the name, shutting down.
121  May  9 21:15:59 ubuntu gnome-session[2270]: gnome-session-binary[2270]: GLib-GObject-CRITICAL: g_object_unref: assertion 'G_IS_OBJECT (object)' failed
122  May  9 21:15:59 ubuntu gnome-session-binary[2270]: GLib-GObject-CRITICAL: g_object_unref: assertion 'G_IS_OBJECT (object)' failed
123  May  9 21:15:59 ubuntu gnome-session[2270]: gnome-session-binary[2270]: GLib-GObject-CRITICAL: g_object_unref: assertion 'G_IS_OBJECT (object)' failed
124  May  9 21:15:59 ubuntu gnome-session[2270]: gnome-session-binary[2270]: GLib-GObject-CRITICAL: g_object_unref: assertion 'G_IS_OBJECT (object)' failed
125  May  9 21:15:59 ubuntu gnome-session-binary[2270]: GLib-GObject-CRITICAL: g_object_unref: assertion 'G_IS_OBJECT (object)' failed
126  May  9 21:15:59 ubuntu gnome-session-binary[2270]: GLib-GObject-CRITICAL: g_object_unref: assertion 'G_IS_OBJECT (object)' failed
127  May  9 21:16:00 ubuntu gnome-session[2270]: gnome-session-binary[2270]: GLib-GObject-CRITICAL: g_object_unref: assertion 'G_IS_OBJECT (object)' failed
128  May  9 21:16:00 ubuntu gnome-session-binary[2270]: GLib-GObject-CRITICAL: g_object_unref: assertion 'G_IS_OBJECT (object)' failed
129  May  9 21:16:00 ubuntu gnome-session[2270]: gnome-session-binary[2270]: GLib-GObject-CRITICAL: g_object_unref: assertion 'G_IS_OBJECT (object)' failed
130  May  9 21:16:00 ubuntu gnome-session[2270]: gnome-session-binary[2270]: GLib-GObject-CRITICAL: g_object_unref: assertion 'G_IS_OBJECT (object)' failed
131  May  9 21:16:00 ubuntu gnome-session-binary[2270]: GLib-GObject-CRITICAL: g_object_unref: assertion 'G_IS_OBJECT (object)' failed
132  May  9 21:16:00 ubuntu gnome-session-binary[2270]: GLib-GObject-CRITICAL: g_object_unref: assertion 'G_IS_OBJECT (object)' failed
2489  May 11 09:11:32 ubuntu com.canonical.Unity.Scope.Music[1912]: (unity-music-daemon:2609): unity-music-daemon-WARNING **: rhythmbox-collection.vala:510: Unable to open album-art DB!
001  May  9 19:07:13 ubuntu anacron[915]: Job `cron.daily' terminated
656  May 11 09:10:46 ubuntu gpu-manager[937]: Error: can't open /lib/modules/4.15.0-99-generic/updates/dkms
655  May 11 09:10:46 ubuntu gpu-manager[937]: Error: can't open /lib/modules/4.15.0-99-generic/updates/dkms
234  May  9 21:16:00 ubuntu avahi-daemon[959]: Got SIGTERM, quitting.
059  May  9 19:33:09 ubuntu org.gtk.vfs.AfcVolumeMonitor[2126]: Volume monitor alive
2457  May 11 09:11:08 ubuntu org.gtk.vfs.AfcVolumeMonitor[1912]: Volume monitor alive
098  May  9 19:34:19 ubuntu org.debian.apt[923]:   from gi.repository import PackageKitGlib as pk
751  May 11 09:10:46 ubuntu thermald[927]: No thermal sensors found
106  May  9 19:34:19 ubuntu AptDaemon.Worker: INFO: Processing transaction /org/debian/apt/transaction/38dae958f7084275ae45d85479ae60ef
107  May  9 19:34:19 ubuntu org.debian.apt[923]: 19:34:19 AptDaemon.Worker [INFO]: Processing transaction /org/debian/apt/transaction/38dae958f7084275ae45d85479ae60ef
2205  May 11 09:10:47 ubuntu NetworkManager[924]: <info>  [1589168447.0110] dns-mgr[0xdf8010]: init: dns=dnsmasq, rc-manager=resolvconf, plugin=dnsmasq
2235  May 11 09:10:47 ubuntu NetworkManager[924]: <info>  [1589168447.2919] SettingsPlugin-Ofono: init!
2226  May 11 09:10:47 ubuntu NetworkManager[924]: <info>  [1589168447.2888] init!
2326  May 11 09:10:48 ubuntu dnsmasq[1098]: using nameserver 192.168.0.1#53(via ens33)
108  May  9 19:34:20 ubuntu AptDaemon.Worker: INFO: Updating cache
109  May  9 19:34:20 ubuntu org.debian.apt[923]: 19:34:20 AptDaemon.Worker [INFO]: Updating cache
2346  May 11 09:10:50 ubuntu rtkit-daemon[1370]: Successfully dropped privileges.
049  May  9 19:33:08 ubuntu gnome-session-binary[2270]: Entering running state
2447  May 11 09:11:08 ubuntu gnome-session-binary[2087]: Entering running state
2340  May 11 09:10:49 ubuntu org.a11y.atspi.Registry[1272]: SpiRegistry daemon is running with well-known name - org.a11y.atspi.Registry
020  May  9 19:33:07 ubuntu org.a11y.atspi.Registry[2279]: SpiRegistry daemon is running with well-known name - org.a11y.atspi.Registry
2412  May 11 09:11:01 ubuntu org.a11y.atspi.Registry[2020]: SpiRegistry daemon is running with well-known name - org.a11y.atspi.Registry
2349  May 11 09:10:50 ubuntu rtkit-daemon[1370]: Watchdog thread running.
110  May  9 19:34:22 ubuntu AptDaemon.Worker: INFO: Finished transaction /org/debian/apt/transaction/38dae958f7084275ae45d85479ae60ef
112  May  9 19:34:22 ubuntu org.debian.apt[923]: 19:34:22 AptDaemon.Worker [INFO]: Finished transaction /org/debian/apt/transaction/38dae958f7084275ae45d85479ae60ef
090  May  9 19:33:29 ubuntu org.gnome.zeitgeist.Engine[2126]: ** (zeitgeist-datahub:2684): WARNING **: zeitgeist-datahub.vala:229: Unable to get name "org.gnome.zeitgeist.datahub" on the bus!
2488  May 11 09:11:27 ubuntu gnome-session[2087]: ** (zeitgeist-datahub:2592): WARNING **: zeitgeist-datahub.vala:229: Unable to get name "org.gnome.zeitgeist.datahub" on the bus!
139  May  9 21:16:00 ubuntu gnome-session-binary[2270]: WARNING: Lost name on bus: org.gnome.SessionManager
137  May  9 21:16:00 ubuntu gnome-session[2270]: gnome-session-binary[2270]: WARNING: Lost name on bus: org.gnome.SessionManager
669  May 11 09:10:46 ubuntu acpid: 9 rules loaded
820  May 11 09:10:46 ubuntu kernel: [    0.000000]   node   0: [mem 0x0000000100000000-0x000000023fffffff]
817  May 11 09:10:46 ubuntu kernel: [    0.000000]   node   0: [mem 0x0000000000001000-0x000000000009dfff]
818  May 11 09:10:46 ubuntu kernel: [    0.000000]   node   0: [mem 0x0000000000100000-0x00000000bfecffff]
819  May 11 09:10:46 ubuntu kernel: [    0.000000]   node   0: [mem 0x00000000bff00000-0x00000000bfffffff]
2295  May 11 09:10:47 ubuntu dhclient[1077]: DHCPREQUEST of 192.168.0.115 on ens33 to 255.255.255.255 port 67 (xid=0x1fc85f44)
2350  May 11 09:10:50 ubuntu rtkit-daemon[1370]: Canary thread running.
2397  May 11 09:10:59 ubuntu org.gtk.vfs.Daemon[1264]: A connection to the bus can't be made
007  May  9 19:33:00 ubuntu org.gtk.vfs.Daemon[1271]: A connection to the bus can't be made
2347  May 11 09:10:50 ubuntu rtkit-daemon[1370]: Successfully limited resources.
102  May  9 19:34:19 ubuntu AptDaemon.Trans: INFO: Queuing transaction /org/debian/apt/transaction/38dae958f7084275ae45d85479ae60ef
103  May  9 19:34:19 ubuntu org.debian.apt[923]: 19:34:19 AptDaemon.Trans [INFO]: Queuing transaction /org/debian/apt/transaction/38dae958f7084275ae45d85479ae60ef
2303  May 11 09:10:47 ubuntu NetworkManager[924]: <info>  [1589168447.8630]   nameserver '192.168.0.1'
2237  May 11 09:10:47 ubuntu NetworkManager[924]: <info>  [1589168447.2920] SettingsPlugin-Ofono: end _init.
2232  May 11 09:10:47 ubuntu NetworkManager[924]: <info>  [1589168447.2904] end _init.
276  May 11 09:10:46 ubuntu kernel: [    0.000000] KERNEL supported cpus:
2121  May 11 09:10:46 ubuntu kernel: [    3.984519] ata3.00: configured for UDMA/33
1043  May 11 09:10:46 ubuntu kernel: [    0.018098] ..TIMER: vector=0x30 apic1=0 pin1=2 apic2=-1 pin2=-1
1720  May 11 09:10:46 ubuntu kernel: [    1.255827] pci_bus 0000:0e: resource 1 [mem 0xfc700000-0xfc7fffff]
1718  May 11 09:10:46 ubuntu kernel: [    1.255826] pci_bus 0000:0d: resource 1 [mem 0xfcb00000-0xfcbfffff]
1753  May 11 09:10:46 ubuntu kernel: [    1.255844] pci_bus 0000:1c: resource 1 [mem 0xfcd00000-0xfcdfffff]
1715  May 11 09:10:46 ubuntu kernel: [    1.255824] pci_bus 0000:0c: resource 1 [mem 0xfcf00000-0xfcffffff]
1712  May 11 09:10:46 ubuntu kernel: [    1.255823] pci_bus 0000:0b: resource 1 [mem 0xfd300000-0xfd3fffff]
1696  May 11 09:10:46 ubuntu kernel: [    1.255814] pci_bus 0000:04: resource 1 [mem 0xfd000000-0xfd0fffff]
1705  May 11 09:10:46 ubuntu kernel: [    1.255819] pci_bus 0000:08: resource 1 [mem 0xfc000000-0xfc0fffff]
1750  May 11 09:10:46 ubuntu kernel: [    1.255842] pci_bus 0000:1b: resource 1 [mem 0xfd100000-0xfd1fffff]
1743  May 11 09:10:46 ubuntu kernel: [    1.255839] pci_bus 0000:18: resource 1 [mem 0xfbe00000-0xfbefffff]
1747  May 11 09:10:46 ubuntu kernel: [    1.255841] pci_bus 0000:1a: resource 1 [mem 0xfb600000-0xfb6fffff]
1745  May 11 09:10:46 ubuntu kernel: [    1.255840] pci_bus 0000:19: resource 1 [mem 0xfba00000-0xfbafffff]
1701  May 11 09:10:46 ubuntu kernel: [    1.255817] pci_bus 0000:06: resource 1 [mem 0xfc800000-0xfc8fffff]
1709  May 11 09:10:46 ubuntu kernel: [    1.255821] pci_bus 0000:0a: resource 1 [mem 0xfb800000-0xfb8fffff]
1703  May 11 09:10:46 ubuntu kernel: [    1.255818] pci_bus 0000:07: resource 1 [mem 0xfc400000-0xfc4fffff]
1707  May 11 09:10:46 ubuntu kernel: [    1.255820] pci_bus 0000:09: resource 1 [mem 0xfbc00000-0xfbcfffff]
1693  May 11 09:10:46 ubuntu kernel: [    1.255812] pci_bus 0000:03: resource 1 [mem 0xfd400000-0xfd4fffff]
1699  May 11 09:10:46 ubuntu kernel: [    1.255816] pci_bus 0000:05: resource 1 [mem 0xfcc00000-0xfccfffff]
1759  May 11 09:10:46 ubuntu kernel: [    1.255847] pci_bus 0000:1f: resource 1 [mem 0xfc100000-0xfc1fffff]
1737  May 11 09:10:46 ubuntu kernel: [    1.255836] pci_bus 0000:15: resource 1 [mem 0xfca00000-0xfcafffff]
1763  May 11 09:10:46 ubuntu kernel: [    1.255849] pci_bus 0000:21: resource 1 [mem 0xfb900000-0xfb9fffff]
1741  May 11 09:10:46 ubuntu kernel: [    1.255838] pci_bus 0000:17: resource 1 [mem 0xfc200000-0xfc2fffff]
1755  May 11 09:10:46 ubuntu kernel: [    1.255845] pci_bus 0000:1d: resource 1 [mem 0xfc900000-0xfc9fffff]
1683  May 11 09:10:46 ubuntu kernel: [    1.255807] pci_bus 0000:02: resource 1 [mem 0xfd500000-0xfdffffff]
1728  May 11 09:10:46 ubuntu kernel: [    1.255831] pci_bus 0000:12: resource 1 [mem 0xfb700000-0xfb7fffff]
1739  May 11 09:10:46 ubuntu kernel: [    1.255837] pci_bus 0000:16: resource 1 [mem 0xfc600000-0xfc6fffff]
1765  May 11 09:10:46 ubuntu kernel: [    1.255850] pci_bus 0000:22: resource 1 [mem 0xfb500000-0xfb5fffff]
1757  May 11 09:10:46 ubuntu kernel: [    1.255846] pci_bus 0000:1e: resource 1 [mem 0xfc500000-0xfc5fffff]
1731  May 11 09:10:46 ubuntu kernel: [    1.255833] pci_bus 0000:13: resource 1 [mem 0xfd200000-0xfd2fffff]
1761  May 11 09:10:46 ubuntu kernel: [    1.255848] pci_bus 0000:20: resource 1 [mem 0xfbd00000-0xfbdfffff]
1726  May 11 09:10:46 ubuntu kernel: [    1.255830] pci_bus 0000:11: resource 1 [mem 0xfbb00000-0xfbbfffff]
1724  May 11 09:10:46 ubuntu kernel: [    1.255829] pci_bus 0000:10: resource 1 [mem 0xfbf00000-0xfbffffff]
1734  May 11 09:10:46 ubuntu kernel: [    1.255834] pci_bus 0000:14: resource 1 [mem 0xfce00000-0xfcefffff]
1722  May 11 09:10:46 ubuntu kernel: [    1.255828] pci_bus 0000:0f: resource 1 [mem 0xfc300000-0xfc3fffff]
2300  May 11 09:10:47 ubuntu NetworkManager[924]: <info>  [1589168447.8630]   gateway 192.168.0.1
105  May  9 19:34:19 ubuntu org.debian.apt[923]: 19:34:19 AptDaemon.Worker [INFO]: Simulating trans: /org/debian/apt/transaction/38dae958f7084275ae45d85479ae60ef
104  May  9 19:34:19 ubuntu AptDaemon.Worker: INFO: Simulating trans: /org/debian/apt/transaction/38dae958f7084275ae45d85479ae60ef
987  May 11 09:10:46 ubuntu kernel: [    0.000000] random: get_random_bytes called from start_kernel+0x99/0x51b with crng_init=0
1103  May 11 09:10:46 ubuntu kernel: [    0.194036] evm: security.capability
1075  May 11 09:10:46 ubuntu kernel: [    0.138473] ... fixed-purpose events:   3
1102  May 11 09:10:46 ubuntu kernel: [    0.194035] evm: security.ima
1101  May 11 09:10:46 ubuntu kernel: [    0.194035] evm: security.apparmor
1096  May 11 09:10:46 ubuntu kernel: [    0.194032] evm: security.selinux
1097  May 11 09:10:46 ubuntu kernel: [    0.194033] evm: security.SMACK64
1100  May 11 09:10:46 ubuntu kernel: [    0.194035] evm: security.SMACK64MMAP
1099  May 11 09:10:46 ubuntu kernel: [    0.194034] evm: security.SMACK64TRANSMUTE
1098  May 11 09:10:46 ubuntu kernel: [    0.194034] evm: security.SMACK64EXEC
1749  May 11 09:10:46 ubuntu kernel: [    1.255842] pci_bus 0000:1b: resource 0 [io  0x7000-0x7fff]
1682  May 11 09:10:46 ubuntu kernel: [    1.255806] pci_bus 0000:02: resource 0 [io  0x2000-0x3fff]
1752  May 11 09:10:46 ubuntu kernel: [    1.255843] pci_bus 0000:1c: resource 0 [io  0xb000-0xbfff]
1692  May 11 09:10:46 ubuntu kernel: [    1.255812] pci_bus 0000:03: resource 0 [io  0x4000-0x4fff]
1695  May 11 09:10:46 ubuntu kernel: [    1.255813] pci_bus 0000:04: resource 0 [io  0x8000-0x8fff]
1698  May 11 09:10:46 ubuntu kernel: [    1.255815] pci_bus 0000:05: resource 0 [io  0xc000-0xcfff]
1736  May 11 09:10:46 ubuntu kernel: [    1.255835] pci_bus 0000:15: resource 0 [io  0xe000-0xefff]
1733  May 11 09:10:46 ubuntu kernel: [    1.255834] pci_bus 0000:14: resource 0 [io  0xa000-0xafff]
1714  May 11 09:10:46 ubuntu kernel: [    1.255824] pci_bus 0000:0c: resource 0 [io  0x9000-0x9fff]
1717  May 11 09:10:46 ubuntu kernel: [    1.255825] pci_bus 0000:0d: resource 0 [io  0xd000-0xdfff]
1711  May 11 09:10:46 ubuntu kernel: [    1.255822] pci_bus 0000:0b: resource 0 [io  0x5000-0x5fff]
1730  May 11 09:10:46 ubuntu kernel: [    1.255832] pci_bus 0000:13: resource 0 [io  0x6000-0x6fff]
377  May 11 09:10:46 ubuntu systemd[1]: Created slice system-getty.slice.
2105  May 11 09:10:46 ubuntu kernel: [    3.808200]  sda: sda1 sda2 < sda5 >
016  May  9 19:33:00 ubuntu systemd[2032]: Startup finished in 23ms.
2335  May 11 09:10:48 ubuntu systemd[1227]: Startup finished in 26ms.
2406  May 11 09:10:59 ubuntu systemd[1784]: Startup finished in 25ms.
233  May  9 21:16:00 ubuntu systemd[1]: Removed slice system-getty.slice.
393  May 11 09:10:46 ubuntu systemd[1]: Activating swap /dev/disk/by-uuid/8208ad62-4a01-4ca5-8409-256013ed9ef5...
394  May 11 09:10:46 ubuntu systemd[1]: Activated swap /dev/disk/by-uuid/8208ad62-4a01-4ca5-8409-256013ed9ef5.
2299  May 11 09:10:47 ubuntu NetworkManager[924]: <info>  [1589168447.8629]   plen 24 (255.255.255.0)
560  May 11 09:10:46 ubuntu anacron[901]: Anacron 2.3 started on 2020-05-11
1132  May 11 09:10:46 ubuntu kernel: [    0.277173] ACPI: (supports S0 S1 S4 S5)
318  May 11 09:10:46 ubuntu kernel: [    0.000000]   D0000-EFFFF uncachable
316  May 11 09:10:46 ubuntu kernel: [    0.000000]   A0000-BFFFF uncachable
213  May  9 21:16:00 ubuntu systemd[1]: Stopped Getty on tty1.
180  May  9 21:16:00 ubuntu systemd[1]: Stopping Getty on tty1...
727  May 11 09:10:46 ubuntu systemd[1]: Started Getty on tty1.
2157  May 11 09:10:46 ubuntu kernel: [    4.870023] EXT4-fs (sda1): re-mounted. Opts: errors=remount-ro
1857  May 11 09:10:46 ubuntu kernel: [    2.405525] pciehp 0000:00:18.7:pcie004: Slot #263 AttnBtn+ PwrCtrl+ MRL- AttnInd- PwrInd- HotPlug+ Surprise- Interlock- NoCompl+ LLActRep+
1856  May 11 09:10:46 ubuntu kernel: [    2.405452] pciehp 0000:00:18.6:pcie004: Slot #262 AttnBtn+ PwrCtrl+ MRL- AttnInd- PwrInd- HotPlug+ Surprise- Interlock- NoCompl+ LLActRep+
1839  May 11 09:10:46 ubuntu kernel: [    2.404031] pciehp 0000:00:16.5:pcie004: Slot #197 AttnBtn+ PwrCtrl+ MRL- AttnInd- PwrInd- HotPlug+ Surprise- Interlock- NoCompl+ LLActRep+
1851  May 11 09:10:46 ubuntu kernel: [    2.405085] pciehp 0000:00:18.1:pcie004: Slot #257 AttnBtn+ PwrCtrl+ MRL- AttnInd- PwrInd- HotPlug+ Surprise- Interlock- NoCompl+ LLActRep+
1836  May 11 09:10:46 ubuntu kernel: [    2.403810] pciehp 0000:00:16.2:pcie004: Slot #194 AttnBtn+ PwrCtrl+ MRL- AttnInd- PwrInd- HotPlug+ Surprise- Interlock- NoCompl+ LLActRep+
1838  May 11 09:10:46 ubuntu kernel: [    2.403949] pciehp 0000:00:16.4:pcie004: Slot #196 AttnBtn+ PwrCtrl+ MRL- AttnInd- PwrInd- HotPlug+ Surprise- Interlock- NoCompl+ LLActRep+
1837  May 11 09:10:46 ubuntu kernel: [    2.403876] pciehp 0000:00:16.3:pcie004: Slot #195 AttnBtn+ PwrCtrl+ MRL- AttnInd- PwrInd- HotPlug+ Surprise- Interlock- NoCompl+ LLActRep+
1841  May 11 09:10:46 ubuntu kernel: [    2.404172] pciehp 0000:00:16.7:pcie004: Slot #199 AttnBtn+ PwrCtrl+ MRL- AttnInd- PwrInd- HotPlug+ Surprise- Interlock- NoCompl+ LLActRep+
1835  May 11 09:10:46 ubuntu kernel: [    2.403737] pciehp 0000:00:16.1:pcie004: Slot #193 AttnBtn+ PwrCtrl+ MRL- AttnInd- PwrInd- HotPlug+ Surprise- Interlock- NoCompl+ LLActRep+
1834  May 11 09:10:46 ubuntu kernel: [    2.403662] pciehp 0000:00:16.0:pcie004: Slot #192 AttnBtn+ PwrCtrl+ MRL- AttnInd- PwrInd- HotPlug+ Surprise- Interlock- NoCompl+ LLActRep+
1833  May 11 09:10:46 ubuntu kernel: [    2.403531] pciehp 0000:00:15.7:pcie004: Slot #167 AttnBtn+ PwrCtrl+ MRL- AttnInd- PwrInd- HotPlug+ Surprise- Interlock- NoCompl+ LLActRep+
1832  May 11 09:10:46 ubuntu kernel: [    2.403458] pciehp 0000:00:15.6:pcie004: Slot #166 AttnBtn+ PwrCtrl+ MRL- AttnInd- PwrInd- HotPlug+ Surprise- Interlock- NoCompl+ LLActRep+
1831  May 11 09:10:46 ubuntu kernel: [    2.403385] pciehp 0000:00:15.5:pcie004: Slot #165 AttnBtn+ PwrCtrl+ MRL- AttnInd- PwrInd- HotPlug+ Surprise- Interlock- NoCompl+ LLActRep+
1830  May 11 09:10:46 ubuntu kernel: [    2.403319] pciehp 0000:00:15.4:pcie004: Slot #164 AttnBtn+ PwrCtrl+ MRL- AttnInd- PwrInd- HotPlug+ Surprise- Interlock- NoCompl+ LLActRep+
1829  May 11 09:10:46 ubuntu kernel: [    2.403246] pciehp 0000:00:15.3:pcie004: Slot #163 AttnBtn+ PwrCtrl+ MRL- AttnInd- PwrInd- HotPlug+ Surprise- Interlock- NoCompl+ LLActRep+
1828  May 11 09:10:46 ubuntu kernel: [    2.403173] pciehp 0000:00:15.2:pcie004: Slot #162 AttnBtn+ PwrCtrl+ MRL- AttnInd- PwrInd- HotPlug+ Surprise- Interlock- NoCompl+ LLActRep+
1827  May 11 09:10:46 ubuntu kernel: [    2.403098] pciehp 0000:00:15.1:pcie004: Slot #161 AttnBtn+ PwrCtrl+ MRL- AttnInd- PwrInd- HotPlug+ Surprise- Interlock- NoCompl+ LLActRep+
1826  May 11 09:10:46 ubuntu kernel: [    2.403017] pciehp 0000:00:15.0:pcie004: Slot #160 AttnBtn+ PwrCtrl+ MRL- AttnInd- PwrInd- HotPlug+ Surprise- Interlock- NoCompl+ LLActRep+
1840  May 11 09:10:46 ubuntu kernel: [    2.404106] pciehp 0000:00:16.6:pcie004: Slot #198 AttnBtn+ PwrCtrl+ MRL- AttnInd- PwrInd- HotPlug+ Surprise- Interlock- NoCompl+ LLActRep+
1844  May 11 09:10:46 ubuntu kernel: [    2.404390] pciehp 0000:00:17.2:pcie004: Slot #226 AttnBtn+ PwrCtrl+ MRL- AttnInd- PwrInd- HotPlug+ Surprise- Interlock- NoCompl+ LLActRep+
1842  May 11 09:10:46 ubuntu kernel: [    2.404245] pciehp 0000:00:17.0:pcie004: Slot #224 AttnBtn+ PwrCtrl+ MRL- AttnInd- PwrInd- HotPlug+ Surprise- Interlock- NoCompl+ LLActRep+
1845  May 11 09:10:46 ubuntu kernel: [    2.404482] pciehp 0000:00:17.3:pcie004: Slot #227 AttnBtn+ PwrCtrl+ MRL- AttnInd- PwrInd- HotPlug+ Surprise- Interlock- NoCompl+ LLActRep+
1849  May 11 09:10:46 ubuntu kernel: [    2.404920] pciehp 0000:00:17.7:pcie004: Slot #231 AttnBtn+ PwrCtrl+ MRL- AttnInd- PwrInd- HotPlug+ Surprise- Interlock- NoCompl+ LLActRep+
1852  May 11 09:10:46 ubuntu kernel: [    2.405159] pciehp 0000:00:18.2:pcie004: Slot #258 AttnBtn+ PwrCtrl+ MRL- AttnInd- PwrInd- HotPlug+ Surprise- Interlock- NoCompl+ LLActRep+
1848  May 11 09:10:46 ubuntu kernel: [    2.404844] pciehp 0000:00:17.6:pcie004: Slot #230 AttnBtn+ PwrCtrl+ MRL- AttnInd- PwrInd- HotPlug+ Surprise- Interlock- NoCompl+ LLActRep+
1847  May 11 09:10:46 ubuntu kernel: [    2.404708] pciehp 0000:00:17.5:pcie004: Slot #229 AttnBtn+ PwrCtrl+ MRL- AttnInd- PwrInd- HotPlug+ Surprise- Interlock- NoCompl+ LLActRep+
1853  May 11 09:10:46 ubuntu kernel: [    2.405232] pciehp 0000:00:18.3:pcie004: Slot #259 AttnBtn+ PwrCtrl+ MRL- AttnInd- PwrInd- HotPlug+ Surprise- Interlock- NoCompl+ LLActRep+
1846  May 11 09:10:46 ubuntu kernel: [    2.404624] pciehp 0000:00:17.4:pcie004: Slot #228 AttnBtn+ PwrCtrl+ MRL- AttnInd- PwrInd- HotPlug+ Surprise- Interlock- NoCompl+ LLActRep+
1854  May 11 09:10:46 ubuntu kernel: [    2.405305] pciehp 0000:00:18.4:pcie004: Slot #260 AttnBtn+ PwrCtrl+ MRL- AttnInd- PwrInd- HotPlug+ Surprise- Interlock- NoCompl+ LLActRep+
1855  May 11 09:10:46 ubuntu kernel: [    2.405379] pciehp 0000:00:18.5:pcie004: Slot #261 AttnBtn+ PwrCtrl+ MRL- AttnInd- PwrInd- HotPlug+ Surprise- Interlock- NoCompl+ LLActRep+
1843  May 11 09:10:46 ubuntu kernel: [    2.404317] pciehp 0000:00:17.1:pcie004: Slot #225 AttnBtn+ PwrCtrl+ MRL- AttnInd- PwrInd- HotPlug+ Surprise- Interlock- NoCompl+ LLActRep+
1850  May 11 09:10:46 ubuntu kernel: [    2.404993] pciehp 0000:00:18.0:pcie004: Slot #256 AttnBtn+ PwrCtrl+ MRL- AttnInd- PwrInd- HotPlug+ Surprise- Interlock- NoCompl+ LLActRep+
2016  May 11 09:10:46 ubuntu kernel: [    3.667517] scsi host32: ahci
1999  May 11 09:10:46 ubuntu kernel: [    3.647524] scsi host15: ahci
1998  May 11 09:10:46 ubuntu kernel: [    3.646219] scsi host14: ahci
1997  May 11 09:10:46 ubuntu kernel: [    3.645110] scsi host13: ahci
1996  May 11 09:10:46 ubuntu kernel: [    3.643793] scsi host12: ahci
2000  May 11 09:10:46 ubuntu kernel: [    3.648720] scsi host16: ahci
2015  May 11 09:10:46 ubuntu kernel: [    3.666401] scsi host31: ahci
1994  May 11 09:10:46 ubuntu kernel: [    3.641832] scsi host10: ahci
2014  May 11 09:10:46 ubuntu kernel: [    3.665333] scsi host30: ahci
2013  May 11 09:10:46 ubuntu kernel: [    3.663861] scsi host29: ahci
2012  May 11 09:10:46 ubuntu kernel: [    3.662511] scsi host28: ahci
2011  May 11 09:10:46 ubuntu kernel: [    3.661313] scsi host27: ahci
2010  May 11 09:10:46 ubuntu kernel: [    3.660285] scsi host26: ahci
2009  May 11 09:10:46 ubuntu kernel: [    3.658982] scsi host25: ahci
2008  May 11 09:10:46 ubuntu kernel: [    3.657881] scsi host24: ahci
2007  May 11 09:10:46 ubuntu kernel: [    3.656368] scsi host23: ahci
2006  May 11 09:10:46 ubuntu kernel: [    3.654967] scsi host22: ahci
2005  May 11 09:10:46 ubuntu kernel: [    3.653343] scsi host21: ahci
2001  May 11 09:10:46 ubuntu kernel: [    3.649599] scsi host17: ahci
2004  May 11 09:10:46 ubuntu kernel: [    3.652407] scsi host20: ahci
2003  May 11 09:10:46 ubuntu kernel: [    3.651467] scsi host19: ahci
1995  May 11 09:10:46 ubuntu kernel: [    3.642633] scsi host11: ahci
1990  May 11 09:10:46 ubuntu kernel: [    3.638308] scsi host6: ahci
2002  May 11 09:10:46 ubuntu kernel: [    3.650399] scsi host18: ahci
1987  May 11 09:10:46 ubuntu kernel: [    3.635426] scsi host3: ahci
1993  May 11 09:10:46 ubuntu kernel: [    3.640987] scsi host9: ahci
1992  May 11 09:10:46 ubuntu kernel: [    3.640131] scsi host8: ahci
1991  May 11 09:10:46 ubuntu kernel: [    3.639281] scsi host7: ahci
1989  May 11 09:10:46 ubuntu kernel: [    3.637473] scsi host5: ahci
1988  May 11 09:10:46 ubuntu kernel: [    3.636439] scsi host4: ahci
1018  May 11 09:10:46 ubuntu kernel: [    0.000000] SLUB: HWalign=64, Order=0-3, MinObjects=0, CPUs=128, Nodes=1
1784  May 11 09:10:46 ubuntu kernel: [    2.358177] workingset: timestamp_bits=36 max_order=21 bucket_order=0
1984  May 11 09:10:46 ubuntu kernel: [    3.603750] e1000 0000:02:01.0 ens33: renamed from eth0
1983  May 11 09:10:46 ubuntu kernel: [    3.600015] ahci 0000:02:05.0: version 3.0
1072  May 11 09:10:46 ubuntu kernel: [    0.138471] ... generic registers:      4
2279  May 11 09:10:47 ubuntu osqueryd: osqueryd started [version=3.3.2.66-Uptycs]
272  May 11 09:10:46 ubuntu rsyslogd: rsyslogd's groupid changed to 108
273  May 11 09:10:46 ubuntu rsyslogd: rsyslogd's userid changed to 104
047  May  9 19:33:08 ubuntu dbus[923]: [system] Successfully activated service 'org.freedesktop.locale1'
562  May 11 09:10:46 ubuntu dbus[902]: [system] Successfully activated service 'org.freedesktop.systemd1'
055  May  9 19:33:09 ubuntu dbus[923]: [system] Successfully activated service 'org.freedesktop.UDisks2'
2453  May 11 09:11:08 ubuntu dbus[902]: [system] Successfully activated service 'org.freedesktop.UDisks2'
071  May  9 19:33:14 ubuntu dbus[923]: [system] Successfully activated service 'org.freedesktop.fwupd'
2343  May 11 09:10:50 ubuntu dbus[902]: [system] Successfully activated service 'org.freedesktop.RealtimeKit1'
2445  May 11 09:11:07 ubuntu dbus[902]: [system] Successfully activated service 'org.freedesktop.locale1'
2197  May 11 09:10:46 ubuntu dbus[902]: [system] Successfully activated service 'org.freedesktop.hostname1'
2371  May 11 09:10:50 ubuntu dbus[902]: [system] Successfully activated service 'org.freedesktop.ColorManager'
095  May  9 19:34:19 ubuntu dbus[923]: [system] Successfully activated service 'org.debian.apt'
2215  May 11 09:10:47 ubuntu dbus[902]: [system] Successfully activated service 'org.freedesktop.PolicyKit1'
2355  May 11 09:10:50 ubuntu dbus[902]: [system] Successfully activated service 'org.freedesktop.UPower'
2221  May 11 09:10:47 ubuntu dbus[902]: [system] Successfully activated service 'org.freedesktop.nm_dispatcher'
2472  May 11 09:11:12 ubuntu dbus[902]: [system] Successfully activated service 'org.freedesktop.fwupd'
1912  May 11 09:10:46 ubuntu kernel: [    2.514872] i2c /dev entries driver
293  May 11 09:10:46 ubuntu kernel: [    0.000000] BIOS-e820: [mem 0x00000000000dc000-0x00000000000fffff] reserved
292  May 11 09:10:46 ubuntu kernel: [    0.000000] BIOS-e820: [mem 0x000000000009e800-0x000000000009ffff] reserved
298  May 11 09:10:46 ubuntu kernel: [    0.000000] BIOS-e820: [mem 0x00000000f0000000-0x00000000f7ffffff] reserved
301  May 11 09:10:46 ubuntu kernel: [    0.000000] BIOS-e820: [mem 0x00000000fffe0000-0x00000000ffffffff] reserved
300  May 11 09:10:46 ubuntu kernel: [    0.000000] BIOS-e820: [mem 0x00000000fee00000-0x00000000fee00fff] reserved
1450  May 11 09:10:46 ubuntu kernel: [    1.164618] system 00:07: [mem 0xfec10000-0xfec10fff] could not be reserved
299  May 11 09:10:46 ubuntu kernel: [    0.000000] BIOS-e820: [mem 0x00000000fec00000-0x00000000fec0ffff] reserved
2358  May 11 09:10:50 ubuntu rtkit-daemon[1370]: Supervising 1 threads of 1 processes of 1 users.
042  May  9 19:33:08 ubuntu rtkit-daemon[1399]: Supervising 7 threads of 3 processes of 2 users.
2377  May 11 09:10:50 ubuntu rtkit-daemon[1370]: Supervising 4 threads of 2 processes of 1 users.
022  May  9 19:33:07 ubuntu rtkit-daemon[1399]: Supervising 4 threads of 2 processes of 2 users.
2367  May 11 09:10:50 ubuntu rtkit-daemon[1370]: Supervising 3 threads of 1 processes of 1 users.
2365  May 11 09:10:50 ubuntu rtkit-daemon[1370]: Supervising 2 threads of 1 processes of 1 users.
2420  May 11 09:11:07 ubuntu rtkit-daemon[1370]: Supervising 4 threads of 2 processes of 2 users.
2422  May 11 09:11:07 ubuntu rtkit-daemon[1370]: Supervising 4 threads of 2 processes of 2 users.
2424  May 11 09:11:07 ubuntu rtkit-daemon[1370]: Supervising 5 threads of 2 processes of 2 users.
2432  May 11 09:11:07 ubuntu rtkit-daemon[1370]: Supervising 6 threads of 2 processes of 2 users.
2360  May 11 09:10:50 ubuntu rtkit-daemon[1370]: Supervising 2 threads of 1 processes of 1 users.
2430  May 11 09:11:07 ubuntu rtkit-daemon[1370]: Supervising 5 threads of 2 processes of 2 users.
2353  May 11 09:10:50 ubuntu rtkit-daemon[1370]: Supervising 1 threads of 1 processes of 1 users.
027  May  9 19:33:08 ubuntu rtkit-daemon[1399]: Supervising 5 threads of 2 processes of 2 users.
032  May  9 19:33:08 ubuntu rtkit-daemon[1399]: Supervising 5 threads of 2 processes of 2 users.
025  May  9 19:33:08 ubuntu rtkit-daemon[1399]: Supervising 4 threads of 2 processes of 2 users.
034  May  9 19:33:08 ubuntu rtkit-daemon[1399]: Supervising 6 threads of 2 processes of 2 users.
1081  May 11 09:10:46 ubuntu kernel: [    0.171328] .... node  #0, CPUs:          #1
1897  May 11 09:10:46 ubuntu kernel: [    2.490520] uhci_hcd 0000:02:00.0: detected 2 ports
2414  May 11 09:11:02 ubuntu snapd[935]: daemon.go:613: done waiting for running hooks
074  May  9 19:33:15 ubuntu snapd[2504]: daemon.go:613: done waiting for running hooks
2475  May 11 09:11:13 ubuntu snapd[2308]: daemon.go:613: done waiting for running hooks
2461  May 11 09:11:08 ubuntu dbus[902]: [system] Activating via systemd: service name='org.freedesktop.fwupd' unit='fwupd.service'
2450  May 11 09:11:08 ubuntu dbus[902]: [system] Activating via systemd: service name='org.freedesktop.UDisks2' unit='udisks2.service'
2211  May 11 09:10:47 ubuntu dbus[902]: [system] Activating via systemd: service name='org.freedesktop.nm_dispatcher' unit='dbus-org.freedesktop.nm-dispatcher.service'
2368  May 11 09:10:50 ubuntu dbus[902]: [system] Activating via systemd: service name='org.freedesktop.ColorManager' unit='colord.service'
2206  May 11 09:10:47 ubuntu dbus[902]: [system] Activating via systemd: service name='org.freedesktop.PolicyKit1' unit='polkitd.service'
584  May 11 09:10:46 ubuntu dbus[902]: [system] Activating via systemd: service name='org.freedesktop.hostname1' unit='dbus-org.freedesktop.hostname1.service'
063  May  9 19:33:10 ubuntu dbus[923]: [system] Activating via systemd: service name='org.freedesktop.fwupd' unit='fwupd.service'
052  May  9 19:33:09 ubuntu dbus[923]: [system] Activating via systemd: service name='org.freedesktop.UDisks2' unit='udisks2.service'
2352  May 11 09:10:50 ubuntu dbus[902]: [system] Activating via systemd: service name='org.freedesktop.UPower' unit='upower.service'
2341  May 11 09:10:50 ubuntu dbus[902]: [system] Activating via systemd: service name='org.freedesktop.RealtimeKit1' unit='rtkit-daemon.service'
203  May  9 21:16:00 ubuntu dbus[923]: [system] Activating via systemd: service name='org.freedesktop.PolicyKit1' unit='polkitd.service'
045  May  9 19:33:08 ubuntu dbus[923]: [system] Activating via systemd: service name='org.freedesktop.locale1' unit='dbus-org.freedesktop.locale1.service'
2438  May 11 09:11:07 ubuntu dbus[902]: [system] Activating via systemd: service name='org.freedesktop.locale1' unit='dbus-org.freedesktop.locale1.service'
254  May  9 21:16:00 ubuntu systemd[1]: Stopping D-Bus System Message Bus...
255  May  9 21:16:00 ubuntu systemd[1]: Stopped D-Bus System Message Bus.
1129  May 11 09:10:46 ubuntu kernel: [    0.228631] ACPI: Added _OSI(Linux-HPI-Hybrid-Graphics)
1128  May 11 09:10:46 ubuntu kernel: [    0.228630] ACPI: Added _OSI(Linux-Lenovo-NV-HDMI-Audio)
1127  May 11 09:10:46 ubuntu kernel: [    0.228629] ACPI: Added _OSI(Linux-Dell-Video)
559  May 11 09:10:46 ubuntu systemd[1]: Started D-Bus System Message Bus.
1027  May 11 09:10:46 ubuntu kernel: [    0.004000] console [tty0] enabled
703  May 11 09:10:46 ubuntu VGAuthService[917]: ** Message: INIT SERVICE
729  May 11 09:10:46 ubuntu thermald[927]: NO RAPL sysfs present
005  May  9 19:17:19 ubuntu systemd-tmpfiles[2012]: [/usr/lib/tmpfiles.d/var.conf:14] Duplicate line for path "/var/log", ignoring.
368  May 11 09:10:46 ubuntu systemd-tmpfiles[504]: [/usr/lib/tmpfiles.d/var.conf:14] Duplicate line for path "/var/log", ignoring.
2309  May 11 09:10:47 ubuntu dhclient[1077]: bound to 192.168.0.115 -- renewal in 34540 seconds.
571  May 11 09:10:46 ubuntu anacron[901]: Will run job `cron.daily' in 5 min.
572  May 11 09:10:46 ubuntu anacron[901]: Will run job `cron.weekly' in 10 min.
573  May 11 09:10:46 ubuntu anacron[901]: Jobs will be executed sequentially
248  May  9 21:16:00 ubuntu systemd[1]: Stopped target Network.
249  May  9 21:16:00 ubuntu systemd[1]: Stopping Network Manager...
253  May  9 21:16:00 ubuntu systemd[1]: Stopped Network Manager.
396  May 11 09:10:46 ubuntu systemd[1]: Reached target System Initialization.
093  May  9 19:34:19 ubuntu AptDaemon: INFO: Initializing daemon
094  May  9 19:34:19 ubuntu org.debian.apt[923]: 19:34:19 AptDaemon [INFO]: Initializing daemon
321  May 11 09:10:46 ubuntu kernel: [    0.000000]   0 base 00000000000 mask 7C000000000 write-back
1076  May 11 09:10:46 ubuntu kernel: [    0.138473] ... event mask:             000000070000000f
159  May  9 21:16:00 ubuntu org.gnome.zeitgeist.SimpleIndexer[2126]: (zeitgeist-fts:2682): GLib-GIO-WARNING **: Error releasing name org.gnome.zeitgeist.SimpleIndexer: The connection is closed
173  May  9 21:16:00 ubuntu org.gnome.zeitgeist.Engine[2126]: (zeitgeist-daemon:2675): GLib-GIO-WARNING **: Error releasing name org.gnome.zeitgeist.Engine: The connection is closed
2487  May 11 09:11:19 ubuntu org.gnome.zeitgeist.Engine[1912]: Performing VACUUM operation... OK
713  May 11 09:10:46 ubuntu avahi-daemon[928]: Successfully dropped root privileges.
168  May  9 21:16:00 ubuntu systemd[2032]: Stopped target Sockets.
082  May  9 19:33:20 ubuntu systemd[1245]: Stopped target Sockets.
2209  May 11 09:10:47 ubuntu systemd[1]: Reached target Network.
161  May  9 21:16:00 ubuntu systemd[1]: Stopping Bluetooth service...
211  May  9 21:16:00 ubuntu systemd[1]: Stopped Bluetooth service.
617  May 11 09:10:46 ubuntu systemd[1]: Starting Network Manager...
2207  May 11 09:10:47 ubuntu systemd[1]: Started Network Manager.
654  May 11 09:10:46 ubuntu gpu-manager[937]: message repeated 4 times: [ /etc/modprobe.d is not a file]
158  May  9 21:16:00 ubuntu systemd[1]: Stopped target Bluetooth.
2393  May 11 09:10:53 ubuntu whoopsie[1432]: [09:10:53] Not a paid data plan: /org/freedesktop/NetworkManager/ActiveConnection/0
252  May  9 21:16:00 ubuntu NetworkManager[932]: <info>  [1589039160.3354] exiting (success)
2338  May 11 09:10:49 ubuntu avahi-daemon[928]: New relevant interface ens33.IPv6 for mDNS.
2306  May 11 09:10:47 ubuntu avahi-daemon[928]: New relevant interface ens33.IPv4 for mDNS.
1073  May 11 09:10:46 ubuntu kernel: [    0.138472] ... value mask:             0000ffffffffffff
2339  May 11 09:10:49 ubuntu avahi-daemon[928]: Registering new address record for fe80::e10b:671f:fe99:8ebf on ens33.*.
2307  May 11 09:10:47 ubuntu avahi-daemon[928]: Registering new address record for 192.168.0.115 on ens33.IPv4.
013  May  9 19:33:00 ubuntu systemd[2032]: Reached target Sockets.
2331  May 11 09:10:48 ubuntu systemd[1227]: Reached target Sockets.
2402  May 11 09:10:59 ubuntu systemd[1784]: Reached target Sockets.
411  May 11 09:10:46 ubuntu systemd[1]: Reached target Sockets.
739  May 11 09:10:46 ubuntu avahi-daemon[928]: Network interface enumeration completed.
119  May  9 20:33:08 ubuntu org.gnome.evolution.dataserver.Sources5[2126]: ** (evolution-source-registry:2390): WARNING **: secret_service_search_sync: must specify at least one attribute to match
145  May  9 21:16:00 ubuntu VGAuthService[940]: ** Message: END SERVICE
691  May 11 09:10:46 ubuntu systemd[1]: Reached target Bluetooth.
640  May 11 09:10:46 ubuntu systemd[1]: Started Bluetooth service.
564  May 11 09:10:46 ubuntu systemd[1]: Starting Bluetooth service...
737  May 11 09:10:46 ubuntu thermald[927]: Polling mode is enabled: 4
547  May 11 09:10:46 ubuntu kernel: [    0.000000] found SMP MP-table at [mem 0x000f6a70-0x000f6a7f]
2142  May 11 09:10:46 ubuntu VGAuthService[917]: ** Message: BEGIN SERVICE
1425  May 11 09:10:46 ubuntu kernel: [    1.064419] NetLabel: Initializing
810  May 11 09:10:46 ubuntu kernel: [    0.000000] Zone ranges:
1415  May 11 09:10:46 ubuntu kernel: [    1.052318] vgaarb: loaded
707  May 11 09:10:46 ubuntu avahi-daemon[928]: Found user 'avahi' (UID 111) and group 'avahi' (GID 120).
716  May 11 09:10:46 ubuntu avahi-daemon[928]: Successfully dropped remaining capabilities.
561  May 11 09:10:46 ubuntu dbus[902]: [system] AppArmor D-Bus mediation is enabled
2391  May 11 09:10:52 ubuntu whoopsie[1432]: [09:10:52] Using lock path: /var/lock/whoopsie/lock
372  May 11 09:10:46 ubuntu apparmor[408]:  * Starting AppArmor profiles
2052  May 11 09:10:46 ubuntu kernel: [    3.693531] [drm]   Cursor.
2330  May 11 09:10:48 ubuntu systemd[1227]: Reached target Paths.
405  May 11 09:10:46 ubuntu systemd[1]: Reached target Paths.
2401  May 11 09:10:59 ubuntu systemd[1784]: Reached target Paths.
012  May  9 19:33:00 ubuntu systemd[2032]: Reached target Paths.
2284  May 11 09:10:47 ubuntu NetworkManager[924]: <info>  [1589168447.4806] ofono is now available
083  May  9 19:33:20 ubuntu systemd[1245]: Stopped target Paths.
169  May  9 21:16:00 ubuntu systemd[2032]: Stopped target Paths.
2315  May 11 09:10:47 ubuntu NetworkManager[924]: <info>  [1589168447.8718] dns-plugin[0xe0cd00]: starting dnsmasq...
2323  May 11 09:10:48 ubuntu nm-dispatcher: req:2 'up' [ens33]: start running ordered scripts...
2253  May 11 09:10:47 ubuntu nm-dispatcher: req:1 'hostname': start running ordered scripts...
2405  May 11 09:10:59 ubuntu systemd[1784]: Reached target Default.
2334  May 11 09:10:48 ubuntu systemd[1227]: Reached target Default.
015  May  9 19:33:00 ubuntu systemd[2032]: Reached target Default.
1936  May 11 09:10:46 ubuntu kernel: [    2.566915] pcie_pme 0000:00:16.6:pcie001: hash matches
2294  May 11 09:10:47 ubuntu dhclient[1077]: DHCPDISCOVER on ens33 to 255.255.255.255 port 67 interval 3 (xid=0x445fc81f)
165  May  9 21:16:00 ubuntu systemd[2032]: Stopped target Default.
080  May  9 19:33:20 ubuntu systemd[1245]: Stopped target Default.
544  May 11 09:10:46 ubuntu kernel: [    0.000000] please specify mtrr_gran_size/mtrr_chunk_size
2332  May 11 09:10:48 ubuntu systemd[1227]: Reached target Timers.
011  May  9 19:33:00 ubuntu systemd[2032]: Reached target Timers.
2403  May 11 09:10:59 ubuntu systemd[1784]: Reached target Timers.
409  May 11 09:10:46 ubuntu systemd[1]: Reached target Timers.
2446  May 11 09:11:07 ubuntu systemd[1]: Started Locale Service.
2439  May 11 09:11:07 ubuntu systemd[1]: Starting Locale Service...
048  May  9 19:33:08 ubuntu systemd[1]: Started Locale Service.
046  May  9 19:33:08 ubuntu systemd[1]: Starting Locale Service...
100  May  9 19:34:19 ubuntu AptDaemon: INFO: UpdateCache() was called
101  May  9 19:34:19 ubuntu org.debian.apt[923]: 19:34:19 AptDaemon [INFO]: UpdateCache() was called
2050  May 11 09:10:46 ubuntu kernel: [    3.693529] [drm] Capabilities:
1903  May 11 09:10:46 ubuntu kernel: [    2.490862] usb usb2: SerialNumber: 0000:02:00.0
2111  May 11 09:10:46 ubuntu kernel: [    3.828622] usb 2-2.1: SerialNumber: 000650268328
1887  May 11 09:10:46 ubuntu kernel: [    2.489445] usb usb1: SerialNumber: 0000:02:03.0
2063  May 11 09:10:46 ubuntu kernel: [    3.693535] [drm]   GMR.
2085  May 11 09:10:46 ubuntu kernel: [    3.696087] [drm] width 640
553  May 11 09:10:46 ubuntu kernel: [    0.000000] BRK [0x80995000, 0x80995fff] PGTABLE
552  May 11 09:10:46 ubuntu kernel: [    0.000000] BRK [0x80994000, 0x80994fff] PGTABLE
551  May 11 09:10:46 ubuntu kernel: [    0.000000] BRK [0x80993000, 0x80993fff] PGTABLE
550  May 11 09:10:46 ubuntu kernel: [    0.000000] BRK [0x80992000, 0x80992fff] PGTABLE
113  May  9 19:45:20 ubuntu AptDaemon: INFO: Quitting due to inactivity
115  May  9 19:45:20 ubuntu org.debian.apt[923]: 19:45:20 AptDaemon [INFO]: Quitting due to inactivity
208  May  9 21:16:00 ubuntu bluetoothd[957]: Stopping SDP server
167  May  9 21:16:00 ubuntu systemd[2032]: Stopped target Timers.
195  May  9 21:16:00 ubuntu systemd[1]: Stopped target Timers.
086  May  9 19:33:20 ubuntu systemd[1245]: Stopped target Timers.
2159  May 11 09:10:46 ubuntu kernel: [    5.155412] vmw_vmci 0000:00:07.7: Using capabilities 0x8000000c
2480  May 11 09:11:14 ubuntu systemd[1227]: Time has been changed
2479  May 11 09:11:14 ubuntu systemd[1]: Time has been changed
2478  May 11 09:11:14 ubuntu systemd[1784]: Time has been changed
1026  May 11 09:10:46 ubuntu kernel: [    0.004000] Console: colour VGA+ 80x25
543  May 11 09:10:46 ubuntu kernel: [    0.000000] mtrr_cleanup: can not find optimal value
1918  May 11 09:10:46 ubuntu kernel: [    2.540646] Segment Routing with IPv6
1679  May 11 09:10:46 ubuntu kernel: [    1.255791] pci_bus 0000:00: resource 8 [mem 0xc0000000-0xfebfffff window]
1678  May 11 09:10:46 ubuntu kernel: [    1.255791] pci_bus 0000:00: resource 7 [mem 0x000d8000-0x000dbfff window]
1677  May 11 09:10:46 ubuntu kernel: [    1.255790] pci_bus 0000:00: resource 6 [mem 0x000d4000-0x000d7fff window]
1676  May 11 09:10:46 ubuntu kernel: [    1.255790] pci_bus 0000:00: resource 5 [mem 0x000d0000-0x000d3fff window]
1675  May 11 09:10:46 ubuntu kernel: [    1.255789] pci_bus 0000:00: resource 4 [mem 0x000a0000-0x000bffff window]
1685  May 11 09:10:46 ubuntu kernel: [    1.255808] pci_bus 0000:02: resource 4 [mem 0x000a0000-0x000bffff window]
1686  May 11 09:10:46 ubuntu kernel: [    1.255808] pci_bus 0000:02: resource 5 [mem 0x000d0000-0x000d3fff window]
1687  May 11 09:10:46 ubuntu kernel: [    1.255809] pci_bus 0000:02: resource 6 [mem 0x000d4000-0x000d7fff window]
1688  May 11 09:10:46 ubuntu kernel: [    1.255809] pci_bus 0000:02: resource 7 [mem 0x000d8000-0x000dbfff window]
1689  May 11 09:10:46 ubuntu kernel: [    1.255810] pci_bus 0000:02: resource 8 [mem 0xc0000000-0xfebfffff window]
1680  May 11 09:10:46 ubuntu kernel: [    1.255805] pci_bus 0000:00: resource 9 [io  0x0000-0x0cf7 window]
1690  May 11 09:10:46 ubuntu kernel: [    1.255810] pci_bus 0000:02: resource 9 [io  0x0000-0x0cf7 window]
1691  May 11 09:10:46 ubuntu kernel: [    1.255811] pci_bus 0000:02: resource 10 [io  0x0d00-0xfeff window]
1681  May 11 09:10:46 ubuntu kernel: [    1.255805] pci_bus 0000:00: resource 10 [io  0x0d00-0xfeff window]
148  May  9 21:16:00 ubuntu systemd[1]: Stopping Disk Manager...
220  May  9 21:16:00 ubuntu systemd[1]: Stopped Disk Manager.
057  May  9 19:33:09 ubuntu udisksd[2473]: Acquired the name org.freedesktop.UDisks2 on the system message bus
2454  May 11 09:11:08 ubuntu udisksd[2280]: Acquired the name org.freedesktop.UDisks2 on the system message bus
2201  May 11 09:10:46 ubuntu NetworkManager[924]: <info>  [1589168446.9116] Read config: /etc/NetworkManager/NetworkManager.conf (etc: default-wifi-powersave-on.conf)
532  May 11 09:10:46 ubuntu kernel: [    0.000000]  gran_size: 128M 	chunk_size: 2G 	num_reg: 8  	lose cover RAM: 0G
542  May 11 09:10:46 ubuntu kernel: [    0.000000]  gran_size: 2G 	chunk_size: 2G 	num_reg: 7  	lose cover RAM: 1G
541  May 11 09:10:46 ubuntu kernel: [    0.000000]  gran_size: 1G 	chunk_size: 2G 	num_reg: 8  	lose cover RAM: 0G
540  May 11 09:10:46 ubuntu kernel: [    0.000000]  gran_size: 1G 	chunk_size: 1G 	num_reg: 8  	lose cover RAM: 0G
539  May 11 09:10:46 ubuntu kernel: [    0.000000]  gran_size: 512M 	chunk_size: 2G 	num_reg: 8  	lose cover RAM: 0G
538  May 11 09:10:46 ubuntu kernel: [    0.000000]  gran_size: 512M 	chunk_size: 1G 	num_reg: 8  	lose cover RAM: 0G
537  May 11 09:10:46 ubuntu kernel: [    0.000000]  gran_size: 512M 	chunk_size: 512M 	num_reg: 8  	lose cover RAM: 0G
536  May 11 09:10:46 ubuntu kernel: [    0.000000]  gran_size: 256M 	chunk_size: 2G 	num_reg: 8  	lose cover RAM: 0G
535  May 11 09:10:46 ubuntu kernel: [    0.000000]  gran_size: 256M 	chunk_size: 1G 	num_reg: 8  	lose cover RAM: 0G
534  May 11 09:10:46 ubuntu kernel: [    0.000000]  gran_size: 256M 	chunk_size: 512M 	num_reg: 8  	lose cover RAM: 0G
533  May 11 09:10:46 ubuntu kernel: [    0.000000]  gran_size: 256M 	chunk_size: 256M 	num_reg: 8  	lose cover RAM: 0G
495  May 11 09:10:46 ubuntu kernel: [    0.000000]  gran_size: 4M 	chunk_size: 512M 	num_reg: 8  	lose cover RAM: 0G
531  May 11 09:10:46 ubuntu kernel: [    0.000000]  gran_size: 128M 	chunk_size: 1G 	num_reg: 8  	lose cover RAM: 0G
454  May 11 09:10:46 ubuntu kernel: [    0.000000]  gran_size: 512K 	chunk_size: 2M 	num_reg: 8  	lose cover RAM: 0G
440  May 11 09:10:46 ubuntu kernel: [    0.000000]  gran_size: 256K 	chunk_size: 1M 	num_reg: 8  	lose cover RAM: 0G
441  May 11 09:10:46 ubuntu kernel: [    0.000000]  gran_size: 256K 	chunk_size: 2M 	num_reg: 8  	lose cover RAM: 0G
442  May 11 09:10:46 ubuntu kernel: [    0.000000]  gran_size: 256K 	chunk_size: 4M 	num_reg: 8  	lose cover RAM: 0G
443  May 11 09:10:46 ubuntu kernel: [    0.000000]  gran_size: 256K 	chunk_size: 8M 	num_reg: 8  	lose cover RAM: 0G
444  May 11 09:10:46 ubuntu kernel: [    0.000000]  gran_size: 256K 	chunk_size: 16M 	num_reg: 8  	lose cover RAM: 0G
445  May 11 09:10:46 ubuntu kernel: [    0.000000]  gran_size: 256K 	chunk_size: 32M 	num_reg: 8  	lose cover RAM: 0G
446  May 11 09:10:46 ubuntu kernel: [    0.000000]  gran_size: 256K 	chunk_size: 64M 	num_reg: 8  	lose cover RAM: 0G
447  May 11 09:10:46 ubuntu kernel: [    0.000000]  gran_size: 256K 	chunk_size: 128M 	num_reg: 8  	lose cover RAM: 0G
448  May 11 09:10:46 ubuntu kernel: [    0.000000]  gran_size: 256K 	chunk_size: 256M 	num_reg: 8  	lose cover RAM: 0G
449  May 11 09:10:46 ubuntu kernel: [    0.000000]  gran_size: 256K 	chunk_size: 512M 	num_reg: 8  	lose cover RAM: 0G
450  May 11 09:10:46 ubuntu kernel: [    0.000000]  gran_size: 256K 	chunk_size: 1G 	num_reg: 8  	lose cover RAM: 0G
451  May 11 09:10:46 ubuntu kernel: [    0.000000]  gran_size: 256K 	chunk_size: 2G 	num_reg: 8  	lose cover RAM: 0G
452  May 11 09:10:46 ubuntu kernel: [    0.000000]  gran_size: 512K 	chunk_size: 512K 	num_reg: 8  	lose cover RAM: 0G
453  May 11 09:10:46 ubuntu kernel: [    0.000000]  gran_size: 512K 	chunk_size: 1M 	num_reg: 8  	lose cover RAM: 0G
455  May 11 09:10:46 ubuntu kernel: [    0.000000]  gran_size: 512K 	chunk_size: 4M 	num_reg: 8  	lose cover RAM: 0G
438  May 11 09:10:46 ubuntu kernel: [    0.000000]  gran_size: 256K 	chunk_size: 256K 	num_reg: 8  	lose cover RAM: 0G
456  May 11 09:10:46 ubuntu kernel: [    0.000000]  gran_size: 512K 	chunk_size: 8M 	num_reg: 8  	lose cover RAM: 0G
457  May 11 09:10:46 ubuntu kernel: [    0.000000]  gran_size: 512K 	chunk_size: 16M 	num_reg: 8  	lose cover RAM: 0G
458  May 11 09:10:46 ubuntu kernel: [    0.000000]  gran_size: 512K 	chunk_size: 32M 	num_reg: 8  	lose cover RAM: 0G
459  May 11 09:10:46 ubuntu kernel: [    0.000000]  gran_size: 512K 	chunk_size: 64M 	num_reg: 8  	lose cover RAM: 0G
460  May 11 09:10:46 ubuntu kernel: [    0.000000]  gran_size: 512K 	chunk_size: 128M 	num_reg: 8  	lose cover RAM: 0G
461  May 11 09:10:46 ubuntu kernel: [    0.000000]  gran_size: 512K 	chunk_size: 256M 	num_reg: 8  	lose cover RAM: 0G
462  May 11 09:10:46 ubuntu kernel: [    0.000000]  gran_size: 512K 	chunk_size: 512M 	num_reg: 8  	lose cover RAM: 0G
463  May 11 09:10:46 ubuntu kernel: [    0.000000]  gran_size: 512K 	chunk_size: 1G 	num_reg: 8  	lose cover RAM: 0G
464  May 11 09:10:46 ubuntu kernel: [    0.000000]  gran_size: 512K 	chunk_size: 2G 	num_reg: 8  	lose cover RAM: 0G
465  May 11 09:10:46 ubuntu kernel: [    0.000000]  gran_size: 1M 	chunk_size: 1M 	num_reg: 8  	lose cover RAM: 0G
466  May 11 09:10:46 ubuntu kernel: [    0.000000]  gran_size: 1M 	chunk_size: 2M 	num_reg: 8  	lose cover RAM: 0G
467  May 11 09:10:46 ubuntu kernel: [    0.000000]  gran_size: 1M 	chunk_size: 4M 	num_reg: 8  	lose cover RAM: 0G
468  May 11 09:10:46 ubuntu kernel: [    0.000000]  gran_size: 1M 	chunk_size: 8M 	num_reg: 8  	lose cover RAM: 0G
469  May 11 09:10:46 ubuntu kernel: [    0.000000]  gran_size: 1M 	chunk_size: 16M 	num_reg: 8  	lose cover RAM: 0G
439  May 11 09:10:46 ubuntu kernel: [    0.000000]  gran_size: 256K 	chunk_size: 512K 	num_reg: 8  	lose cover RAM: 0G
437  May 11 09:10:46 ubuntu kernel: [    0.000000]  gran_size: 128K 	chunk_size: 2G 	num_reg: 8  	lose cover RAM: 0G
471  May 11 09:10:46 ubuntu kernel: [    0.000000]  gran_size: 1M 	chunk_size: 64M 	num_reg: 8  	lose cover RAM: 0G
421  May 11 09:10:46 ubuntu kernel: [    0.000000]  gran_size: 64K 	chunk_size: 1G 	num_reg: 8  	lose cover RAM: 0G
336  May 11 09:10:46 ubuntu kernel: [    0.000000]  gran_size: 64K 	chunk_size: 64K 	num_reg: 8  	lose cover RAM: 0G
337  May 11 09:10:46 ubuntu kernel: [    0.000000]  gran_size: 64K 	chunk_size: 128K 	num_reg: 8  	lose cover RAM: 0G
338  May 11 09:10:46 ubuntu kernel: [    0.000000]  gran_size: 64K 	chunk_size: 256K 	num_reg: 8  	lose cover RAM: 0G
339  May 11 09:10:46 ubuntu kernel: [    0.000000]  gran_size: 64K 	chunk_size: 512K 	num_reg: 8  	lose cover RAM: 0G
340  May 11 09:10:46 ubuntu kernel: [    0.000000]  gran_size: 64K 	chunk_size: 1M 	num_reg: 8  	lose cover RAM: 0G
412  May 11 09:10:46 ubuntu kernel: [    0.000000]  gran_size: 64K 	chunk_size: 2M 	num_reg: 8  	lose cover RAM: 0G
413  May 11 09:10:46 ubuntu kernel: [    0.000000]  gran_size: 64K 	chunk_size: 4M 	num_reg: 8  	lose cover RAM: 0G
414  May 11 09:10:46 ubuntu kernel: [    0.000000]  gran_size: 64K 	chunk_size: 8M 	num_reg: 8  	lose cover RAM: 0G
415  May 11 09:10:46 ubuntu kernel: [    0.000000]  gran_size: 64K 	chunk_size: 16M 	num_reg: 8  	lose cover RAM: 0G
416  May 11 09:10:46 ubuntu kernel: [    0.000000]  gran_size: 64K 	chunk_size: 32M 	num_reg: 8  	lose cover RAM: 0G
417  May 11 09:10:46 ubuntu kernel: [    0.000000]  gran_size: 64K 	chunk_size: 64M 	num_reg: 8  	lose cover RAM: 0G
418  May 11 09:10:46 ubuntu kernel: [    0.000000]  gran_size: 64K 	chunk_size: 128M 	num_reg: 8  	lose cover RAM: 0G
419  May 11 09:10:46 ubuntu kernel: [    0.000000]  gran_size: 64K 	chunk_size: 256M 	num_reg: 8  	lose cover RAM: 0G
420  May 11 09:10:46 ubuntu kernel: [    0.000000]  gran_size: 64K 	chunk_size: 512M 	num_reg: 8  	lose cover RAM: 0G
422  May 11 09:10:46 ubuntu kernel: [    0.000000]  gran_size: 64K 	chunk_size: 2G 	num_reg: 8  	lose cover RAM: 0G
436  May 11 09:10:46 ubuntu kernel: [    0.000000]  gran_size: 128K 	chunk_size: 1G 	num_reg: 8  	lose cover RAM: 0G
423  May 11 09:10:46 ubuntu kernel: [    0.000000]  gran_size: 128K 	chunk_size: 128K 	num_reg: 8  	lose cover RAM: 0G
424  May 11 09:10:46 ubuntu kernel: [    0.000000]  gran_size: 128K 	chunk_size: 256K 	num_reg: 8  	lose cover RAM: 0G
425  May 11 09:10:46 ubuntu kernel: [    0.000000]  gran_size: 128K 	chunk_size: 512K 	num_reg: 8  	lose cover RAM: 0G
426  May 11 09:10:46 ubuntu kernel: [    0.000000]  gran_size: 128K 	chunk_size: 1M 	num_reg: 8  	lose cover RAM: 0G
530  May 11 09:10:46 ubuntu kernel: [    0.000000]  gran_size: 128M 	chunk_size: 512M 	num_reg: 8  	lose cover RAM: 0G
427  May 11 09:10:46 ubuntu kernel: [    0.000000]  gran_size: 128K 	chunk_size: 2M 	num_reg: 8  	lose cover RAM: 0G
428  May 11 09:10:46 ubuntu kernel: [    0.000000]  gran_size: 128K 	chunk_size: 4M 	num_reg: 8  	lose cover RAM: 0G
429  May 11 09:10:46 ubuntu kernel: [    0.000000]  gran_size: 128K 	chunk_size: 8M 	num_reg: 8  	lose cover RAM: 0G
430  May 11 09:10:46 ubuntu kernel: [    0.000000]  gran_size: 128K 	chunk_size: 16M 	num_reg: 8  	lose cover RAM: 0G
431  May 11 09:10:46 ubuntu kernel: [    0.000000]  gran_size: 128K 	chunk_size: 32M 	num_reg: 8  	lose cover RAM: 0G
432  May 11 09:10:46 ubuntu kernel: [    0.000000]  gran_size: 128K 	chunk_size: 64M 	num_reg: 8  	lose cover RAM: 0G
433  May 11 09:10:46 ubuntu kernel: [    0.000000]  gran_size: 128K 	chunk_size: 128M 	num_reg: 8  	lose cover RAM: 0G
434  May 11 09:10:46 ubuntu kernel: [    0.000000]  gran_size: 128K 	chunk_size: 256M 	num_reg: 8  	lose cover RAM: 0G
435  May 11 09:10:46 ubuntu kernel: [    0.000000]  gran_size: 128K 	chunk_size: 512M 	num_reg: 8  	lose cover RAM: 0G
470  May 11 09:10:46 ubuntu kernel: [    0.000000]  gran_size: 1M 	chunk_size: 32M 	num_reg: 8  	lose cover RAM: 0G
478  May 11 09:10:46 ubuntu kernel: [    0.000000]  gran_size: 2M 	chunk_size: 4M 	num_reg: 8  	lose cover RAM: 0G
472  May 11 09:10:46 ubuntu kernel: [    0.000000]  gran_size: 1M 	chunk_size: 128M 	num_reg: 8  	lose cover RAM: 0G
493  May 11 09:10:46 ubuntu kernel: [    0.000000]  gran_size: 4M 	chunk_size: 128M 	num_reg: 8  	lose cover RAM: 0G
509  May 11 09:10:46 ubuntu kernel: [    0.000000]  gran_size: 16M 	chunk_size: 64M 	num_reg: 8  	lose cover RAM: 0G
508  May 11 09:10:46 ubuntu kernel: [    0.000000]  gran_size: 16M 	chunk_size: 32M 	num_reg: 8  	lose cover RAM: 0G
529  May 11 09:10:46 ubuntu kernel: [    0.000000]  gran_size: 128M 	chunk_size: 256M 	num_reg: 8  	lose cover RAM: 0G
507  May 11 09:10:46 ubuntu kernel: [    0.000000]  gran_size: 16M 	chunk_size: 16M 	num_reg: 8  	lose cover RAM: 0G
506  May 11 09:10:46 ubuntu kernel: [    0.000000]  gran_size: 8M 	chunk_size: 2G 	num_reg: 8  	lose cover RAM: 0G
505  May 11 09:10:46 ubuntu kernel: [    0.000000]  gran_size: 8M 	chunk_size: 1G 	num_reg: 8  	lose cover RAM: 0G
504  May 11 09:10:46 ubuntu kernel: [    0.000000]  gran_size: 8M 	chunk_size: 512M 	num_reg: 8  	lose cover RAM: 0G
503  May 11 09:10:46 ubuntu kernel: [    0.000000]  gran_size: 8M 	chunk_size: 256M 	num_reg: 8  	lose cover RAM: 0G
502  May 11 09:10:46 ubuntu kernel: [    0.000000]  gran_size: 8M 	chunk_size: 128M 	num_reg: 8  	lose cover RAM: 0G
501  May 11 09:10:46 ubuntu kernel: [    0.000000]  gran_size: 8M 	chunk_size: 64M 	num_reg: 8  	lose cover RAM: 0G
500  May 11 09:10:46 ubuntu kernel: [    0.000000]  gran_size: 8M 	chunk_size: 32M 	num_reg: 8  	lose cover RAM: 0G
499  May 11 09:10:46 ubuntu kernel: [    0.000000]  gran_size: 8M 	chunk_size: 16M 	num_reg: 8  	lose cover RAM: 0G
521  May 11 09:10:46 ubuntu kernel: [    0.000000]  gran_size: 32M 	chunk_size: 2G 	num_reg: 8  	lose cover RAM: 0G
497  May 11 09:10:46 ubuntu kernel: [    0.000000]  gran_size: 4M 	chunk_size: 2G 	num_reg: 8  	lose cover RAM: 0G
496  May 11 09:10:46 ubuntu kernel: [    0.000000]  gran_size: 4M 	chunk_size: 1G 	num_reg: 8  	lose cover RAM: 0G
528  May 11 09:10:46 ubuntu kernel: [    0.000000]  gran_size: 128M 	chunk_size: 128M 	num_reg: 8  	lose cover RAM: 0G
527  May 11 09:10:46 ubuntu kernel: [    0.000000]  gran_size: 64M 	chunk_size: 2G 	num_reg: 8  	lose cover RAM: 0G
526  May 11 09:10:46 ubuntu kernel: [    0.000000]  gran_size: 64M 	chunk_size: 1G 	num_reg: 8  	lose cover RAM: 0G
516  May 11 09:10:46 ubuntu kernel: [    0.000000]  gran_size: 32M 	chunk_size: 64M 	num_reg: 8  	lose cover RAM: 0G
519  May 11 09:10:46 ubuntu kernel: [    0.000000]  gran_size: 32M 	chunk_size: 512M 	num_reg: 8  	lose cover RAM: 0G
522  May 11 09:10:46 ubuntu kernel: [    0.000000]  gran_size: 64M 	chunk_size: 64M 	num_reg: 8  	lose cover RAM: 0G
523  May 11 09:10:46 ubuntu kernel: [    0.000000]  gran_size: 64M 	chunk_size: 128M 	num_reg: 8  	lose cover RAM: 0G
524  May 11 09:10:46 ubuntu kernel: [    0.000000]  gran_size: 64M 	chunk_size: 256M 	num_reg: 8  	lose cover RAM: 0G
518  May 11 09:10:46 ubuntu kernel: [    0.000000]  gran_size: 32M 	chunk_size: 256M 	num_reg: 8  	lose cover RAM: 0G
517  May 11 09:10:46 ubuntu kernel: [    0.000000]  gran_size: 32M 	chunk_size: 128M 	num_reg: 8  	lose cover RAM: 0G
473  May 11 09:10:46 ubuntu kernel: [    0.000000]  gran_size: 1M 	chunk_size: 256M 	num_reg: 8  	lose cover RAM: 0G
510  May 11 09:10:46 ubuntu kernel: [    0.000000]  gran_size: 16M 	chunk_size: 128M 	num_reg: 8  	lose cover RAM: 0G
515  May 11 09:10:46 ubuntu kernel: [    0.000000]  gran_size: 32M 	chunk_size: 32M 	num_reg: 8  	lose cover RAM: 0G
514  May 11 09:10:46 ubuntu kernel: [    0.000000]  gran_size: 16M 	chunk_size: 2G 	num_reg: 8  	lose cover RAM: 0G
525  May 11 09:10:46 ubuntu kernel: [    0.000000]  gran_size: 64M 	chunk_size: 512M 	num_reg: 8  	lose cover RAM: 0G
513  May 11 09:10:46 ubuntu kernel: [    0.000000]  gran_size: 16M 	chunk_size: 1G 	num_reg: 8  	lose cover RAM: 0G
512  May 11 09:10:46 ubuntu kernel: [    0.000000]  gran_size: 16M 	chunk_size: 512M 	num_reg: 8  	lose cover RAM: 0G
511  May 11 09:10:46 ubuntu kernel: [    0.000000]  gran_size: 16M 	chunk_size: 256M 	num_reg: 8  	lose cover RAM: 0G
494  May 11 09:10:46 ubuntu kernel: [    0.000000]  gran_size: 4M 	chunk_size: 256M 	num_reg: 8  	lose cover RAM: 0G
498  May 11 09:10:46 ubuntu kernel: [    0.000000]  gran_size: 8M 	chunk_size: 8M 	num_reg: 8  	lose cover RAM: 0G
486  May 11 09:10:46 ubuntu kernel: [    0.000000]  gran_size: 2M 	chunk_size: 1G 	num_reg: 8  	lose cover RAM: 0G
489  May 11 09:10:46 ubuntu kernel: [    0.000000]  gran_size: 4M 	chunk_size: 8M 	num_reg: 8  	lose cover RAM: 0G
474  May 11 09:10:46 ubuntu kernel: [    0.000000]  gran_size: 1M 	chunk_size: 512M 	num_reg: 8  	lose cover RAM: 0G
475  May 11 09:10:46 ubuntu kernel: [    0.000000]  gran_size: 1M 	chunk_size: 1G 	num_reg: 8  	lose cover RAM: 0G
476  May 11 09:10:46 ubuntu kernel: [    0.000000]  gran_size: 1M 	chunk_size: 2G 	num_reg: 8  	lose cover RAM: 0G
477  May 11 09:10:46 ubuntu kernel: [    0.000000]  gran_size: 2M 	chunk_size: 2M 	num_reg: 8  	lose cover RAM: 0G
479  May 11 09:10:46 ubuntu kernel: [    0.000000]  gran_size: 2M 	chunk_size: 8M 	num_reg: 8  	lose cover RAM: 0G
480  May 11 09:10:46 ubuntu kernel: [    0.000000]  gran_size: 2M 	chunk_size: 16M 	num_reg: 8  	lose cover RAM: 0G
481  May 11 09:10:46 ubuntu kernel: [    0.000000]  gran_size: 2M 	chunk_size: 32M 	num_reg: 8  	lose cover RAM: 0G
482  May 11 09:10:46 ubuntu kernel: [    0.000000]  gran_size: 2M 	chunk_size: 64M 	num_reg: 8  	lose cover RAM: 0G
483  May 11 09:10:46 ubuntu kernel: [    0.000000]  gran_size: 2M 	chunk_size: 128M 	num_reg: 8  	lose cover RAM: 0G
484  May 11 09:10:46 ubuntu kernel: [    0.000000]  gran_size: 2M 	chunk_size: 256M 	num_reg: 8  	lose cover RAM: 0G
485  May 11 09:10:46 ubuntu kernel: [    0.000000]  gran_size: 2M 	chunk_size: 512M 	num_reg: 8  	lose cover RAM: 0G
487  May 11 09:10:46 ubuntu kernel: [    0.000000]  gran_size: 2M 	chunk_size: 2G 	num_reg: 8  	lose cover RAM: 0G
488  May 11 09:10:46 ubuntu kernel: [    0.000000]  gran_size: 4M 	chunk_size: 4M 	num_reg: 8  	lose cover RAM: 0G
520  May 11 09:10:46 ubuntu kernel: [    0.000000]  gran_size: 32M 	chunk_size: 1G 	num_reg: 8  	lose cover RAM: 0G
491  May 11 09:10:46 ubuntu kernel: [    0.000000]  gran_size: 4M 	chunk_size: 32M 	num_reg: 8  	lose cover RAM: 0G
492  May 11 09:10:46 ubuntu kernel: [    0.000000]  gran_size: 4M 	chunk_size: 64M 	num_reg: 8  	lose cover RAM: 0G
490  May 11 09:10:46 ubuntu kernel: [    0.000000]  gran_size: 4M 	chunk_size: 16M 	num_reg: 8  	lose cover RAM: 0G
2404  May 11 09:10:59 ubuntu systemd[1784]: Reached target Basic System.
556  May 11 09:10:46 ubuntu systemd[1]: Reached target Basic System.
2333  May 11 09:10:48 ubuntu systemd[1227]: Reached target Basic System.
014  May  9 19:33:00 ubuntu systemd[2032]: Reached target Basic System.
2055  May 11 09:10:46 ubuntu kernel: [    3.693532] [drm]   8bit emulation.
583  May 11 09:10:46 ubuntu bluetoothd[904]: Starting SDP server
2242  May 11 09:10:47 ubuntu NetworkManager[924]: <info>  [1589168447.2930] SettingsPlugin-Ofono: (14805120) connections count: 0
277  May 11 09:10:46 ubuntu kernel: [    0.000000]   Intel GenuineIntel
1865  May 11 09:10:46 ubuntu kernel: [    2.437900] agpgart-intel 0000:00:00.0: Intel 440BX Chipset
1935  May 11 09:10:46 ubuntu kernel: [    2.566863]   Magic number: 4:268:664
2220  May 11 09:10:47 ubuntu snapd[935]: daemon.go:379: started snapd/2.37.4ubuntu0.1 (series 16; classic) ubuntu/16.04 (amd64) linux/4.15.0-99-generic.
061  May  9 19:33:09 ubuntu snapd[2504]: daemon.go:379: started snapd/2.37.4ubuntu0.1 (series 16; classic) ubuntu/16.04 (amd64) linux/4.15.0-99-generic.
2459  May 11 09:11:08 ubuntu snapd[2308]: daemon.go:379: started snapd/2.37.4ubuntu0.1 (series 16; classic) ubuntu/16.04 (amd64) linux/4.15.0-99-generic.
297  May 11 09:10:46 ubuntu kernel: [    0.000000] BIOS-e820: [mem 0x00000000bff00000-0x00000000bfffffff] usable
302  May 11 09:10:46 ubuntu kernel: [    0.000000] BIOS-e820: [mem 0x0000000100000000-0x000000023fffffff] usable
291  May 11 09:10:46 ubuntu kernel: [    0.000000] BIOS-e820: [mem 0x0000000000000000-0x000000000009e7ff] usable
294  May 11 09:10:46 ubuntu kernel: [    0.000000] BIOS-e820: [mem 0x0000000000100000-0x00000000bfecffff] usable
1046  May 11 09:10:46 ubuntu kernel: [    0.018169] pid_max: default: 131072 minimum: 1024
242  May  9 21:16:00 ubuntu systemd[1]: Stopped CUPS Scheduler.
230  May  9 21:16:00 ubuntu systemd[1]: Stopping CUPS Scheduler...
084  May  9 19:33:20 ubuntu systemd[1245]: Reached target Shutdown.
163  May  9 21:16:00 ubuntu systemd[2032]: Reached target Shutdown.
398  May 11 09:10:46 ubuntu systemd[1]: Listening on CUPS Scheduler.
1881  May 11 09:10:46 ubuntu kernel: [    2.472533] ehci-pci 0000:02:03.0: irq 17, io mem 0xfd5ef000
2451  May 11 09:11:08 ubuntu systemd[1]: Starting Disk Manager...
053  May  9 19:33:09 ubuntu systemd[1]: Starting Disk Manager...
056  May  9 19:33:09 ubuntu systemd[1]: Started Disk Manager.
2455  May 11 09:11:08 ubuntu systemd[1]: Started Disk Manager.
2224  May 11 09:10:47 ubuntu systemd[1]: Started Snappy daemon.
629  May 11 09:10:46 ubuntu systemd[1]: Starting Snappy daemon...
062  May  9 19:33:10 ubuntu systemd[1]: Started Snappy daemon.
058  May  9 19:33:09 ubuntu systemd[1]: Starting Snappy daemon...
2460  May 11 09:11:08 ubuntu systemd[1]: Started Snappy daemon.
2456  May 11 09:11:08 ubuntu systemd[1]: Starting Snappy daemon...
166  May  9 21:16:00 ubuntu systemd[2032]: Stopped target Basic System.
081  May  9 19:33:20 ubuntu systemd[1245]: Stopped target Basic System.
304  May 11 09:10:46 ubuntu kernel: [    0.000000] SMBIOS 2.7 present.
1071  May 11 09:10:46 ubuntu kernel: [    0.138470] ... bit width:              48
1684  May 11 09:10:46 ubuntu kernel: [    1.255807] pci_bus 0000:02: resource 2 [mem 0xe7b00000-0xe7ffffff 64bit pref]
1694  May 11 09:10:46 ubuntu kernel: [    1.255813] pci_bus 0000:03: resource 2 [mem 0xe7a00000-0xe7afffff 64bit pref]
1697  May 11 09:10:46 ubuntu kernel: [    1.255814] pci_bus 0000:04: resource 2 [mem 0xe7600000-0xe76fffff 64bit pref]
1716  May 11 09:10:46 ubuntu kernel: [    1.255825] pci_bus 0000:0c: resource 2 [mem 0xe7500000-0xe75fffff 64bit pref]
1700  May 11 09:10:46 ubuntu kernel: [    1.255816] pci_bus 0000:05: resource 2 [mem 0xe7200000-0xe72fffff 64bit pref]
1756  May 11 09:10:46 ubuntu kernel: [    1.255845] pci_bus 0000:1d: resource 2 [mem 0xe6f00000-0xe6ffffff 64bit pref]
1721  May 11 09:10:46 ubuntu kernel: [    1.255827] pci_bus 0000:0e: resource 2 [mem 0xe6d00000-0xe6dfffff 64bit pref]
1723  May 11 09:10:46 ubuntu kernel: [    1.255828] pci_bus 0000:0f: resource 2 [mem 0xe6900000-0xe69fffff 64bit pref]
1725  May 11 09:10:46 ubuntu kernel: [    1.255829] pci_bus 0000:10: resource 2 [mem 0xe6500000-0xe65fffff 64bit pref]
1766  May 11 09:10:46 ubuntu kernel: [    1.255851] pci_bus 0000:22: resource 2 [mem 0xe5b00000-0xe5bfffff 64bit pref]
1764  May 11 09:10:46 ubuntu kernel: [    1.255850] pci_bus 0000:21: resource 2 [mem 0xe5f00000-0xe5ffffff 64bit pref]
1762  May 11 09:10:46 ubuntu kernel: [    1.255849] pci_bus 0000:20: resource 2 [mem 0xe6300000-0xe63fffff 64bit pref]
1760  May 11 09:10:46 ubuntu kernel: [    1.255848] pci_bus 0000:1f: resource 2 [mem 0xe6700000-0xe67fffff 64bit pref]
1729  May 11 09:10:46 ubuntu kernel: [    1.255832] pci_bus 0000:12: resource 2 [mem 0xe5d00000-0xe5dfffff 64bit pref]
1758  May 11 09:10:46 ubuntu kernel: [    1.255847] pci_bus 0000:1e: resource 2 [mem 0xe6b00000-0xe6bfffff 64bit pref]
1754  May 11 09:10:46 ubuntu kernel: [    1.255844] pci_bus 0000:1c: resource 2 [mem 0xe7300000-0xe73fffff 64bit pref]
1713  May 11 09:10:46 ubuntu kernel: [    1.255823] pci_bus 0000:0b: resource 2 [mem 0xe7900000-0xe79fffff 64bit pref]
1751  May 11 09:10:46 ubuntu kernel: [    1.255843] pci_bus 0000:1b: resource 2 [mem 0xe7700000-0xe77fffff 64bit pref]
1748  May 11 09:10:46 ubuntu kernel: [    1.255841] pci_bus 0000:1a: resource 2 [mem 0xe5c00000-0xe5cfffff 64bit pref]
1746  May 11 09:10:46 ubuntu kernel: [    1.255840] pci_bus 0000:19: resource 2 [mem 0xe6000000-0xe60fffff 64bit pref]
1744  May 11 09:10:46 ubuntu kernel: [    1.255839] pci_bus 0000:18: resource 2 [mem 0xe6400000-0xe64fffff 64bit pref]
1742  May 11 09:10:46 ubuntu kernel: [    1.255838] pci_bus 0000:17: resource 2 [mem 0xe6800000-0xe68fffff 64bit pref]
1702  May 11 09:10:46 ubuntu kernel: [    1.255817] pci_bus 0000:06: resource 2 [mem 0xe6e00000-0xe6efffff 64bit pref]
1740  May 11 09:10:46 ubuntu kernel: [    1.255837] pci_bus 0000:16: resource 2 [mem 0xe6c00000-0xe6cfffff 64bit pref]
1738  May 11 09:10:46 ubuntu kernel: [    1.255836] pci_bus 0000:15: resource 2 [mem 0xe7000000-0xe70fffff 64bit pref]
1735  May 11 09:10:46 ubuntu kernel: [    1.255835] pci_bus 0000:14: resource 2 [mem 0xe7400000-0xe74fffff 64bit pref]
1719  May 11 09:10:46 ubuntu kernel: [    1.255826] pci_bus 0000:0d: resource 2 [mem 0xe7100000-0xe71fffff 64bit pref]
1727  May 11 09:10:46 ubuntu kernel: [    1.255830] pci_bus 0000:11: resource 2 [mem 0xe6100000-0xe61fffff 64bit pref]
1708  May 11 09:10:46 ubuntu kernel: [    1.255820] pci_bus 0000:09: resource 2 [mem 0xe6200000-0xe62fffff 64bit pref]
1710  May 11 09:10:46 ubuntu kernel: [    1.255822] pci_bus 0000:0a: resource 2 [mem 0xe5e00000-0xe5efffff 64bit pref]
1704  May 11 09:10:46 ubuntu kernel: [    1.255818] pci_bus 0000:07: resource 2 [mem 0xe6a00000-0xe6afffff 64bit pref]
1706  May 11 09:10:46 ubuntu kernel: [    1.255819] pci_bus 0000:08: resource 2 [mem 0xe6600000-0xe66fffff 64bit pref]
1732  May 11 09:10:46 ubuntu kernel: [    1.255833] pci_bus 0000:13: resource 2 [mem 0xe7800000-0xe78fffff 64bit pref]
262  May  9 21:16:02 ubuntu systemd[1]: Stopping Login Service...
266  May  9 21:16:02 ubuntu systemd[1]: Stopped Login Service.
2179  May 11 09:10:46 ubuntu kernel: [    5.620976] AVX2 version of gcm_enc/dec engaged.
1913  May 11 09:10:46 ubuntu kernel: [    2.515199] device-mapper: uevent: version 1.0.3
1915  May 11 09:10:46 ubuntu kernel: [    2.515660] device-mapper: ioctl: 4.37.0-ioctl (2017-09-20) initialised: dm-devel@redhat.com
395  May 11 09:10:46 ubuntu systemd[1]: Reached target Swap.
2275  May 11 09:10:47 ubuntu NetworkManager[924]: nm_device_get_device_type: assertion 'NM_IS_DEVICE (self)' failed
811  May 11 09:10:46 ubuntu kernel: [    0.000000]   DMA      [mem 0x0000000000001000-0x0000000000ffffff]
1094  May 11 09:10:46 ubuntu kernel: [    0.190002] devtmpfs: initialized
1925  May 11 09:10:46 ubuntu kernel: [    2.545542] Loading compiled-in X.509 certificates
1785  May 11 09:10:46 ubuntu kernel: [    2.360730] zbud: loaded
1866  May 11 09:10:46 ubuntu kernel: [    2.439819] agpgart-intel 0000:00:00.0: AGP aperture is 256M @ 0x0
279  May 11 09:10:46 ubuntu kernel: [    0.000000]   Centaur CentaurHauls
278  May 11 09:10:46 ubuntu kernel: [    0.000000]   AMD AuthenticAMD
1923  May 11 09:10:46 ubuntu kernel: [    2.543432] sched_clock: Marking stable (2543148391, 0)->(4374048083, -1830899692)
989  May 11 09:10:46 ubuntu kernel: [    0.000000] percpu: Embedded 45 pages/cpu s147456 r8192 d28672 u262144
1777  May 11 09:10:46 ubuntu kernel: [    1.268098] Unpacking initramfs...
574  May 11 09:10:46 ubuntu systemd[1]: Started CUPS Scheduler.
404  May 11 09:10:46 ubuntu systemd[1]: Started CUPS Scheduler.
2302  May 11 09:10:47 ubuntu NetworkManager[924]: <info>  [1589168447.8630]   lease time 86400
2313  May 11 09:10:47 ubuntu NetworkManager[924]: <info>  [1589168447.8713] manager: NetworkManager state is now CONNECTED_GLOBAL
2312  May 11 09:10:47 ubuntu NetworkManager[924]: <info>  [1589168447.8694] manager: NetworkManager state is now CONNECTED_LOCAL
1429  May 11 09:10:46 ubuntu kernel: [    1.066420] hpet0: at MMIO 0xfed00000, IRQs 2, 8, 0, 0, 0, 0, 0, 0, 0, 0, 0, 0, 0, 0, 0, 0
2087  May 11 09:10:46 ubuntu kernel: [    3.696102] [drm] bpp 32
2086  May 11 09:10:46 ubuntu kernel: [    3.696095] [drm] height 480
1074  May 11 09:10:46 ubuntu kernel: [    0.138472] ... max period:             000000007fffffff
2064  May 11 09:10:46 ubuntu kernel: [    3.693536] [drm]   Traces.
2059  May 11 09:10:46 ubuntu kernel: [    3.693534] [drm]   Multimon.
2060  May 11 09:10:46 ubuntu kernel: [    3.693534] [drm]   Pitchlock.
557  May 11 09:10:46 ubuntu systemd[1]: Starting Login Service...
682  May 11 09:10:46 ubuntu systemd[1]: Started Login Service.
2301  May 11 09:10:47 ubuntu NetworkManager[924]: <info>  [1589168447.8630]   server identifier 192.168.0.1
268  May  9 21:16:04 ubuntu systemd[1]: Stopped The osquery Daemon.
201  May  9 21:16:00 ubuntu systemd[1]: Stopping The osquery Daemon...
814  May 11 09:10:46 ubuntu kernel: [    0.000000]   Device   empty
813  May 11 09:10:46 ubuntu kernel: [    0.000000]   Normal   [mem 0x0000000100000000-0x000000023fffffff]
205  May  9 21:16:00 ubuntu systemd[1]: Stopped Accounts Service.
156  May  9 21:16:00 ubuntu systemd[1]: Stopping Accounts Service...
379  May 11 09:10:46 ubuntu mtp-probe: bus: 2, device: 2 was not an MTP device
085  May  9 19:33:20 ubuntu systemd[1245]: Starting Exit the Session...
164  May  9 21:16:00 ubuntu systemd[2032]: Starting Exit the Session...
087  May  9 19:33:20 ubuntu systemd[1245]: Received SIGRTMIN+24 from PID 2633 (kill).
171  May  9 21:16:00 ubuntu systemd[2032]: Received SIGRTMIN+24 from PID 3382 (kill).
1942  May 11 09:10:46 ubuntu kernel: [    2.669777] Write protecting the kernel read-only data: 20480k
753  May 11 09:10:46 ubuntu systemd[1]: Starting The osquery Daemon...
2219  May 11 09:10:47 ubuntu systemd[1]: Started The osquery Daemon.
809  May 11 09:10:46 ubuntu kernel: [    0.000000] NODE_DATA(0) allocated [mem 0x23ffd3000-0x23fffdfff]
749  May 11 09:10:46 ubuntu systemd[1]: Started System Logging Service.
2198  May 11 09:10:46 ubuntu systemd[1]: Started Hostname Service.
2218  May 11 09:10:47 ubuntu systemd[1]: Started Accounts Service.
684  May 11 09:10:46 ubuntu systemd[1]: Starting Hostname Service...
630  May 11 09:10:46 ubuntu systemd[1]: Starting System Logging Service...
616  May 11 09:10:46 ubuntu systemd[1]: Starting Accounts Service...
371  May 11 09:10:46 ubuntu systemd[1]: Starting Update UTMP about System Boot/Shutdown...
375  May 11 09:10:46 ubuntu systemd[1]: Started Update UTMP about System Boot/Shutdown.
831  May 11 09:10:46 ubuntu kernel: [    0.000000] ACPI: PM-Timer IO Port: 0x1008
244  May  9 21:16:00 ubuntu systemd[1]: Stopped Avahi mDNS/DNS-SD Stack.
229  May  9 21:16:00 ubuntu systemd[1]: Stopping Avahi mDNS/DNS-SD Stack...
1025  May 11 09:10:46 ubuntu kernel: [    0.004000] NR_IRQS: 524544, nr_irqs: 1448, preallocated irqs: 16
345  May 11 09:10:46 ubuntu systemd[1]: Starting Load/Save Random Seed...
356  May 11 09:10:46 ubuntu systemd[1]: Started Load/Save Random Seed.
2200  May 11 09:10:46 ubuntu NetworkManager[924]: <info>  [1589168446.9106] NetworkManager (version 1.2.6) is starting...
1265  May 11 09:10:46 ubuntu kernel: [    0.875764] acpiphp: Slot [57] registered
1267  May 11 09:10:46 ubuntu kernel: [    0.875906] acpiphp: Slot [59] registered
1266  May 11 09:10:46 ubuntu kernel: [    0.875835] acpiphp: Slot [58] registered
1241  May 11 09:10:46 ubuntu kernel: [    0.873761] acpiphp: Slot [33] registered
1268  May 11 09:10:46 ubuntu kernel: [    0.876042] acpiphp: Slot [60] registered
1269  May 11 09:10:46 ubuntu kernel: [    0.876118] acpiphp: Slot [61] registered
1270  May 11 09:10:46 ubuntu kernel: [    0.876204] acpiphp: Slot [62] registered
1264  May 11 09:10:46 ubuntu kernel: [    0.875692] acpiphp: Slot [56] registered
1271  May 11 09:10:46 ubuntu kernel: [    0.876276] acpiphp: Slot [63] registered
1262  May 11 09:10:46 ubuntu kernel: [    0.875548] acpiphp: Slot [54] registered
1263  May 11 09:10:46 ubuntu kernel: [    0.875620] acpiphp: Slot [55] registered
1252  May 11 09:10:46 ubuntu kernel: [    0.874762] acpiphp: Slot [44] registered
1242  May 11 09:10:46 ubuntu kernel: [    0.873834] acpiphp: Slot [34] registered
1243  May 11 09:10:46 ubuntu kernel: [    0.873907] acpiphp: Slot [35] registered
1244  May 11 09:10:46 ubuntu kernel: [    0.874126] acpiphp: Slot [36] registered
1246  May 11 09:10:46 ubuntu kernel: [    0.874288] acpiphp: Slot [38] registered
1247  May 11 09:10:46 ubuntu kernel: [    0.874361] acpiphp: Slot [39] registered
1248  May 11 09:10:46 ubuntu kernel: [    0.874432] acpiphp: Slot [40] registered
1250  May 11 09:10:46 ubuntu kernel: [    0.874576] acpiphp: Slot [42] registered
1251  May 11 09:10:46 ubuntu kernel: [    0.874647] acpiphp: Slot [43] registered
1253  May 11 09:10:46 ubuntu kernel: [    0.874835] acpiphp: Slot [45] registered
1240  May 11 09:10:46 ubuntu kernel: [    0.873685] acpiphp: Slot [32] registered
1254  May 11 09:10:46 ubuntu kernel: [    0.874907] acpiphp: Slot [46] registered
1255  May 11 09:10:46 ubuntu kernel: [    0.874978] acpiphp: Slot [47] registered
1256  May 11 09:10:46 ubuntu kernel: [    0.875115] acpiphp: Slot [48] registered
1257  May 11 09:10:46 ubuntu kernel: [    0.875190] acpiphp: Slot [49] registered
1258  May 11 09:10:46 ubuntu kernel: [    0.875262] acpiphp: Slot [50] registered
1259  May 11 09:10:46 ubuntu kernel: [    0.875333] acpiphp: Slot [51] registered
1260  May 11 09:10:46 ubuntu kernel: [    0.875405] acpiphp: Slot [52] registered
1261  May 11 09:10:46 ubuntu kernel: [    0.875476] acpiphp: Slot [53] registered
1249  May 11 09:10:46 ubuntu kernel: [    0.874504] acpiphp: Slot [41] registered
1245  May 11 09:10:46 ubuntu kernel: [    0.874215] acpiphp: Slot [37] registered
626  May 11 09:10:46 ubuntu systemd[1]: Starting Avahi mDNS/DNS-SD Stack...
717  May 11 09:10:46 ubuntu systemd[1]: Started Avahi mDNS/DNS-SD Stack.
1663  May 11 09:10:46 ubuntu kernel: [    1.255337] pci 0000:00:18.4: PCI bridge to [bus 1f]
1397  May 11 09:10:46 ubuntu kernel: [    0.944498] pci 0000:00:18.5: PCI bridge to [bus 20]
1649  May 11 09:10:46 ubuntu kernel: [    1.254929] pci 0000:00:18.0: PCI bridge to [bus 1b]
1365  May 11 09:10:46 ubuntu kernel: [    0.936650] pci 0000:00:17.3: PCI bridge to [bus 16]
1653  May 11 09:10:46 ubuntu kernel: [    1.255062] pci 0000:00:18.1: PCI bridge to [bus 1c]
1657  May 11 09:10:46 ubuntu kernel: [    1.255169] pci 0000:00:18.2: PCI bridge to [bus 1d]
1592  May 11 09:10:46 ubuntu kernel: [    1.253089] pci 0000:00:15.7: PCI bridge to [bus 0a]
1660  May 11 09:10:46 ubuntu kernel: [    1.255253] pci 0000:00:18.3: PCI bridge to [bus 1e]
1380  May 11 09:10:46 ubuntu kernel: [    0.940672] pci 0000:00:18.0: PCI bridge to [bus 1b]
1583  May 11 09:10:46 ubuntu kernel: [    1.252838] pci 0000:00:15.4: PCI bridge to [bus 07]
1666  May 11 09:10:46 ubuntu kernel: [    1.255421] pci 0000:00:18.5: PCI bridge to [bus 20]
1361  May 11 09:10:46 ubuntu kernel: [    0.935967] pci 0000:00:17.2: PCI bridge to [bus 15]
1669  May 11 09:10:46 ubuntu kernel: [    1.255508] pci 0000:00:18.6: PCI bridge to [bus 21]
1672  May 11 09:10:46 ubuntu kernel: [    1.255648] pci 0000:00:18.7: PCI bridge to [bus 22]
1586  May 11 09:10:46 ubuntu kernel: [    1.252922] pci 0000:00:15.5: PCI bridge to [bus 08]
1384  May 11 09:10:46 ubuntu kernel: [    0.941421] pci 0000:00:18.1: PCI bridge to [bus 1c]
1646  May 11 09:10:46 ubuntu kernel: [    1.254803] pci 0000:00:17.7: PCI bridge to [bus 1a]
1589  May 11 09:10:46 ubuntu kernel: [    1.253006] pci 0000:00:15.6: PCI bridge to [bus 09]
1368  May 11 09:10:46 ubuntu kernel: [    0.937428] pci 0000:00:17.4: PCI bridge to [bus 17]
1640  May 11 09:10:46 ubuntu kernel: [    1.254618] pci 0000:00:17.5: PCI bridge to [bus 18]
1607  May 11 09:10:46 ubuntu kernel: [    1.253606] pci 0000:00:16.3: PCI bridge to [bus 0e]
1613  May 11 09:10:46 ubuntu kernel: [    1.253774] pci 0000:00:16.5: PCI bridge to [bus 10]
1374  May 11 09:10:46 ubuntu kernel: [    0.938847] pci 0000:00:17.6: PCI bridge to [bus 19]
1616  May 11 09:10:46 ubuntu kernel: [    1.253857] pci 0000:00:16.6: PCI bridge to [bus 11]
1377  May 11 09:10:46 ubuntu kernel: [    0.940000] pci 0000:00:17.7: PCI bridge to [bus 1a]
1619  May 11 09:10:46 ubuntu kernel: [    1.253941] pci 0000:00:16.7: PCI bridge to [bus 12]
1603  May 11 09:10:46 ubuntu kernel: [    1.253455] pci 0000:00:16.2: PCI bridge to [bus 0d]
1622  May 11 09:10:46 ubuntu kernel: [    1.254025] pci 0000:00:17.0: PCI bridge to [bus 13]
1626  May 11 09:10:46 ubuntu kernel: [    1.254118] pci 0000:00:17.1: PCI bridge to [bus 14]
1371  May 11 09:10:46 ubuntu kernel: [    0.938168] pci 0000:00:17.5: PCI bridge to [bus 18]
1630  May 11 09:10:46 ubuntu kernel: [    1.254211] pci 0000:00:17.2: PCI bridge to [bus 15]
1599  May 11 09:10:46 ubuntu kernel: [    1.253282] pci 0000:00:16.1: PCI bridge to [bus 0c]
1634  May 11 09:10:46 ubuntu kernel: [    1.254380] pci 0000:00:17.3: PCI bridge to [bus 16]
1637  May 11 09:10:46 ubuntu kernel: [    1.254499] pci 0000:00:17.4: PCI bridge to [bus 17]
1595  May 11 09:10:46 ubuntu kernel: [    1.253176] pci 0000:00:16.0: PCI bridge to [bus 0b]
1643  May 11 09:10:46 ubuntu kernel: [    1.254719] pci 0000:00:17.6: PCI bridge to [bus 19]
1357  May 11 09:10:46 ubuntu kernel: [    0.935286] pci 0000:00:17.1: PCI bridge to [bus 14]
1353  May 11 09:10:46 ubuntu kernel: [    0.934486] pci 0000:00:17.0: PCI bridge to [bus 13]
1334  May 11 09:10:46 ubuntu kernel: [    0.929837] pci 0000:00:16.2: PCI bridge to [bus 0d]
1564  May 11 09:10:46 ubuntu kernel: [    1.252373] pci 0000:00:11.0: PCI bridge to [bus 02]
1561  May 11 09:10:46 ubuntu kernel: [    1.252292] pci 0000:00:01.0: PCI bridge to [bus 01]
1391  May 11 09:10:46 ubuntu kernel: [    0.943103] pci 0000:00:18.3: PCI bridge to [bus 1e]
1323  May 11 09:10:46 ubuntu kernel: [    0.927600] pci 0000:00:15.7: PCI bridge to [bus 0a]
1239  May 11 09:10:46 ubuntu kernel: [    0.872711] pci 0000:00:01.0: PCI bridge to [bus 01]
1320  May 11 09:10:46 ubuntu kernel: [    0.926745] pci 0000:00:15.6: PCI bridge to [bus 09]
1317  May 11 09:10:46 ubuntu kernel: [    0.926071] pci 0000:00:15.5: PCI bridge to [bus 08]
1314  May 11 09:10:46 ubuntu kernel: [    0.925392] pci 0000:00:15.4: PCI bridge to [bus 07]
1311  May 11 09:10:46 ubuntu kernel: [    0.924605] pci 0000:00:15.3: PCI bridge to [bus 06]
1307  May 11 09:10:46 ubuntu kernel: [    0.923909] pci 0000:00:15.2: PCI bridge to [bus 05]
1303  May 11 09:10:46 ubuntu kernel: [    0.923042] pci 0000:00:15.1: PCI bridge to [bus 04]
1299  May 11 09:10:46 ubuntu kernel: [    0.922328] pci 0000:00:15.0: PCI bridge to [bus 03]
1394  May 11 09:10:46 ubuntu kernel: [    0.943853] pci 0000:00:18.4: PCI bridge to [bus 1f]
1403  May 11 09:10:46 ubuntu kernel: [    0.946207] pci 0000:00:18.7: PCI bridge to [bus 22]
1400  May 11 09:10:46 ubuntu kernel: [    0.945526] pci 0000:00:18.6: PCI bridge to [bus 21]
1330  May 11 09:10:46 ubuntu kernel: [    0.929058] pci 0000:00:16.1: PCI bridge to [bus 0c]
1326  May 11 09:10:46 ubuntu kernel: [    0.928374] pci 0000:00:16.0: PCI bridge to [bus 0b]
1568  May 11 09:10:46 ubuntu kernel: [    1.252461] pci 0000:00:15.0: PCI bridge to [bus 03]
1572  May 11 09:10:46 ubuntu kernel: [    1.252568] pci 0000:00:15.1: PCI bridge to [bus 04]
1580  May 11 09:10:46 ubuntu kernel: [    1.252754] pci 0000:00:15.3: PCI bridge to [bus 06]
1350  May 11 09:10:46 ubuntu kernel: [    0.933804] pci 0000:00:16.7: PCI bridge to [bus 12]
1347  May 11 09:10:46 ubuntu kernel: [    0.933024] pci 0000:00:16.6: PCI bridge to [bus 11]
1344  May 11 09:10:46 ubuntu kernel: [    0.932000] pci 0000:00:16.5: PCI bridge to [bus 10]
1341  May 11 09:10:46 ubuntu kernel: [    0.931325] pci 0000:00:16.4: PCI bridge to [bus 0f]
1576  May 11 09:10:46 ubuntu kernel: [    1.252662] pci 0000:00:15.2: PCI bridge to [bus 05]
1610  May 11 09:10:46 ubuntu kernel: [    1.253690] pci 0000:00:16.4: PCI bridge to [bus 0f]
1388  May 11 09:10:46 ubuntu kernel: [    0.942408] pci 0000:00:18.2: PCI bridge to [bus 1d]
1338  May 11 09:10:46 ubuntu kernel: [    0.930517] pci 0000:00:16.3: PCI bridge to [bus 0e]
578  May 11 09:10:46 ubuntu kernel: [    0.000000] ACPI: FACS 0x00000000BFEFFFC0 000040
579  May 11 09:10:46 ubuntu kernel: [    0.000000] ACPI: FACS 0x00000000BFEFFFC0 000040
1111  May 11 09:10:46 ubuntu kernel: [    0.216496] audit: type=2000 audit(1589168440.216:1): state=initialized audit_enabled=0 res=1
1202  May 11 09:10:46 ubuntu kernel: [    0.834559] pci 0000:00:16.5: PME# supported from D0 D3hot D3cold
1218  May 11 09:10:46 ubuntu kernel: [    0.850987] pci 0000:00:17.5: PME# supported from D0 D3hot D3cold
1208  May 11 09:10:46 ubuntu kernel: [    0.840561] pci 0000:00:17.0: PME# supported from D0 D3hot D3cold
1206  May 11 09:10:46 ubuntu kernel: [    0.838619] pci 0000:00:16.7: PME# supported from D0 D3hot D3cold
1220  May 11 09:10:46 ubuntu kernel: [    0.853073] pci 0000:00:17.6: PME# supported from D0 D3hot D3cold
1210  May 11 09:10:46 ubuntu kernel: [    0.842581] pci 0000:00:17.1: PME# supported from D0 D3hot D3cold
1212  May 11 09:10:46 ubuntu kernel: [    0.844577] pci 0000:00:17.2: PME# supported from D0 D3hot D3cold
1222  May 11 09:10:46 ubuntu kernel: [    0.855155] pci 0000:00:17.7: PME# supported from D0 D3hot D3cold
1204  May 11 09:10:46 ubuntu kernel: [    0.836578] pci 0000:00:16.6: PME# supported from D0 D3hot D3cold
1214  May 11 09:10:46 ubuntu kernel: [    0.846672] pci 0000:00:17.3: PME# supported from D0 D3hot D3cold
1196  May 11 09:10:46 ubuntu kernel: [    0.828112] pci 0000:00:16.2: PME# supported from D0 D3hot D3cold
1200  May 11 09:10:46 ubuntu kernel: [    0.832215] pci 0000:00:16.4: PME# supported from D0 D3hot D3cold
1198  May 11 09:10:46 ubuntu kernel: [    0.830155] pci 0000:00:16.3: PME# supported from D0 D3hot D3cold
1226  May 11 09:10:46 ubuntu kernel: [    0.859127] pci 0000:00:18.1: PME# supported from D0 D3hot D3cold
1216  May 11 09:10:46 ubuntu kernel: [    0.848664] pci 0000:00:17.4: PME# supported from D0 D3hot D3cold
1180  May 11 09:10:46 ubuntu kernel: [    0.811470] pci 0000:00:15.2: PME# supported from D0 D3hot D3cold
1232  May 11 09:10:46 ubuntu kernel: [    0.865343] pci 0000:00:18.4: PME# supported from D0 D3hot D3cold
1194  May 11 09:10:46 ubuntu kernel: [    0.825976] pci 0000:00:16.1: PME# supported from D0 D3hot D3cold
1230  May 11 09:10:46 ubuntu kernel: [    0.863288] pci 0000:00:18.3: PME# supported from D0 D3hot D3cold
1287  May 11 09:10:46 ubuntu kernel: [    0.920477] pci 0000:02:05.0: PME# supported from D3hot
1178  May 11 09:10:46 ubuntu kernel: [    0.809127] pci 0000:00:15.1: PME# supported from D0 D3hot D3cold
1228  May 11 09:10:46 ubuntu kernel: [    0.861124] pci 0000:00:18.2: PME# supported from D0 D3hot D3cold
1238  May 11 09:10:46 ubuntu kernel: [    0.871591] pci 0000:00:18.7: PME# supported from D0 D3hot D3cold
1279  May 11 09:10:46 ubuntu kernel: [    0.896707] pci 0000:02:01.0: PME# supported from D0 D3hot D3cold
1236  May 11 09:10:46 ubuntu kernel: [    0.869649] pci 0000:00:18.6: PME# supported from D0 D3hot D3cold
1234  May 11 09:10:46 ubuntu kernel: [    0.867637] pci 0000:00:18.5: PME# supported from D0 D3hot D3cold
1182  May 11 09:10:46 ubuntu kernel: [    0.813474] pci 0000:00:15.3: PME# supported from D0 D3hot D3cold
1184  May 11 09:10:46 ubuntu kernel: [    0.815565] pci 0000:00:15.4: PME# supported from D0 D3hot D3cold
1186  May 11 09:10:46 ubuntu kernel: [    0.817853] pci 0000:00:15.5: PME# supported from D0 D3hot D3cold
1188  May 11 09:10:46 ubuntu kernel: [    0.819877] pci 0000:00:15.6: PME# supported from D0 D3hot D3cold
1190  May 11 09:10:46 ubuntu kernel: [    0.821885] pci 0000:00:15.7: PME# supported from D0 D3hot D3cold
1192  May 11 09:10:46 ubuntu kernel: [    0.824027] pci 0000:00:16.0: PME# supported from D0 D3hot D3cold
1224  May 11 09:10:46 ubuntu kernel: [    0.857090] pci 0000:00:18.0: PME# supported from D0 D3hot D3cold
1176  May 11 09:10:46 ubuntu kernel: [    0.807109] pci 0000:00:15.0: PME# supported from D0 D3hot D3cold
823  May 11 09:10:46 ubuntu kernel: [    0.000000] On node 0 totalpages: 2097005
670  May 11 09:10:46 ubuntu acpid: waiting for events: event logging is off
1280  May 11 09:10:46 ubuntu kernel: [    0.897312] pci 0000:02:02.0: [1274:1371] type 00 class 0x040100
1284  May 11 09:10:46 ubuntu kernel: [    0.910096] pci 0000:02:05.0: [15ad:07e0] type 00 class 0x010601
1217  May 11 09:10:46 ubuntu kernel: [    0.849619] pci 0000:00:17.5: [15ad:07a0] type 01 class 0x060400
1274  May 11 09:10:46 ubuntu kernel: [    0.882382] pci 0000:02:01.0: [8086:100f] type 00 class 0x020000
1272  May 11 09:10:46 ubuntu kernel: [    0.876411] pci 0000:02:00.0: [15ad:0774] type 00 class 0x0c0300
1223  May 11 09:10:46 ubuntu kernel: [    0.855739] pci 0000:00:18.0: [15ad:07a0] type 01 class 0x060400
1219  May 11 09:10:46 ubuntu kernel: [    0.851722] pci 0000:00:17.6: [15ad:07a0] type 01 class 0x060400
1237  May 11 09:10:46 ubuntu kernel: [    0.870235] pci 0000:00:18.7: [15ad:07a0] type 01 class 0x060400
1235  May 11 09:10:46 ubuntu kernel: [    0.868231] pci 0000:00:18.6: [15ad:07a0] type 01 class 0x060400
1233  May 11 09:10:46 ubuntu kernel: [    0.866278] pci 0000:00:18.5: [15ad:07a0] type 01 class 0x060400
1229  May 11 09:10:46 ubuntu kernel: [    0.861928] pci 0000:00:18.3: [15ad:07a0] type 01 class 0x060400
1227  May 11 09:10:46 ubuntu kernel: [    0.859775] pci 0000:00:18.2: [15ad:07a0] type 01 class 0x060400
1221  May 11 09:10:46 ubuntu kernel: [    0.853791] pci 0000:00:17.7: [15ad:07a0] type 01 class 0x060400
1225  May 11 09:10:46 ubuntu kernel: [    0.857767] pci 0000:00:18.1: [15ad:07a0] type 01 class 0x060400
1231  May 11 09:10:46 ubuntu kernel: [    0.863983] pci 0000:00:18.4: [15ad:07a0] type 01 class 0x060400
1149  May 11 09:10:46 ubuntu kernel: [    0.748007] pci 0000:00:00.0: [8086:7190] type 00 class 0x060000
1215  May 11 09:10:46 ubuntu kernel: [    0.847323] pci 0000:00:17.4: [15ad:07a0] type 01 class 0x060400
1174  May 11 09:10:46 ubuntu kernel: [    0.804179] pci 0000:00:11.0: [15ad:0790] type 01 class 0x060401
1183  May 11 09:10:46 ubuntu kernel: [    0.814122] pci 0000:00:15.4: [15ad:07a0] type 01 class 0x060400
1181  May 11 09:10:46 ubuntu kernel: [    0.812115] pci 0000:00:15.3: [15ad:07a0] type 01 class 0x060400
1179  May 11 09:10:46 ubuntu kernel: [    0.810099] pci 0000:00:15.2: [15ad:07a0] type 01 class 0x060400
1177  May 11 09:10:46 ubuntu kernel: [    0.807773] pci 0000:00:15.1: [15ad:07a0] type 01 class 0x060400
1213  May 11 09:10:46 ubuntu kernel: [    0.845274] pci 0000:00:17.3: [15ad:07a0] type 01 class 0x060400
1175  May 11 09:10:46 ubuntu kernel: [    0.805681] pci 0000:00:15.0: [15ad:07a0] type 01 class 0x060400
1169  May 11 09:10:46 ubuntu kernel: [    0.792879] pci 0000:00:10.0: [1000:0030] type 00 class 0x010000
1187  May 11 09:10:46 ubuntu kernel: [    0.818514] pci 0000:00:15.6: [15ad:07a0] type 01 class 0x060400
1164  May 11 09:10:46 ubuntu kernel: [    0.771024] pci 0000:00:0f.0: [15ad:0405] type 00 class 0x030000
1161  May 11 09:10:46 ubuntu kernel: [    0.761104] pci 0000:00:07.7: [15ad:0740] type 00 class 0x088000
1158  May 11 09:10:46 ubuntu kernel: [    0.756552] pci 0000:00:07.3: [8086:7113] type 00 class 0x068000
1152  May 11 09:10:46 ubuntu kernel: [    0.751790] pci 0000:00:07.1: [8086:7111] type 00 class 0x01018a
1151  May 11 09:10:46 ubuntu kernel: [    0.750338] pci 0000:00:07.0: [8086:7110] type 00 class 0x060100
1150  May 11 09:10:46 ubuntu kernel: [    0.749355] pci 0000:00:01.0: [8086:7191] type 01 class 0x060400
1185  May 11 09:10:46 ubuntu kernel: [    0.816491] pci 0000:00:15.5: [15ad:07a0] type 01 class 0x060400
1282  May 11 09:10:46 ubuntu kernel: [    0.903628] pci 0000:02:03.0: [15ad:0770] type 00 class 0x0c0320
1207  May 11 09:10:46 ubuntu kernel: [    0.839199] pci 0000:00:17.0: [15ad:07a0] type 01 class 0x060400
1197  May 11 09:10:46 ubuntu kernel: [    0.828763] pci 0000:00:16.3: [15ad:07a0] type 01 class 0x060400
1191  May 11 09:10:46 ubuntu kernel: [    0.822642] pci 0000:00:16.0: [15ad:07a0] type 01 class 0x060400
1193  May 11 09:10:46 ubuntu kernel: [    0.824615] pci 0000:00:16.1: [15ad:07a0] type 01 class 0x060400
1195  May 11 09:10:46 ubuntu kernel: [    0.826749] pci 0000:00:16.2: [15ad:07a0] type 01 class 0x060400
1211  May 11 09:10:46 ubuntu kernel: [    0.843229] pci 0000:00:17.2: [15ad:07a0] type 01 class 0x060400
1189  May 11 09:10:46 ubuntu kernel: [    0.820516] pci 0000:00:15.7: [15ad:07a0] type 01 class 0x060400
1209  May 11 09:10:46 ubuntu kernel: [    0.841211] pci 0000:00:17.1: [15ad:07a0] type 01 class 0x060400
1201  May 11 09:10:46 ubuntu kernel: [    0.833150] pci 0000:00:16.5: [15ad:07a0] type 01 class 0x060400
1203  May 11 09:10:46 ubuntu kernel: [    0.835216] pci 0000:00:16.6: [15ad:07a0] type 01 class 0x060400
1205  May 11 09:10:46 ubuntu kernel: [    0.837227] pci 0000:00:16.7: [15ad:07a0] type 01 class 0x060400
1199  May 11 09:10:46 ubuntu kernel: [    0.830857] pci 0000:00:16.4: [15ad:07a0] type 01 class 0x060400
043  May  9 19:33:08 ubuntu pulseaudio[2423]: [pulseaudio] pid.c: Daemon already running.
2378  May 11 09:10:50 ubuntu pulseaudio[1403]: [pulseaudio] pid.c: Daemon already running.
2245  May 11 09:10:47 ubuntu NetworkManager[924]: <info>  [1589168447.2957] settings: hostname changed from (none) to "ubuntu"
2061  May 11 09:10:46 ubuntu kernel: [    3.693534] [drm]   Irq mask.
1165  May 11 09:10:46 ubuntu kernel: [    0.774291] pci 0000:00:0f.0: reg 0x10: [io  0x1070-0x107f]
1170  May 11 09:10:46 ubuntu kernel: [    0.794679] pci 0000:00:10.0: reg 0x10: [io  0x1400-0x14ff]
