May  9 19:07:13 ubuntu anacron[915]: Job `cron.daily' terminated
May  9 19:07:13 ubuntu anacron[915]: Normal exit (1 job run)
May  9 19:17:01 ubuntu CRON[2010]: (root) CMD (   cd / && run-parts --report /etc/cron.hourly)
May  9 19:17:19 ubuntu systemd[1]: Starting Cleanup of Temporary Directories...
May  9 19:17:19 ubuntu systemd-tmpfiles[2012]: [/usr/lib/tmpfiles.d/var.conf:14] Duplicate line for path "/var/log", ignoring.
May  9 19:17:19 ubuntu systemd[1]: Started Cleanup of Temporary Directories.
May  9 19:33:00 ubuntu org.gtk.vfs.Daemon[1271]: A connection to the bus can't be made
May  9 19:33:00 ubuntu systemd[1]: Created slice User Slice of batman.
May  9 19:33:00 ubuntu systemd[1]: Starting User Manager for UID 1000...
May  9 19:33:00 ubuntu systemd[1]: Started Session c2 of user batman.
May  9 19:33:00 ubuntu systemd[2032]: Reached target Timers.
May  9 19:33:00 ubuntu systemd[2032]: Reached target Paths.
May  9 19:33:00 ubuntu systemd[2032]: Reached target Sockets.
May  9 19:33:00 ubuntu systemd[2032]: Reached target Basic System.
May  9 19:33:00 ubuntu systemd[2032]: Reached target Default.
May  9 19:33:00 ubuntu systemd[2032]: Startup finished in 23ms.
May  9 19:33:00 ubuntu systemd[1]: Started User Manager for UID 1000.
May  9 19:33:01 ubuntu kernel: [ 1881.887039] perf: interrupt took too long (6294 > 5585), lowering kernel.perf_event_max_sample_rate to 31750
May  9 19:33:01 ubuntu org.ayatana.bamf[2126]: bamfdaemon start/running, process 2167
May  9 19:33:07 ubuntu org.a11y.atspi.Registry[2279]: SpiRegistry daemon is running with well-known name - org.a11y.atspi.Registry
May  9 19:33:07 ubuntu rtkit-daemon[1399]: Successfully made thread 2395 of process 2395 (n/a) owned by '1000' high priority at nice level -11.
May  9 19:33:07 ubuntu rtkit-daemon[1399]: Supervising 4 threads of 2 processes of 2 users.
May  9 19:33:08 ubuntu pulseaudio[2395]: [pulseaudio] alsa-util.c: Disabling timer-based scheduling because running inside a VM.
May  9 19:33:08 ubuntu org.gnome.ScreenSaver[2126]: ** (gnome-screensaver:2375): WARNING **: Couldn't get presence status: The name org.gnome.SessionManager was not provided by any .service files
May  9 19:33:08 ubuntu rtkit-daemon[1399]: Supervising 4 threads of 2 processes of 2 users.
May  9 19:33:08 ubuntu rtkit-daemon[1399]: Successfully made thread 2410 of process 2395 (n/a) owned by '1000' RT at priority 5.
May  9 19:33:08 ubuntu rtkit-daemon[1399]: Supervising 5 threads of 2 processes of 2 users.
May  9 19:33:08 ubuntu pulseaudio[2395]: [pulseaudio] alsa-util.c: Disabling timer-based scheduling because running inside a VM.
May  9 19:33:08 ubuntu pulseaudio[2395]: [alsa-sink-ES1371/1] alsa-sink.c: ALSA woke us up to write new data to the device, but there was actually nothing to write.
May  9 19:33:08 ubuntu pulseaudio[2395]: [alsa-sink-ES1371/1] alsa-sink.c: Most likely this is a bug in the ALSA driver 'snd_ens1371'. Please report this issue to the ALSA developers.
May  9 19:33:08 ubuntu pulseaudio[2395]: [alsa-sink-ES1371/1] alsa-sink.c: We were woken up with POLLOUT set -- however a subsequent snd_pcm_avail() returned 0 or another value < min_avail.
May  9 19:33:08 ubuntu rtkit-daemon[1399]: Supervising 5 threads of 2 processes of 2 users.
May  9 19:33:08 ubuntu rtkit-daemon[1399]: Successfully made thread 2412 of process 2395 (n/a) owned by '1000' RT at priority 5.
May  9 19:33:08 ubuntu rtkit-daemon[1399]: Supervising 6 threads of 2 processes of 2 users.
May  9 19:33:08 ubuntu gnome-session[2270]: SSH_AUTH_SOCK=/run/user/1000/keyring/ssh
May  9 19:33:08 ubuntu gnome-session[2270]: SSH_AUTH_SOCK=/run/user/1000/keyring/ssh
May  9 19:33:08 ubuntu bluetoothd[957]: Endpoint registered: sender=:1.68 path=/MediaEndpoint/A2DPSource
May  9 19:33:08 ubuntu bluetoothd[957]: Endpoint registered: sender=:1.68 path=/MediaEndpoint/A2DPSink
May  9 19:33:08 ubuntu pulseaudio[2395]: [pulseaudio] backend-ofono.c: Failed to register as a handsfree audio agent with ofono: org.freedesktop.DBus.Error.ServiceUnknown: The name org.ofono was not provided by any .service files
May  9 19:33:08 ubuntu bluetoothd[957]: RFCOMM server failed for Headset Voice gateway: rfcomm_bind: Address already in use (98)
May  9 19:33:08 ubuntu rtkit-daemon[1399]: Successfully made thread 2423 of process 2423 (n/a) owned by '1000' high priority at nice level -11.
May  9 19:33:08 ubuntu rtkit-daemon[1399]: Supervising 7 threads of 3 processes of 2 users.
May  9 19:33:08 ubuntu pulseaudio[2423]: [pulseaudio] pid.c: Daemon already running.
May  9 19:33:08 ubuntu gnome-session[2270]: SSH_AUTH_SOCK=/run/user/1000/keyring/ssh
May  9 19:33:08 ubuntu dbus[923]: [system] Activating via systemd: service name='org.freedesktop.locale1' unit='dbus-org.freedesktop.locale1.service'
May  9 19:33:08 ubuntu systemd[1]: Starting Locale Service...
May  9 19:33:08 ubuntu dbus[923]: [system] Successfully activated service 'org.freedesktop.locale1'
May  9 19:33:08 ubuntu systemd[1]: Started Locale Service.
May  9 19:33:08 ubuntu gnome-session-binary[2270]: Entering running state
May  9 19:33:08 ubuntu gnome-session[2270]: (process:2458): indicator-application-service-WARNING **: Unable to get watcher name 'org.kde.StatusNotifierWatcher'
May  9 19:33:08 ubuntu gnome-session[2270]: (process:2458): indicator-application-service-WARNING **: Name Lost
May  9 19:33:09 ubuntu dbus[923]: [system] Activating via systemd: service name='org.freedesktop.UDisks2' unit='udisks2.service'
May  9 19:33:09 ubuntu systemd[1]: Starting Disk Manager...
May  9 19:33:09 ubuntu udisksd[2473]: udisks daemon version 2.1.7 starting
May  9 19:33:09 ubuntu dbus[923]: [system] Successfully activated service 'org.freedesktop.UDisks2'
May  9 19:33:09 ubuntu systemd[1]: Started Disk Manager.
May  9 19:33:09 ubuntu udisksd[2473]: Acquired the name org.freedesktop.UDisks2 on the system message bus
May  9 19:33:09 ubuntu systemd[1]: Starting Snappy daemon...
May  9 19:33:09 ubuntu org.gtk.vfs.AfcVolumeMonitor[2126]: Volume monitor alive
May  9 19:33:09 ubuntu snapd[2504]: AppArmor status: apparmor is enabled and all features are available
May  9 19:33:09 ubuntu snapd[2504]: daemon.go:379: started snapd/2.37.4ubuntu0.1 (series 16; classic) ubuntu/16.04 (amd64) linux/4.15.0-99-generic.
May  9 19:33:10 ubuntu systemd[1]: Started Snappy daemon.
May  9 19:33:10 ubuntu dbus[923]: [system] Activating via systemd: service name='org.freedesktop.fwupd' unit='fwupd.service'
May  9 19:33:10 ubuntu systemd[1]: Starting Firmware update daemon...
May  9 19:33:14 ubuntu fwupd[2541]: (fwupd:2541): Fu-WARNING **: ignoring add-delay as device usb:00:01 already pending
May  9 19:33:14 ubuntu fwupd[2541]: (fwupd:2541): Fu-WARNING **: disabling plugin because: failed to coldplug uefi: UEFI firmware updating not supported
May  9 19:33:14 ubuntu fwupd[2541]: (fwupd:2541): Fu-WARNING **: disabling plugin because: failed to coldplug raspberrypi: Raspberry PI firmware updating not supported, no /boot/start.elf
May  9 19:33:14 ubuntu fwupd[2541]: (fwupd:2541): Fu-WARNING **: ignoring add-delay as device ro__sys_devices_pci0000_00_0000_00_10_0 already pending
May  9 19:33:14 ubuntu fwupd[2541]: (fwupd:2541): Fu-WARNING **: ignoring add-delay as device ro__sys_devices_pci0000_00_0000_00_11_0_0000_02_01_0 already pending
May  9 19:33:14 ubuntu fwupd[2541]: (fwupd:2541): Fu-WARNING **: ignoring add-delay as device ro__sys_devices_pci0000_00_0000_00_11_0_0000_02_05_0 already pending
May  9 19:33:14 ubuntu dbus[923]: [system] Successfully activated service 'org.freedesktop.fwupd'
May  9 19:33:14 ubuntu systemd[1]: Started Firmware update daemon.
May  9 19:33:15 ubuntu snapd[2504]: daemon.go:611: gracefully waiting for running hooks
May  9 19:33:15 ubuntu snapd[2504]: daemon.go:613: done waiting for running hooks
May  9 19:33:15 ubuntu snapd[2504]: daemon stop requested to wait for socket activation
May  9 19:33:16 ubuntu org.gnome.ScreenSaver[2126]: ** Message: Lost the name, shutting down.
May  9 19:33:20 ubuntu bluetoothd[957]: Endpoint unregistered: sender=:1.37 path=/MediaEndpoint/A2DPSource
May  9 19:33:20 ubuntu bluetoothd[957]: Endpoint unregistered: sender=:1.37 path=/MediaEndpoint/A2DPSink
May  9 19:33:20 ubuntu systemd[1]: Stopping User Manager for UID 108...
May  9 19:33:20 ubuntu systemd[1245]: Stopped target Default.
May  9 19:33:20 ubuntu systemd[1245]: Stopped target Basic System.
May  9 19:33:20 ubuntu systemd[1245]: Stopped target Sockets.
May  9 19:33:20 ubuntu systemd[1245]: Stopped target Paths.
May  9 19:33:20 ubuntu systemd[1245]: Reached target Shutdown.
May  9 19:33:20 ubuntu systemd[1245]: Starting Exit the Session...
May  9 19:33:20 ubuntu systemd[1245]: Stopped target Timers.
May  9 19:33:20 ubuntu systemd[1245]: Received SIGRTMIN+24 from PID 2633 (kill).
May  9 19:33:20 ubuntu systemd[1]: Stopped User Manager for UID 108.
May  9 19:33:20 ubuntu systemd[1]: Removed slice User Slice of lightdm.
May  9 19:33:29 ubuntu org.gnome.zeitgeist.Engine[2126]: ** (zeitgeist-datahub:2684): WARNING **: zeitgeist-datahub.vala:229: Unable to get name "org.gnome.zeitgeist.datahub" on the bus!
May  9 19:34:15 ubuntu gnome-session[2270]: Gtk-Message: GtkDialog mapped without a transient parent. This is discouraged.
May  9 19:34:18 ubuntu dbus[923]: [system] Activating service name='org.debian.apt' (using servicehelper)
May  9 19:34:19 ubuntu AptDaemon: INFO: Initializing daemon
May  9 19:34:19 ubuntu org.debian.apt[923]: 19:34:19 AptDaemon [INFO]: Initializing daemon
May  9 19:34:19 ubuntu dbus[923]: [system] Successfully activated service 'org.debian.apt'
May  9 19:34:19 ubuntu AptDaemon.PackageKit: INFO: Initializing PackageKit compat layer
May  9 19:34:19 ubuntu org.debian.apt[923]: /usr/lib/python3/dist-packages/aptdaemon/worker/pkworker.py:35: PyGIWarning: PackageKitGlib was imported without specifying a version first. Use gi.require_version('PackageKitGlib', '1.0') before import to ensure that the right version gets loaded.
May  9 19:34:19 ubuntu org.debian.apt[923]:   from gi.repository import PackageKitGlib as pk
May  9 19:34:19 ubuntu org.debian.apt[923]: 19:34:19 AptDaemon.PackageKit [INFO]: Initializing PackageKit compat layer
May  9 19:34:19 ubuntu AptDaemon: INFO: UpdateCache() was called
May  9 19:34:19 ubuntu org.debian.apt[923]: 19:34:19 AptDaemon [INFO]: UpdateCache() was called
May  9 19:34:19 ubuntu AptDaemon.Trans: INFO: Queuing transaction /org/debian/apt/transaction/38dae958f7084275ae45d85479ae60ef
May  9 19:34:19 ubuntu org.debian.apt[923]: 19:34:19 AptDaemon.Trans [INFO]: Queuing transaction /org/debian/apt/transaction/38dae958f7084275ae45d85479ae60ef
May  9 19:34:19 ubuntu AptDaemon.Worker: INFO: Simulating trans: /org/debian/apt/transaction/38dae958f7084275ae45d85479ae60ef
May  9 19:34:19 ubuntu org.debian.apt[923]: 19:34:19 AptDaemon.Worker [INFO]: Simulating trans: /org/debian/apt/transaction/38dae958f7084275ae45d85479ae60ef
May  9 19:34:19 ubuntu AptDaemon.Worker: INFO: Processing transaction /org/debian/apt/transaction/38dae958f7084275ae45d85479ae60ef
May  9 19:34:19 ubuntu org.debian.apt[923]: 19:34:19 AptDaemon.Worker [INFO]: Processing transaction /org/debian/apt/transaction/38dae958f7084275ae45d85479ae60ef
May  9 19:34:20 ubuntu AptDaemon.Worker: INFO: Updating cache
May  9 19:34:20 ubuntu org.debian.apt[923]: 19:34:20 AptDaemon.Worker [INFO]: Updating cache
May  9 19:34:22 ubuntu AptDaemon.Worker: INFO: Finished transaction /org/debian/apt/transaction/38dae958f7084275ae45d85479ae60ef
May  9 19:34:22 ubuntu gnome-session[2270]: (gnome-software:2454): Gs-WARNING **: failed to call gs_plugin_refresh on apt: apt transaction returned result exit-failed
May  9 19:34:22 ubuntu org.debian.apt[923]: 19:34:22 AptDaemon.Worker [INFO]: Finished transaction /org/debian/apt/transaction/38dae958f7084275ae45d85479ae60ef
May  9 19:45:20 ubuntu AptDaemon: INFO: Quitting due to inactivity
May  9 19:45:20 ubuntu AptDaemon: INFO: Quitting was requested
May  9 19:45:20 ubuntu org.debian.apt[923]: 19:45:20 AptDaemon [INFO]: Quitting due to inactivity
May  9 19:45:20 ubuntu org.debian.apt[923]: 19:45:20 AptDaemon [INFO]: Quitting was requested
May  9 20:06:51 ubuntu kernel: [ 3911.604553] perf: interrupt took too long (7918 > 7867), lowering kernel.perf_event_max_sample_rate to 25250
May  9 20:17:01 ubuntu CRON[3219]: (root) CMD (   cd / && run-parts --report /etc/cron.hourly)
May  9 20:33:08 ubuntu org.gnome.evolution.dataserver.Sources5[2126]: ** (evolution-source-registry:2390): WARNING **: secret_service_search_sync: must specify at least one attribute to match
May  9 20:41:28 ubuntu kernel: [ 5988.863785] perf: interrupt took too long (9914 > 9897), lowering kernel.perf_event_max_sample_rate to 20000
May  9 21:15:59 ubuntu gnome-session[2270]: gnome-session-binary[2270]: GLib-GObject-CRITICAL: g_object_unref: assertion 'G_IS_OBJECT (object)' failed
May  9 21:15:59 ubuntu gnome-session-binary[2270]: GLib-GObject-CRITICAL: g_object_unref: assertion 'G_IS_OBJECT (object)' failed
May  9 21:15:59 ubuntu gnome-session[2270]: gnome-session-binary[2270]: GLib-GObject-CRITICAL: g_object_unref: assertion 'G_IS_OBJECT (object)' failed
May  9 21:15:59 ubuntu gnome-session[2270]: gnome-session-binary[2270]: GLib-GObject-CRITICAL: g_object_unref: assertion 'G_IS_OBJECT (object)' failed
May  9 21:15:59 ubuntu gnome-session-binary[2270]: GLib-GObject-CRITICAL: g_object_unref: assertion 'G_IS_OBJECT (object)' failed
May  9 21:15:59 ubuntu gnome-session-binary[2270]: GLib-GObject-CRITICAL: g_object_unref: assertion 'G_IS_OBJECT (object)' failed
May  9 21:16:00 ubuntu gnome-session[2270]: gnome-session-binary[2270]: GLib-GObject-CRITICAL: g_object_unref: assertion 'G_IS_OBJECT (object)' failed
May  9 21:16:00 ubuntu gnome-session-binary[2270]: GLib-GObject-CRITICAL: g_object_unref: assertion 'G_IS_OBJECT (object)' failed
May  9 21:16:00 ubuntu gnome-session[2270]: gnome-session-binary[2270]: GLib-GObject-CRITICAL: g_object_unref: assertion 'G_IS_OBJECT (object)' failed
May  9 21:16:00 ubuntu gnome-session[2270]: gnome-session-binary[2270]: GLib-GObject-CRITICAL: g_object_unref: assertion 'G_IS_OBJECT (object)' failed
May  9 21:16:00 ubuntu gnome-session-binary[2270]: GLib-GObject-CRITICAL: g_object_unref: assertion 'G_IS_OBJECT (object)' failed
May  9 21:16:00 ubuntu gnome-session-binary[2270]: GLib-GObject-CRITICAL: g_object_unref: assertion 'G_IS_OBJECT (object)' failed
May  9 21:16:00 ubuntu systemd[1]: Stopping RealtimeKit Scheduling Policy Service...
May  9 21:16:00 ubuntu systemd[1]: Closed Load/Save RF Kill Switch Status /dev/rfkill Watch.
May  9 21:16:00 ubuntu systemd[1]: Stopping Manage, Install and Generate Color Profiles...
May  9 21:16:00 ubuntu systemd[1]: Stopped target Sound Card.
May  9 21:16:00 ubuntu gnome-session[2270]: gnome-session-binary[2270]: WARNING: Lost name on bus: org.gnome.SessionManager
May  9 21:16:00 ubuntu gnome-session[2270]: gnome-session-binary[2270]: CRITICAL: We failed, but the fail whale is dead. Sorry....
May  9 21:16:00 ubuntu gnome-session-binary[2270]: WARNING: Lost name on bus: org.gnome.SessionManager
May  9 21:16:00 ubuntu gnome-session[2270]: (deja-dup-monitor:3084): GVFS-RemoteVolumeMonitor-WARNING **: Owner of volume monitor org.gtk.vfs.UDisks2VolumeMonitor disconnected from the bus; removing drives/volumes/mounts
May  9 21:16:00 ubuntu systemd[1]: Stopping Session c2 of user batman.
May  9 21:16:00 ubuntu gnome-session-binary[2270]: CRITICAL: We failed, but the fail whale is dead. Sorry....
May  9 21:16:00 ubuntu VGAuthService[940]: ** Message: Processing SIGTERM; service exiting
May  9 21:16:00 ubuntu VGAuthService[940]: ** Message: ServiceEndMainLoop: about to stop main loop
May  9 21:16:00 ubuntu VGAuthService[940]: ** Message: END SERVICE
May  9 21:16:00 ubuntu systemd[1]: Stopping ACPI event daemon...
May  9 21:16:00 ubuntu bluetoothd[957]: Terminating
May  9 21:16:00 ubuntu systemd[1]: Stopping Disk Manager...
May  9 21:16:00 ubuntu bluetoothd[957]: Endpoint unregistered: sender=:1.68 path=/MediaEndpoint/A2DPSource
May  9 21:16:00 ubuntu systemd[1]: Stopping Save/Restore Sound Card State...
May  9 21:16:00 ubuntu bluetoothd[957]: Endpoint unregistered: sender=:1.68 path=/MediaEndpoint/A2DPSink
May  9 21:16:00 ubuntu systemd[1]: Stopping Firmware update daemon...
May  9 21:16:00 ubuntu systemd[1]: Stopping Daemon for power management...
May  9 21:16:00 ubuntu systemd[1]: Stopped target Graphical Interface.
May  9 21:16:00 ubuntu systemd[1]: Stopping Light Display Manager...
May  9 21:16:00 ubuntu systemd[1]: Stopping Accounts Service...
May  9 21:16:00 ubuntu systemd[1]: Stopping Authentication service for virtual machines hosted on VMware...
May  9 21:16:00 ubuntu systemd[1]: Stopped target Bluetooth.
May  9 21:16:00 ubuntu org.gnome.zeitgeist.SimpleIndexer[2126]: (zeitgeist-fts:2682): GLib-GIO-WARNING **: Error releasing name org.gnome.zeitgeist.SimpleIndexer: The connection is closed
May  9 21:16:00 ubuntu org.gnome.zeitgeist.SimpleIndexer[2126]: ** (zeitgeist-fts:2682): WARNING **: zeitgeist-fts.vala:252: The connection is closed
May  9 21:16:00 ubuntu systemd[1]: Stopping Bluetooth service...
May  9 21:16:00 ubuntu systemd[1]: Stopping Authenticate and Authorize Users to Run Privileged Tasks...
May  9 21:16:00 ubuntu systemd[2032]: Reached target Shutdown.
May  9 21:16:00 ubuntu systemd[2032]: Starting Exit the Session...
May  9 21:16:00 ubuntu systemd[2032]: Stopped target Default.
May  9 21:16:00 ubuntu systemd[2032]: Stopped target Basic System.
May  9 21:16:00 ubuntu systemd[2032]: Stopped target Timers.
May  9 21:16:00 ubuntu systemd[2032]: Stopped target Sockets.
May  9 21:16:00 ubuntu systemd[2032]: Stopped target Paths.
May  9 21:16:00 ubuntu systemd[1]: Stopping User Manager for UID 1000...
May  9 21:16:00 ubuntu systemd[2032]: Received SIGRTMIN+24 from PID 3382 (kill).
May  9 21:16:00 ubuntu systemd[1]: Stopping Service for virtual machines hosted on VMware...
May  9 21:16:00 ubuntu org.gnome.zeitgeist.Engine[2126]: (zeitgeist-daemon:2675): GLib-GIO-WARNING **: Error releasing name org.gnome.zeitgeist.Engine: The connection is closed
May  9 21:16:00 ubuntu org.gnome.zeitgeist.Engine[2126]: #033[31m[15:46:00.214088 WARNING]#033[0m zeitgeist-daemon.vala:449: The connection is closed
May  9 21:16:00 ubuntu systemd[1]: Stopped target Multi-User System.
May  9 21:16:00 ubuntu systemd[1]: Stopping Make remote CUPS printers available locally...
May  9 21:16:00 ubuntu systemd[1]: Stopping Unattended Upgrades Shutdown...
May  9 21:16:00 ubuntu systemd[1]: Stopping LSB: automatic crash report generation...
May  9 21:16:00 ubuntu systemd[1]: Stopped target Login Prompts.
May  9 21:16:00 ubuntu systemd[1]: Stopping Getty on tty1...
May  9 21:16:00 ubuntu systemd[1]: Stopping crash report submission daemon...
May  9 21:16:00 ubuntu systemd[1]: Stopping Regular background program processing daemon...
May  9 21:16:00 ubuntu systemd[1]: Stopping LSB: daemon to balance interrupts for SMP systems...
May  9 21:16:00 ubuntu systemd[1]: Stopping LSB: Speech Dispatcher...
May  9 21:16:00 ubuntu systemd[1]: Stopping LSB: Record successful boot for GRUB...
May  9 21:16:00 ubuntu NetworkManager[932]: <warn>  [1589039160.2244] error requesting auth for org.freedesktop.NetworkManager.reload: Authorization check failed: Message recipient disconnected from message bus without replying
May  9 21:16:00 ubuntu NetworkManager[932]: <warn>  [1589039160.2245] error requesting auth for org.freedesktop.NetworkManager.settings.modify.hostname: Authorization check failed: Message recipient disconnected from message bus without replying
May  9 21:16:00 ubuntu NetworkManager[932]: <warn>  [1589039160.2245] error requesting auth for org.freedesktop.NetworkManager.settings.modify.own: Authorization check failed: Message recipient disconnected from message bus without replying
May  9 21:16:00 ubuntu NetworkManager[932]: <warn>  [1589039160.2245] error requesting auth for org.freedesktop.NetworkManager.settings.modify.system: Authorization check failed: Message recipient disconnected from message bus without replying
May  9 21:16:00 ubuntu NetworkManager[932]: <warn>  [1589039160.2246] error requesting auth for org.freedesktop.NetworkManager.wifi.share.open: Authorization check failed: Message recipient disconnected from message bus without replying
May  9 21:16:00 ubuntu NetworkManager[932]: <warn>  [1589039160.2246] error requesting auth for org.freedesktop.NetworkManager.wifi.share.protected: Authorization check failed: Message recipient disconnected from message bus without replying
May  9 21:16:00 ubuntu NetworkManager[932]: <warn>  [1589039160.2246] error requesting auth for org.freedesktop.NetworkManager.network-control: Authorization check failed: Message recipient disconnected from message bus without replying
May  9 21:16:00 ubuntu NetworkManager[932]: <warn>  [1589039160.2247] error requesting auth for org.freedesktop.NetworkManager.enable-disable-wimax: Authorization check failed: Message recipient disconnected from message bus without replying
May  9 21:16:00 ubuntu systemd[1]: Stopping LSB: Set the CPU Frequency Scaling governor to "ondemand"...
May  9 21:16:00 ubuntu systemd[1]: Stopped target Timers.
May  9 21:16:00 ubuntu systemd[1]: Stopped Daily apt upgrade and clean activities.
May  9 21:16:00 ubuntu systemd[1]: Stopped Daily Cleanup of Temporary Directories.
May  9 21:16:00 ubuntu systemd[1]: Stopped Daily apt download activities.
May  9 21:16:00 ubuntu systemd[1]: Stopped target System Time Synchronized.
May  9 21:16:00 ubuntu systemd[1]: Stopped Wait until snapd is fully seeded.
May  9 21:16:00 ubuntu systemd[1]: Stopping The osquery Daemon...
May  9 21:16:00 ubuntu systemd[1]: Unmounted /run/user/1000/gvfs.
May  9 21:16:00 ubuntu dbus[923]: [system] Activating via systemd: service name='org.freedesktop.PolicyKit1' unit='polkitd.service'
May  9 21:16:00 ubuntu systemd[1]: Stopped Service for virtual machines hosted on VMware.
May  9 21:16:00 ubuntu systemd[1]: Stopped Accounts Service.
May  9 21:16:00 ubuntu systemd[1]: Stopped Authentication service for virtual machines hosted on VMware.
May  9 21:16:00 ubuntu systemd[1]: Stopped ACPI event daemon.
May  9 21:16:00 ubuntu bluetoothd[957]: Stopping SDP server
May  9 21:16:00 ubuntu bluetoothd[957]: Exit
May  9 21:16:00 ubuntu systemd[1]: Stopped Regular background program processing daemon.
May  9 21:16:00 ubuntu systemd[1]: Stopped Bluetooth service.
May  9 21:16:00 ubuntu systemd[1]: Stopped Authenticate and Authorize Users to Run Privileged Tasks.
May  9 21:16:00 ubuntu systemd[1]: Stopped Getty on tty1.
May  9 21:16:00 ubuntu systemd[1]: Stopped Daemon for power management.
May  9 21:16:00 ubuntu systemd[1]: Stopped RealtimeKit Scheduling Policy Service.
May  9 21:16:00 ubuntu systemd[1]: Stopped Manage, Install and Generate Color Profiles.
May  9 21:16:00 ubuntu systemd[1]: Stopped crash report submission daemon.
May  9 21:16:00 ubuntu systemd[1]: Stopped Make remote CUPS printers available locally.
May  9 21:16:00 ubuntu systemd[1]: Stopped User Manager for UID 1000.
May  9 21:16:00 ubuntu systemd[1]: Stopped Disk Manager.
May  9 21:16:00 ubuntu systemd[1]: Stopped Firmware update daemon.
May  9 21:16:00 ubuntu systemd[1]: Stopped Save/Restore Sound Card State.
May  9 21:16:00 ubuntu speech-dispatcher[3400]:  * speech-dispatcher disabled; edit /etc/default/speech-dispatcher
May  9 21:16:00 ubuntu systemd[1]: Stopped LSB: Speech Dispatcher.
May  9 21:16:00 ubuntu systemd[1]: Stopped LSB: Record successful boot for GRUB.
May  9 21:16:00 ubuntu apport[3390]:  * Stopping automatic crash report generation: apport
May  9 21:16:00 ubuntu irqbalance[3397]:  * Stopping SMP IRQ Balancer: irqbalance
May  9 21:16:00 ubuntu systemd[1]: Stopped LSB: Set the CPU Frequency Scaling governor to "ondemand".
May  9 21:16:00 ubuntu systemd[1]: Stopping Avahi mDNS/DNS-SD Stack...
May  9 21:16:00 ubuntu systemd[1]: Stopping CUPS Scheduler...
May  9 21:16:00 ubuntu systemd[1]: Stopped target Network is Online.
May  9 21:16:00 ubuntu systemd[1]: Stopped Network Manager Wait Online.
May  9 21:16:00 ubuntu systemd[1]: Removed slice system-getty.slice.
May  9 21:16:00 ubuntu avahi-daemon[959]: Got SIGTERM, quitting.
May  9 21:16:00 ubuntu irqbalance[3397]:    ...done.
May  9 21:16:00 ubuntu NetworkManager[932]: <warn>  [1589039160.2999] error requesting auth for org.freedesktop.NetworkManager.wifi.share.protected: Authorization check failed: Refusing activation, D-Bus is shutting down.
May  9 21:16:00 ubuntu dbus[923]: [system] Activation via systemd failed for unit 'polkitd.service': Refusing activation, D-Bus is shutting down.
May  9 21:16:00 ubuntu NetworkManager[932]: <warn>  [1589039160.3000] error requesting auth for org.freedesktop.NetworkManager.wifi.share.open: Authorization check failed: Refusing activation, D-Bus is shutting down.
May  9 21:16:00 ubuntu avahi-daemon[959]: Leaving mDNS multicast group on interface ens33.IPv6 with address fe80::e10b:671f:fe99:8ebf.
May  9 21:16:00 ubuntu systemd[1]: Stopped LSB: daemon to balance interrupts for SMP systems.
May  9 21:16:00 ubuntu avahi-daemon[959]: Leaving mDNS multicast group on interface ens33.IPv4 with address 192.168.0.115.
May  9 21:16:00 ubuntu systemd[1]: Stopped CUPS Scheduler.
May  9 21:16:00 ubuntu avahi-daemon[959]: avahi-daemon 0.6.32-rc exiting.
May  9 21:16:00 ubuntu systemd[1]: Stopped Avahi mDNS/DNS-SD Stack.
May  9 21:16:00 ubuntu apport[3390]:    ...done.
May  9 21:16:00 ubuntu systemd[1]: Stopped LSB: automatic crash report generation.
May  9 21:16:00 ubuntu systemd[1]: Stopped Unattended Upgrades Shutdown.
May  9 21:16:00 ubuntu systemd[1]: Stopped target Network.
May  9 21:16:00 ubuntu systemd[1]: Stopping Network Manager...
May  9 21:16:00 ubuntu NetworkManager[932]: <info>  [1589039160.3341] caught SIGTERM, shutting down normally.
May  9 21:16:00 ubuntu systemd[1]: Stopping Raise network interfaces...
May  9 21:16:00 ubuntu NetworkManager[932]: <info>  [1589039160.3354] exiting (success)
May  9 21:16:00 ubuntu systemd[1]: Stopped Network Manager.
May  9 21:16:00 ubuntu systemd[1]: Stopping D-Bus System Message Bus...
May  9 21:16:00 ubuntu systemd[1]: Stopped D-Bus System Message Bus.
May  9 21:16:00 ubuntu systemd[1]: Stopped Raise network interfaces.
May  9 21:16:00 ubuntu systemd[1]: Stopped target Network (Pre).
May  9 21:16:00 ubuntu systemd[1]: Stopped Light Display Manager.
May  9 21:16:02 ubuntu systemd[1]: Stopped Session c2 of user batman.
May  9 21:16:02 ubuntu systemd[1]: Removed slice User Slice of batman.
May  9 21:16:02 ubuntu systemd[1]: Stopping Permit User Sessions...
May  9 21:16:02 ubuntu systemd[1]: Stopping Login Service...
May  9 21:16:02 ubuntu systemd[1]: Stopped Permit User Sessions.
May  9 21:16:02 ubuntu systemd[1]: Stopped target Remote File Systems.
May  9 21:16:02 ubuntu systemd[1]: Stopped target Remote File Systems (Pre).
May  9 21:16:02 ubuntu systemd[1]: Stopped Login Service.
May  9 21:16:02 ubuntu systemd[1]: Stopped target User and Group Name Lookups.
May  9 21:16:04 ubuntu systemd[1]: Stopped The osquery Daemon.
May  9 21:16:04 ubuntu rsyslogd: [origin software="rsyslogd" swVersion="8.16.0" x-pid="918" x-info="http://www.rsyslog.com"] exiting on signal 15.
May 11 09:10:46 ubuntu rsyslogd: [origin software="rsyslogd" swVersion="8.16.0" x-pid="936" x-info="http://www.rsyslog.com"] start
May 11 09:10:46 ubuntu rsyslogd-2222: command 'KLogPermitNonKernelFacility' is currently not permitted - did you already set it via a RainerScript command (v6+ config)? [v8.16.0 try http://www.rsyslog.com/e/2222 ]
May 11 09:10:46 ubuntu rsyslogd: rsyslogd's groupid changed to 108
May 11 09:10:46 ubuntu rsyslogd: rsyslogd's userid changed to 104
May 11 09:10:46 ubuntu kernel: [    0.000000] Linux version 4.15.0-99-generic (buildd@lgw01-amd64-039) (gcc version 5.4.0 20160609 (Ubuntu 5.4.0-6ubuntu1~16.04.12)) #100~16.04.1-Ubuntu SMP Wed Apr 22 23:56:30 UTC 2020 (Ubuntu 4.15.0-99.100~16.04.1-generic 4.15.18)
May 11 09:10:46 ubuntu kernel: [    0.000000] Command line: BOOT_IMAGE=/boot/vmlinuz-4.15.0-99-generic root=UUID=1db46ae7-eca6-4662-ba19-d7fb32afde58 ro find_preseed=/preseed.cfg auto noprompt priority=critical locale=en_US quiet
May 11 09:10:46 ubuntu kernel: [    0.000000] KERNEL supported cpus:
May 11 09:10:46 ubuntu kernel: [    0.000000]   Intel GenuineIntel
May 11 09:10:46 ubuntu kernel: [    0.000000]   AMD AuthenticAMD
May 11 09:10:46 ubuntu kernel: [    0.000000]   Centaur CentaurHauls
May 11 09:10:46 ubuntu kernel: [    0.000000] Disabled fast string operations
May 11 09:10:46 ubuntu kernel: [    0.000000] x86/fpu: Supporting XSAVE feature 0x001: 'x87 floating point registers'
May 11 09:10:46 ubuntu kernel: [    0.000000] x86/fpu: Supporting XSAVE feature 0x002: 'SSE registers'
May 11 09:10:46 ubuntu kernel: [    0.000000] x86/fpu: Supporting XSAVE feature 0x004: 'AVX registers'
May 11 09:10:46 ubuntu kernel: [    0.000000] x86/fpu: Supporting XSAVE feature 0x008: 'MPX bounds registers'
May 11 09:10:46 ubuntu kernel: [    0.000000] x86/fpu: Supporting XSAVE feature 0x010: 'MPX CSR'
May 11 09:10:46 ubuntu kernel: [    0.000000] x86/fpu: xstate_offset[2]:  576, xstate_sizes[2]:  256
May 11 09:10:46 ubuntu kernel: [    0.000000] x86/fpu: xstate_offset[3]:  832, xstate_sizes[3]:   64
May 11 09:10:46 ubuntu kernel: [    0.000000] x86/fpu: xstate_offset[4]:  896, xstate_sizes[4]:   64
May 11 09:10:46 ubuntu kernel: [    0.000000] x86/fpu: Enabled xstate features 0x1f, context size is 960 bytes, using 'compacted' format.
May 11 09:10:46 ubuntu kernel: [    0.000000] e820: BIOS-provided physical RAM map:
May 11 09:10:46 ubuntu kernel: [    0.000000] BIOS-e820: [mem 0x0000000000000000-0x000000000009e7ff] usable
May 11 09:10:46 ubuntu kernel: [    0.000000] BIOS-e820: [mem 0x000000000009e800-0x000000000009ffff] reserved
May 11 09:10:46 ubuntu kernel: [    0.000000] BIOS-e820: [mem 0x00000000000dc000-0x00000000000fffff] reserved
May 11 09:10:46 ubuntu kernel: [    0.000000] BIOS-e820: [mem 0x0000000000100000-0x00000000bfecffff] usable
May 11 09:10:46 ubuntu kernel: [    0.000000] BIOS-e820: [mem 0x00000000bfed0000-0x00000000bfefefff] ACPI data
May 11 09:10:46 ubuntu kernel: [    0.000000] BIOS-e820: [mem 0x00000000bfeff000-0x00000000bfefffff] ACPI NVS
May 11 09:10:46 ubuntu kernel: [    0.000000] BIOS-e820: [mem 0x00000000bff00000-0x00000000bfffffff] usable
May 11 09:10:46 ubuntu kernel: [    0.000000] BIOS-e820: [mem 0x00000000f0000000-0x00000000f7ffffff] reserved
May 11 09:10:46 ubuntu kernel: [    0.000000] BIOS-e820: [mem 0x00000000fec00000-0x00000000fec0ffff] reserved
May 11 09:10:46 ubuntu kernel: [    0.000000] BIOS-e820: [mem 0x00000000fee00000-0x00000000fee00fff] reserved
May 11 09:10:46 ubuntu kernel: [    0.000000] BIOS-e820: [mem 0x00000000fffe0000-0x00000000ffffffff] reserved
May 11 09:10:46 ubuntu kernel: [    0.000000] BIOS-e820: [mem 0x0000000100000000-0x000000023fffffff] usable
May 11 09:10:46 ubuntu kernel: [    0.000000] NX (Execute Disable) protection: active
May 11 09:10:46 ubuntu kernel: [    0.000000] SMBIOS 2.7 present.
May 11 09:10:46 ubuntu kernel: [    0.000000] DMI: VMware, Inc. VMware Virtual Platform/440BX Desktop Reference Platform, BIOS 6.00 07/29/2019
May 11 09:10:46 ubuntu kernel: [    0.000000] Hypervisor detected: VMware
May 11 09:10:46 ubuntu kernel: [    0.000000] vmware: TSC freq read from hypervisor : 1992.000 MHz
May 11 09:10:46 ubuntu kernel: [    0.000000] vmware: Host bus clock speed read from hypervisor : 66000000 Hz
May 11 09:10:46 ubuntu kernel: [    0.000000] vmware: using sched offset of 5676260711 ns
May 11 09:10:46 ubuntu kernel: [    0.000000] e820: update [mem 0x00000000-0x00000fff] usable ==> reserved
May 11 09:10:46 ubuntu kernel: [    0.000000] e820: remove [mem 0x000a0000-0x000fffff] usable
May 11 09:10:46 ubuntu kernel: [    0.000000] e820: last_pfn = 0x240000 max_arch_pfn = 0x400000000
May 11 09:10:46 ubuntu kernel: [    0.000000] MTRR default type: uncachable
May 11 09:10:46 ubuntu kernel: [    0.000000] MTRR fixed ranges enabled:
May 11 09:10:46 ubuntu kernel: [    0.000000]   00000-9FFFF write-back
May 11 09:10:46 ubuntu kernel: [    0.000000]   A0000-BFFFF uncachable
May 11 09:10:46 ubuntu kernel: [    0.000000]   C0000-CFFFF write-protect
May 11 09:10:46 ubuntu kernel: [    0.000000]   D0000-EFFFF uncachable
May 11 09:10:46 ubuntu kernel: [    0.000000]   F0000-FFFFF write-protect
May 11 09:10:46 ubuntu kernel: [    0.000000] MTRR variable ranges enabled:
May 11 09:10:46 ubuntu kernel: [    0.000000]   0 base 00000000000 mask 7C000000000 write-back
May 11 09:10:46 ubuntu kernel: [    0.000000]   1 base 000C0000000 mask 7FFC0000000 uncachable
May 11 09:10:46 ubuntu kernel: [    0.000000]   2 disabled
May 11 09:10:46 ubuntu kernel: [    0.000000]   3 disabled
May 11 09:10:46 ubuntu kernel: [    0.000000]   4 disabled
May 11 09:10:46 ubuntu kernel: [    0.000000]   5 disabled
May 11 09:10:46 ubuntu kernel: [    0.000000]   6 disabled
May 11 09:10:46 ubuntu kernel: [    0.000000]   7 disabled
May 11 09:10:46 ubuntu kernel: [    0.000000] x86/PAT: Configuration [0-7]: WB  WC  UC- UC  WB  WP  UC- WT  
May 11 09:10:46 ubuntu systemd-modules-load[356]: Inserted module 'lp'
May 11 09:10:46 ubuntu systemd-modules-load[356]: Inserted module 'ppdev'
May 11 09:10:46 ubuntu systemd-modules-load[356]: Inserted module 'parport_pc'
May 11 09:10:46 ubuntu systemd-modules-load[356]: Module 'fuse' is builtin
May 11 09:10:46 ubuntu loadkeys[361]: Loading /etc/console-setup/cached.kmap.gz
May 11 09:10:46 ubuntu kernel: [    0.000000] total RAM covered: 261120M
May 11 09:10:46 ubuntu kernel: [    0.000000]  gran_size: 64K 	chunk_size: 64K 	num_reg: 8  	lose cover RAM: 0G
May 11 09:10:46 ubuntu kernel: [    0.000000]  gran_size: 64K 	chunk_size: 128K 	num_reg: 8  	lose cover RAM: 0G
May 11 09:10:46 ubuntu kernel: [    0.000000]  gran_size: 64K 	chunk_size: 256K 	num_reg: 8  	lose cover RAM: 0G
May 11 09:10:46 ubuntu kernel: [    0.000000]  gran_size: 64K 	chunk_size: 512K 	num_reg: 8  	lose cover RAM: 0G
May 11 09:10:46 ubuntu kernel: [    0.000000]  gran_size: 64K 	chunk_size: 1M 	num_reg: 8  	lose cover RAM: 0G
May 11 09:10:46 ubuntu systemd[1]: Started udev Kernel Device Manager.
May 11 09:10:46 ubuntu systemd[1]: Starting Remount Root and Kernel File Systems...
May 11 09:10:46 ubuntu systemd[1]: Started Apply Kernel Variables.
May 11 09:10:46 ubuntu systemd[1]: Started Remount Root and Kernel File Systems.
May 11 09:10:46 ubuntu systemd[1]: Starting Load/Save Random Seed...
May 11 09:10:46 ubuntu systemd[1]: Reached target Local File Systems (Pre).
May 11 09:10:46 ubuntu systemd[1]: Reached target Local File Systems.
May 11 09:10:46 ubuntu systemd[1]: Starting Clean up any mess left by 0dns-up...
May 11 09:10:46 ubuntu systemd[1]: Starting Set console font and keymap...
May 11 09:10:46 ubuntu systemd[1]: Starting Tell Plymouth To Write Out Runtime Data...
May 11 09:10:46 ubuntu systemd[1]: Starting LSB: AppArmor initialization...
May 11 09:10:46 ubuntu systemd[1]: Starting udev Coldplug all Devices...
May 11 09:10:46 ubuntu systemd[1]: Starting Flush Journal to Persistent Storage...
May 11 09:10:46 ubuntu systemd[1]: Mounted VMware vmblock fuse mount.
May 11 09:10:46 ubuntu systemd[1]: Started Service for virtual machines hosted on VMware.
May 11 09:10:46 ubuntu systemd[1]: Started Load/Save Random Seed.
May 11 09:10:46 ubuntu systemd[1]: Started Tell Plymouth To Write Out Runtime Data.
May 11 09:10:46 ubuntu systemd[1]: Started Clean up any mess left by 0dns-up.
May 11 09:10:46 ubuntu systemd[1]: Starting Nameserver information manager...
May 11 09:10:46 ubuntu systemd[1]: Started Nameserver information manager.
May 11 09:10:46 ubuntu systemd[1]: Reached target Network (Pre).
May 11 09:10:46 ubuntu systemd[1]: Started udev Coldplug all Devices.
May 11 09:10:46 ubuntu systemd[1]: Started Dispatch Password Requests to Console Directory Watch.
May 11 09:10:46 ubuntu systemd[1]: Started Flush Journal to Persistent Storage.
May 11 09:10:46 ubuntu rsyslogd-2039: Could not open output pipe '/dev/xconsole':: No such file or directory [v8.16.0 try http://www.rsyslog.com/e/2039 ]
May 11 09:10:46 ubuntu systemd[1]: Starting Create Volatile Files and Directories...
May 11 09:10:46 ubuntu rsyslogd-2007: action 'action 10' suspended, next retry is Mon May 11 09:11:16 2020 [v8.16.0 try http://www.rsyslog.com/e/2007 ]
May 11 09:10:46 ubuntu systemd-tmpfiles[504]: [/usr/lib/tmpfiles.d/var.conf:14] Duplicate line for path "/var/log", ignoring.
May 11 09:10:46 ubuntu systemd[1]: Started Create Volatile Files and Directories.
May 11 09:10:46 ubuntu systemd[1]: Starting Network Time Synchronization...
May 11 09:10:46 ubuntu systemd[1]: Starting Update UTMP about System Boot/Shutdown...
May 11 09:10:46 ubuntu apparmor[408]:  * Starting AppArmor profiles
May 11 09:10:46 ubuntu systemd[1]: Started Network Time Synchronization.
May 11 09:10:46 ubuntu systemd[1]: Reached target System Time Synchronized.
May 11 09:10:46 ubuntu systemd[1]: Started Update UTMP about System Boot/Shutdown.
May 11 09:10:46 ubuntu systemd[1]: Started Set console font and keymap.
May 11 09:10:46 ubuntu systemd[1]: Created slice system-getty.slice.
May 11 09:10:46 ubuntu mtp-probe: checking bus 2, device 2: "/sys/devices/pci0000:00/0000:00:11.0/0000:02:00.0/usb2/2-1"
May 11 09:10:46 ubuntu mtp-probe: bus: 2, device: 2 was not an MTP device
May 11 09:10:46 ubuntu systemd[1]: Listening on Load/Save RF Kill Switch Status /dev/rfkill Watch.
May 11 09:10:46 ubuntu systemd[1]: Starting Load/Save RF Kill Switch Status...
May 11 09:10:46 ubuntu systemd[1]: Started Load/Save RF Kill Switch Status.
May 11 09:10:46 ubuntu systemd[1]: Started Braille Device Support.
May 11 09:10:46 ubuntu systemd[1]: Starting Tell Plymouth To Write Out Runtime Data...
May 11 09:10:46 ubuntu apparmor[408]: Skipping profile in /etc/apparmor.d/disable: usr.bin.firefox
May 11 09:10:46 ubuntu systemd[1]: Started Tell Plymouth To Write Out Runtime Data.
May 11 09:10:46 ubuntu apparmor[408]: Skipping profile in /etc/apparmor.d/disable: usr.sbin.rsyslogd
May 11 09:10:46 ubuntu apparmor[408]:    ...done.
May 11 09:10:46 ubuntu systemd[1]: Started LSB: AppArmor initialization.
May 11 09:10:46 ubuntu systemd[1]: Starting Raise network interfaces...
May 11 09:10:46 ubuntu systemd[1]: Started Raise network interfaces.
May 11 09:10:46 ubuntu systemd[1]: Found device VMware_Virtual_S 5.
May 11 09:10:46 ubuntu systemd[1]: Activating swap /dev/disk/by-uuid/8208ad62-4a01-4ca5-8409-256013ed9ef5...
May 11 09:10:46 ubuntu systemd[1]: Activated swap /dev/disk/by-uuid/8208ad62-4a01-4ca5-8409-256013ed9ef5.
May 11 09:10:46 ubuntu systemd[1]: Reached target Swap.
May 11 09:10:46 ubuntu systemd[1]: Reached target System Initialization.
May 11 09:10:46 ubuntu systemd[1]: Starting Socket activation for snappy daemon.
May 11 09:10:46 ubuntu systemd[1]: Listening on CUPS Scheduler.
May 11 09:10:46 ubuntu systemd[1]: Listening on UUID daemon activation socket.
May 11 09:10:46 ubuntu systemd[1]: Listening on Avahi mDNS/DNS-SD Stack Activation Socket.
May 11 09:10:46 ubuntu systemd[1]: Started Daily Cleanup of Temporary Directories.
May 11 09:10:46 ubuntu systemd[1]: Listening on ACPID Listen Socket.
May 11 09:10:46 ubuntu systemd[1]: Started ACPI Events Check.
May 11 09:10:46 ubuntu systemd[1]: Started CUPS Scheduler.
May 11 09:10:46 ubuntu systemd[1]: Reached target Paths.
May 11 09:10:46 ubuntu systemd[1]: Listening on D-Bus System Message Bus Socket.
May 11 09:10:46 ubuntu systemd[1]: Started Daily apt download activities.
May 11 09:10:46 ubuntu systemd[1]: Started Daily apt upgrade and clean activities.
May 11 09:10:46 ubuntu systemd[1]: Reached target Timers.
May 11 09:10:46 ubuntu systemd[1]: Listening on Socket activation for snappy daemon.
May 11 09:10:46 ubuntu systemd[1]: Reached target Sockets.
May 11 09:10:46 ubuntu kernel: [    0.000000]  gran_size: 64K 	chunk_size: 2M 	num_reg: 8  	lose cover RAM: 0G
May 11 09:10:46 ubuntu kernel: [    0.000000]  gran_size: 64K 	chunk_size: 4M 	num_reg: 8  	lose cover RAM: 0G
May 11 09:10:46 ubuntu kernel: [    0.000000]  gran_size: 64K 	chunk_size: 8M 	num_reg: 8  	lose cover RAM: 0G
May 11 09:10:46 ubuntu kernel: [    0.000000]  gran_size: 64K 	chunk_size: 16M 	num_reg: 8  	lose cover RAM: 0G
May 11 09:10:46 ubuntu kernel: [    0.000000]  gran_size: 64K 	chunk_size: 32M 	num_reg: 8  	lose cover RAM: 0G
May 11 09:10:46 ubuntu kernel: [    0.000000]  gran_size: 64K 	chunk_size: 64M 	num_reg: 8  	lose cover RAM: 0G
May 11 09:10:46 ubuntu kernel: [    0.000000]  gran_size: 64K 	chunk_size: 128M 	num_reg: 8  	lose cover RAM: 0G
May 11 09:10:46 ubuntu kernel: [    0.000000]  gran_size: 64K 	chunk_size: 256M 	num_reg: 8  	lose cover RAM: 0G
May 11 09:10:46 ubuntu kernel: [    0.000000]  gran_size: 64K 	chunk_size: 512M 	num_reg: 8  	lose cover RAM: 0G
May 11 09:10:46 ubuntu kernel: [    0.000000]  gran_size: 64K 	chunk_size: 1G 	num_reg: 8  	lose cover RAM: 0G
May 11 09:10:46 ubuntu kernel: [    0.000000]  gran_size: 64K 	chunk_size: 2G 	num_reg: 8  	lose cover RAM: 0G
May 11 09:10:46 ubuntu kernel: [    0.000000]  gran_size: 128K 	chunk_size: 128K 	num_reg: 8  	lose cover RAM: 0G
May 11 09:10:46 ubuntu kernel: [    0.000000]  gran_size: 128K 	chunk_size: 256K 	num_reg: 8  	lose cover RAM: 0G
May 11 09:10:46 ubuntu kernel: [    0.000000]  gran_size: 128K 	chunk_size: 512K 	num_reg: 8  	lose cover RAM: 0G
May 11 09:10:46 ubuntu kernel: [    0.000000]  gran_size: 128K 	chunk_size: 1M 	num_reg: 8  	lose cover RAM: 0G
May 11 09:10:46 ubuntu kernel: [    0.000000]  gran_size: 128K 	chunk_size: 2M 	num_reg: 8  	lose cover RAM: 0G
May 11 09:10:46 ubuntu kernel: [    0.000000]  gran_size: 128K 	chunk_size: 4M 	num_reg: 8  	lose cover RAM: 0G
May 11 09:10:46 ubuntu kernel: [    0.000000]  gran_size: 128K 	chunk_size: 8M 	num_reg: 8  	lose cover RAM: 0G
May 11 09:10:46 ubuntu kernel: [    0.000000]  gran_size: 128K 	chunk_size: 16M 	num_reg: 8  	lose cover RAM: 0G
May 11 09:10:46 ubuntu kernel: [    0.000000]  gran_size: 128K 	chunk_size: 32M 	num_reg: 8  	lose cover RAM: 0G
May 11 09:10:46 ubuntu kernel: [    0.000000]  gran_size: 128K 	chunk_size: 64M 	num_reg: 8  	lose cover RAM: 0G
May 11 09:10:46 ubuntu kernel: [    0.000000]  gran_size: 128K 	chunk_size: 128M 	num_reg: 8  	lose cover RAM: 0G
May 11 09:10:46 ubuntu kernel: [    0.000000]  gran_size: 128K 	chunk_size: 256M 	num_reg: 8  	lose cover RAM: 0G
May 11 09:10:46 ubuntu kernel: [    0.000000]  gran_size: 128K 	chunk_size: 512M 	num_reg: 8  	lose cover RAM: 0G
May 11 09:10:46 ubuntu kernel: [    0.000000]  gran_size: 128K 	chunk_size: 1G 	num_reg: 8  	lose cover RAM: 0G
May 11 09:10:46 ubuntu kernel: [    0.000000]  gran_size: 128K 	chunk_size: 2G 	num_reg: 8  	lose cover RAM: 0G
May 11 09:10:46 ubuntu kernel: [    0.000000]  gran_size: 256K 	chunk_size: 256K 	num_reg: 8  	lose cover RAM: 0G
May 11 09:10:46 ubuntu kernel: [    0.000000]  gran_size: 256K 	chunk_size: 512K 	num_reg: 8  	lose cover RAM: 0G
May 11 09:10:46 ubuntu kernel: [    0.000000]  gran_size: 256K 	chunk_size: 1M 	num_reg: 8  	lose cover RAM: 0G
May 11 09:10:46 ubuntu kernel: [    0.000000]  gran_size: 256K 	chunk_size: 2M 	num_reg: 8  	lose cover RAM: 0G
May 11 09:10:46 ubuntu kernel: [    0.000000]  gran_size: 256K 	chunk_size: 4M 	num_reg: 8  	lose cover RAM: 0G
May 11 09:10:46 ubuntu kernel: [    0.000000]  gran_size: 256K 	chunk_size: 8M 	num_reg: 8  	lose cover RAM: 0G
May 11 09:10:46 ubuntu kernel: [    0.000000]  gran_size: 256K 	chunk_size: 16M 	num_reg: 8  	lose cover RAM: 0G
May 11 09:10:46 ubuntu kernel: [    0.000000]  gran_size: 256K 	chunk_size: 32M 	num_reg: 8  	lose cover RAM: 0G
May 11 09:10:46 ubuntu kernel: [    0.000000]  gran_size: 256K 	chunk_size: 64M 	num_reg: 8  	lose cover RAM: 0G
May 11 09:10:46 ubuntu kernel: [    0.000000]  gran_size: 256K 	chunk_size: 128M 	num_reg: 8  	lose cover RAM: 0G
May 11 09:10:46 ubuntu kernel: [    0.000000]  gran_size: 256K 	chunk_size: 256M 	num_reg: 8  	lose cover RAM: 0G
May 11 09:10:46 ubuntu kernel: [    0.000000]  gran_size: 256K 	chunk_size: 512M 	num_reg: 8  	lose cover RAM: 0G
May 11 09:10:46 ubuntu kernel: [    0.000000]  gran_size: 256K 	chunk_size: 1G 	num_reg: 8  	lose cover RAM: 0G
May 11 09:10:46 ubuntu kernel: [    0.000000]  gran_size: 256K 	chunk_size: 2G 	num_reg: 8  	lose cover RAM: 0G
May 11 09:10:46 ubuntu kernel: [    0.000000]  gran_size: 512K 	chunk_size: 512K 	num_reg: 8  	lose cover RAM: 0G
May 11 09:10:46 ubuntu kernel: [    0.000000]  gran_size: 512K 	chunk_size: 1M 	num_reg: 8  	lose cover RAM: 0G
May 11 09:10:46 ubuntu kernel: [    0.000000]  gran_size: 512K 	chunk_size: 2M 	num_reg: 8  	lose cover RAM: 0G
May 11 09:10:46 ubuntu kernel: [    0.000000]  gran_size: 512K 	chunk_size: 4M 	num_reg: 8  	lose cover RAM: 0G
May 11 09:10:46 ubuntu kernel: [    0.000000]  gran_size: 512K 	chunk_size: 8M 	num_reg: 8  	lose cover RAM: 0G
May 11 09:10:46 ubuntu kernel: [    0.000000]  gran_size: 512K 	chunk_size: 16M 	num_reg: 8  	lose cover RAM: 0G
May 11 09:10:46 ubuntu kernel: [    0.000000]  gran_size: 512K 	chunk_size: 32M 	num_reg: 8  	lose cover RAM: 0G
May 11 09:10:46 ubuntu kernel: [    0.000000]  gran_size: 512K 	chunk_size: 64M 	num_reg: 8  	lose cover RAM: 0G
May 11 09:10:46 ubuntu kernel: [    0.000000]  gran_size: 512K 	chunk_size: 128M 	num_reg: 8  	lose cover RAM: 0G
May 11 09:10:46 ubuntu kernel: [    0.000000]  gran_size: 512K 	chunk_size: 256M 	num_reg: 8  	lose cover RAM: 0G
May 11 09:10:46 ubuntu kernel: [    0.000000]  gran_size: 512K 	chunk_size: 512M 	num_reg: 8  	lose cover RAM: 0G
May 11 09:10:46 ubuntu kernel: [    0.000000]  gran_size: 512K 	chunk_size: 1G 	num_reg: 8  	lose cover RAM: 0G
May 11 09:10:46 ubuntu kernel: [    0.000000]  gran_size: 512K 	chunk_size: 2G 	num_reg: 8  	lose cover RAM: 0G
May 11 09:10:46 ubuntu kernel: [    0.000000]  gran_size: 1M 	chunk_size: 1M 	num_reg: 8  	lose cover RAM: 0G
May 11 09:10:46 ubuntu kernel: [    0.000000]  gran_size: 1M 	chunk_size: 2M 	num_reg: 8  	lose cover RAM: 0G
May 11 09:10:46 ubuntu kernel: [    0.000000]  gran_size: 1M 	chunk_size: 4M 	num_reg: 8  	lose cover RAM: 0G
May 11 09:10:46 ubuntu kernel: [    0.000000]  gran_size: 1M 	chunk_size: 8M 	num_reg: 8  	lose cover RAM: 0G
May 11 09:10:46 ubuntu kernel: [    0.000000]  gran_size: 1M 	chunk_size: 16M 	num_reg: 8  	lose cover RAM: 0G
May 11 09:10:46 ubuntu kernel: [    0.000000]  gran_size: 1M 	chunk_size: 32M 	num_reg: 8  	lose cover RAM: 0G
May 11 09:10:46 ubuntu kernel: [    0.000000]  gran_size: 1M 	chunk_size: 64M 	num_reg: 8  	lose cover RAM: 0G
May 11 09:10:46 ubuntu kernel: [    0.000000]  gran_size: 1M 	chunk_size: 128M 	num_reg: 8  	lose cover RAM: 0G
May 11 09:10:46 ubuntu kernel: [    0.000000]  gran_size: 1M 	chunk_size: 256M 	num_reg: 8  	lose cover RAM: 0G
May 11 09:10:46 ubuntu kernel: [    0.000000]  gran_size: 1M 	chunk_size: 512M 	num_reg: 8  	lose cover RAM: 0G
May 11 09:10:46 ubuntu kernel: [    0.000000]  gran_size: 1M 	chunk_size: 1G 	num_reg: 8  	lose cover RAM: 0G
May 11 09:10:46 ubuntu kernel: [    0.000000]  gran_size: 1M 	chunk_size: 2G 	num_reg: 8  	lose cover RAM: 0G
May 11 09:10:46 ubuntu kernel: [    0.000000]  gran_size: 2M 	chunk_size: 2M 	num_reg: 8  	lose cover RAM: 0G
May 11 09:10:46 ubuntu kernel: [    0.000000]  gran_size: 2M 	chunk_size: 4M 	num_reg: 8  	lose cover RAM: 0G
May 11 09:10:46 ubuntu kernel: [    0.000000]  gran_size: 2M 	chunk_size: 8M 	num_reg: 8  	lose cover RAM: 0G
May 11 09:10:46 ubuntu kernel: [    0.000000]  gran_size: 2M 	chunk_size: 16M 	num_reg: 8  	lose cover RAM: 0G
May 11 09:10:46 ubuntu kernel: [    0.000000]  gran_size: 2M 	chunk_size: 32M 	num_reg: 8  	lose cover RAM: 0G
May 11 09:10:46 ubuntu kernel: [    0.000000]  gran_size: 2M 	chunk_size: 64M 	num_reg: 8  	lose cover RAM: 0G
May 11 09:10:46 ubuntu kernel: [    0.000000]  gran_size: 2M 	chunk_size: 128M 	num_reg: 8  	lose cover RAM: 0G
May 11 09:10:46 ubuntu kernel: [    0.000000]  gran_size: 2M 	chunk_size: 256M 	num_reg: 8  	lose cover RAM: 0G
May 11 09:10:46 ubuntu kernel: [    0.000000]  gran_size: 2M 	chunk_size: 512M 	num_reg: 8  	lose cover RAM: 0G
May 11 09:10:46 ubuntu kernel: [    0.000000]  gran_size: 2M 	chunk_size: 1G 	num_reg: 8  	lose cover RAM: 0G
May 11 09:10:46 ubuntu kernel: [    0.000000]  gran_size: 2M 	chunk_size: 2G 	num_reg: 8  	lose cover RAM: 0G
May 11 09:10:46 ubuntu kernel: [    0.000000]  gran_size: 4M 	chunk_size: 4M 	num_reg: 8  	lose cover RAM: 0G
May 11 09:10:46 ubuntu kernel: [    0.000000]  gran_size: 4M 	chunk_size: 8M 	num_reg: 8  	lose cover RAM: 0G
May 11 09:10:46 ubuntu kernel: [    0.000000]  gran_size: 4M 	chunk_size: 16M 	num_reg: 8  	lose cover RAM: 0G
May 11 09:10:46 ubuntu kernel: [    0.000000]  gran_size: 4M 	chunk_size: 32M 	num_reg: 8  	lose cover RAM: 0G
May 11 09:10:46 ubuntu kernel: [    0.000000]  gran_size: 4M 	chunk_size: 64M 	num_reg: 8  	lose cover RAM: 0G
May 11 09:10:46 ubuntu kernel: [    0.000000]  gran_size: 4M 	chunk_size: 128M 	num_reg: 8  	lose cover RAM: 0G
May 11 09:10:46 ubuntu kernel: [    0.000000]  gran_size: 4M 	chunk_size: 256M 	num_reg: 8  	lose cover RAM: 0G
May 11 09:10:46 ubuntu kernel: [    0.000000]  gran_size: 4M 	chunk_size: 512M 	num_reg: 8  	lose cover RAM: 0G
May 11 09:10:46 ubuntu kernel: [    0.000000]  gran_size: 4M 	chunk_size: 1G 	num_reg: 8  	lose cover RAM: 0G
May 11 09:10:46 ubuntu kernel: [    0.000000]  gran_size: 4M 	chunk_size: 2G 	num_reg: 8  	lose cover RAM: 0G
May 11 09:10:46 ubuntu kernel: [    0.000000]  gran_size: 8M 	chunk_size: 8M 	num_reg: 8  	lose cover RAM: 0G
May 11 09:10:46 ubuntu kernel: [    0.000000]  gran_size: 8M 	chunk_size: 16M 	num_reg: 8  	lose cover RAM: 0G
May 11 09:10:46 ubuntu kernel: [    0.000000]  gran_size: 8M 	chunk_size: 32M 	num_reg: 8  	lose cover RAM: 0G
May 11 09:10:46 ubuntu kernel: [    0.000000]  gran_size: 8M 	chunk_size: 64M 	num_reg: 8  	lose cover RAM: 0G
May 11 09:10:46 ubuntu kernel: [    0.000000]  gran_size: 8M 	chunk_size: 128M 	num_reg: 8  	lose cover RAM: 0G
May 11 09:10:46 ubuntu kernel: [    0.000000]  gran_size: 8M 	chunk_size: 256M 	num_reg: 8  	lose cover RAM: 0G
May 11 09:10:46 ubuntu kernel: [    0.000000]  gran_size: 8M 	chunk_size: 512M 	num_reg: 8  	lose cover RAM: 0G
May 11 09:10:46 ubuntu kernel: [    0.000000]  gran_size: 8M 	chunk_size: 1G 	num_reg: 8  	lose cover RAM: 0G
May 11 09:10:46 ubuntu kernel: [    0.000000]  gran_size: 8M 	chunk_size: 2G 	num_reg: 8  	lose cover RAM: 0G
May 11 09:10:46 ubuntu kernel: [    0.000000]  gran_size: 16M 	chunk_size: 16M 	num_reg: 8  	lose cover RAM: 0G
May 11 09:10:46 ubuntu kernel: [    0.000000]  gran_size: 16M 	chunk_size: 32M 	num_reg: 8  	lose cover RAM: 0G
May 11 09:10:46 ubuntu kernel: [    0.000000]  gran_size: 16M 	chunk_size: 64M 	num_reg: 8  	lose cover RAM: 0G
May 11 09:10:46 ubuntu kernel: [    0.000000]  gran_size: 16M 	chunk_size: 128M 	num_reg: 8  	lose cover RAM: 0G
May 11 09:10:46 ubuntu kernel: [    0.000000]  gran_size: 16M 	chunk_size: 256M 	num_reg: 8  	lose cover RAM: 0G
May 11 09:10:46 ubuntu kernel: [    0.000000]  gran_size: 16M 	chunk_size: 512M 	num_reg: 8  	lose cover RAM: 0G
May 11 09:10:46 ubuntu kernel: [    0.000000]  gran_size: 16M 	chunk_size: 1G 	num_reg: 8  	lose cover RAM: 0G
May 11 09:10:46 ubuntu kernel: [    0.000000]  gran_size: 16M 	chunk_size: 2G 	num_reg: 8  	lose cover RAM: 0G
May 11 09:10:46 ubuntu kernel: [    0.000000]  gran_size: 32M 	chunk_size: 32M 	num_reg: 8  	lose cover RAM: 0G
May 11 09:10:46 ubuntu kernel: [    0.000000]  gran_size: 32M 	chunk_size: 64M 	num_reg: 8  	lose cover RAM: 0G
May 11 09:10:46 ubuntu kernel: [    0.000000]  gran_size: 32M 	chunk_size: 128M 	num_reg: 8  	lose cover RAM: 0G
May 11 09:10:46 ubuntu kernel: [    0.000000]  gran_size: 32M 	chunk_size: 256M 	num_reg: 8  	lose cover RAM: 0G
May 11 09:10:46 ubuntu kernel: [    0.000000]  gran_size: 32M 	chunk_size: 512M 	num_reg: 8  	lose cover RAM: 0G
May 11 09:10:46 ubuntu kernel: [    0.000000]  gran_size: 32M 	chunk_size: 1G 	num_reg: 8  	lose cover RAM: 0G
May 11 09:10:46 ubuntu kernel: [    0.000000]  gran_size: 32M 	chunk_size: 2G 	num_reg: 8  	lose cover RAM: 0G
May 11 09:10:46 ubuntu kernel: [    0.000000]  gran_size: 64M 	chunk_size: 64M 	num_reg: 8  	lose cover RAM: 0G
May 11 09:10:46 ubuntu kernel: [    0.000000]  gran_size: 64M 	chunk_size: 128M 	num_reg: 8  	lose cover RAM: 0G
May 11 09:10:46 ubuntu kernel: [    0.000000]  gran_size: 64M 	chunk_size: 256M 	num_reg: 8  	lose cover RAM: 0G
May 11 09:10:46 ubuntu kernel: [    0.000000]  gran_size: 64M 	chunk_size: 512M 	num_reg: 8  	lose cover RAM: 0G
May 11 09:10:46 ubuntu kernel: [    0.000000]  gran_size: 64M 	chunk_size: 1G 	num_reg: 8  	lose cover RAM: 0G
May 11 09:10:46 ubuntu kernel: [    0.000000]  gran_size: 64M 	chunk_size: 2G 	num_reg: 8  	lose cover RAM: 0G
May 11 09:10:46 ubuntu kernel: [    0.000000]  gran_size: 128M 	chunk_size: 128M 	num_reg: 8  	lose cover RAM: 0G
May 11 09:10:46 ubuntu kernel: [    0.000000]  gran_size: 128M 	chunk_size: 256M 	num_reg: 8  	lose cover RAM: 0G
May 11 09:10:46 ubuntu kernel: [    0.000000]  gran_size: 128M 	chunk_size: 512M 	num_reg: 8  	lose cover RAM: 0G
May 11 09:10:46 ubuntu kernel: [    0.000000]  gran_size: 128M 	chunk_size: 1G 	num_reg: 8  	lose cover RAM: 0G
May 11 09:10:46 ubuntu kernel: [    0.000000]  gran_size: 128M 	chunk_size: 2G 	num_reg: 8  	lose cover RAM: 0G
May 11 09:10:46 ubuntu kernel: [    0.000000]  gran_size: 256M 	chunk_size: 256M 	num_reg: 8  	lose cover RAM: 0G
May 11 09:10:46 ubuntu kernel: [    0.000000]  gran_size: 256M 	chunk_size: 512M 	num_reg: 8  	lose cover RAM: 0G
May 11 09:10:46 ubuntu kernel: [    0.000000]  gran_size: 256M 	chunk_size: 1G 	num_reg: 8  	lose cover RAM: 0G
May 11 09:10:46 ubuntu kernel: [    0.000000]  gran_size: 256M 	chunk_size: 2G 	num_reg: 8  	lose cover RAM: 0G
May 11 09:10:46 ubuntu kernel: [    0.000000]  gran_size: 512M 	chunk_size: 512M 	num_reg: 8  	lose cover RAM: 0G
May 11 09:10:46 ubuntu kernel: [    0.000000]  gran_size: 512M 	chunk_size: 1G 	num_reg: 8  	lose cover RAM: 0G
May 11 09:10:46 ubuntu kernel: [    0.000000]  gran_size: 512M 	chunk_size: 2G 	num_reg: 8  	lose cover RAM: 0G
May 11 09:10:46 ubuntu kernel: [    0.000000]  gran_size: 1G 	chunk_size: 1G 	num_reg: 8  	lose cover RAM: 0G
May 11 09:10:46 ubuntu kernel: [    0.000000]  gran_size: 1G 	chunk_size: 2G 	num_reg: 8  	lose cover RAM: 0G
May 11 09:10:46 ubuntu kernel: [    0.000000]  gran_size: 2G 	chunk_size: 2G 	num_reg: 7  	lose cover RAM: 1G
May 11 09:10:46 ubuntu kernel: [    0.000000] mtrr_cleanup: can not find optimal value
May 11 09:10:46 ubuntu kernel: [    0.000000] please specify mtrr_gran_size/mtrr_chunk_size
May 11 09:10:46 ubuntu kernel: [    0.000000] e820: update [mem 0xc0000000-0xffffffff] usable ==> reserved
May 11 09:10:46 ubuntu kernel: [    0.000000] e820: last_pfn = 0xc0000 max_arch_pfn = 0x400000000
May 11 09:10:46 ubuntu kernel: [    0.000000] found SMP MP-table at [mem 0x000f6a70-0x000f6a7f]
May 11 09:10:46 ubuntu kernel: [    0.000000] Scanning 1 areas for low memory corruption
May 11 09:10:46 ubuntu kernel: [    0.000000] Using GB pages for direct mapping
May 11 09:10:46 ubuntu kernel: [    0.000000] BRK [0x80992000, 0x80992fff] PGTABLE
May 11 09:10:46 ubuntu kernel: [    0.000000] BRK [0x80993000, 0x80993fff] PGTABLE
May 11 09:10:46 ubuntu kernel: [    0.000000] BRK [0x80994000, 0x80994fff] PGTABLE
May 11 09:10:46 ubuntu kernel: [    0.000000] BRK [0x80995000, 0x80995fff] PGTABLE
May 11 09:10:46 ubuntu kernel: [    0.000000] RAMDISK: [mem 0x3154a000-0x34a9cfff]
May 11 09:10:46 ubuntu kernel: [    0.000000] ACPI: Early table checksum verification disabled
May 11 09:10:46 ubuntu systemd[1]: Reached target Basic System.
May 11 09:10:46 ubuntu systemd[1]: Starting Login Service...
May 11 09:10:46 ubuntu systemd[1]: Started Run anacron jobs.
May 11 09:10:46 ubuntu systemd[1]: Started D-Bus System Message Bus.
May 11 09:10:46 ubuntu anacron[901]: Anacron 2.3 started on 2020-05-11
May 11 09:10:46 ubuntu dbus[902]: [system] AppArmor D-Bus mediation is enabled
May 11 09:10:46 ubuntu dbus[902]: [system] Successfully activated service 'org.freedesktop.systemd1'
May 11 09:10:46 ubuntu systemd[1]: Starting LSB: Speech Dispatcher...
May 11 09:10:46 ubuntu systemd[1]: Starting Bluetooth service...
May 11 09:10:46 ubuntu systemd[1]: Starting LSB: daemon to balance interrupts for SMP systems...
May 11 09:10:46 ubuntu bluetoothd[904]: Bluetooth daemon 5.37
May 11 09:10:46 ubuntu systemd[1]: Started ACPI event daemon.
May 11 09:10:46 ubuntu kernel: [    0.000000] ACPI: RSDP 0x00000000000F6A00 000024 (v02 PTLTD )
May 11 09:10:46 ubuntu kernel: [    0.000000] ACPI: XSDT 0x00000000BFEDB5D7 000064 (v01 INTEL  440BX    06040000 VMW  01324272)
May 11 09:10:46 ubuntu systemd[1]: Starting Permit User Sessions...
May 11 09:10:46 ubuntu anacron[901]: Will run job `cron.daily' in 5 min.
May 11 09:10:46 ubuntu anacron[901]: Will run job `cron.weekly' in 10 min.
May 11 09:10:46 ubuntu anacron[901]: Jobs will be executed sequentially
May 11 09:10:46 ubuntu systemd[1]: Started CUPS Scheduler.
May 11 09:10:46 ubuntu systemd[1]: Starting LSB: Record successful boot for GRUB...
May 11 09:10:46 ubuntu kernel: [    0.000000] ACPI: FACP 0x00000000BFEFEE73 0000F4 (v04 INTEL  440BX    06040000 PTL  000F4240)
May 11 09:10:46 ubuntu kernel: [    0.000000] ACPI: DSDT 0x00000000BFEDD001 021E72 (v01 PTLTD  Custom   06040000 MSFT 03000001)
May 11 09:10:46 ubuntu kernel: [    0.000000] ACPI: FACS 0x00000000BFEFFFC0 000040
May 11 09:10:46 ubuntu kernel: [    0.000000] ACPI: FACS 0x00000000BFEFFFC0 000040
May 11 09:10:46 ubuntu kernel: [    0.000000] ACPI: BOOT 0x00000000BFEDCFB4 000028 (v01 PTLTD  $SBFTBL$ 06040000  LTP 00000001)
May 11 09:10:46 ubuntu kernel: [    0.000000] ACPI: APIC 0x00000000BFEDC872 000742 (v01 PTLTD  ? APIC   06040000  LTP 00000000)
May 11 09:10:46 ubuntu systemd[1]: Started Authentication service for virtual machines hosted on VMware.
May 11 09:10:46 ubuntu bluetoothd[904]: Starting SDP server
May 11 09:10:46 ubuntu dbus[902]: [system] Activating via systemd: service name='org.freedesktop.hostname1' unit='dbus-org.freedesktop.hostname1.service'
May 11 09:10:46 ubuntu bluetoothd[904]: Bluetooth management interface 1.14 initialized
May 11 09:10:46 ubuntu bluetoothd[904]: Failed to obtain handles for "Service Changed" characteristic
May 11 09:10:46 ubuntu kernel: [    0.000000] ACPI: MCFG 0x00000000BFEDC836 00003C (v01 PTLTD  $PCITBL$ 06040000  LTP 00000001)
May 11 09:10:46 ubuntu kernel: [    0.000000] ACPI: SRAT 0x00000000BFEDB72F 0008D0 (v02 VMWARE MEMPLUG  06040000 VMW  00000001)
May 11 09:10:46 ubuntu kernel: [    0.000000] ACPI: HPET 0x00000000BFEDB6F7 000038 (v01 VMWARE VMW HPET 06040000 VMW  00000001)
May 11 09:10:46 ubuntu kernel: [    0.000000] ACPI: WAET 0x00000000BFEDB6CF 000028 (v01 VMWARE VMW WAET 06040000 VMW  00000001)
May 11 09:10:46 ubuntu kernel: [    0.000000] ACPI: DMAR 0x00000000BFEDB67F 000050 (v01 VMWARE VMW DMAR 06040000 VMW  00000001)
May 11 09:10:46 ubuntu bluetoothd[904]: Not enough free handles to register service
May 11 09:10:46 ubuntu bluetoothd[904]: Error adding Link Loss service
May 11 09:10:46 ubuntu bluetoothd[904]: Not enough free handles to register service
May 11 09:10:46 ubuntu kernel: [    0.000000] ACPI: Local APIC address 0xfee00000
May 11 09:10:46 ubuntu kernel: [    0.000000] system APIC only can use physical flat
May 11 09:10:46 ubuntu kernel: [    0.000000] Setting APIC routing to physical flat.
May 11 09:10:46 ubuntu kernel: [    0.000000] SRAT: PXM 0 -> APIC 0x00 -> Node 0
May 11 09:10:46 ubuntu kernel: [    0.000000] SRAT: PXM 0 -> APIC 0x01 -> Node 0
May 11 09:10:46 ubuntu kernel: [    0.000000] SRAT: PXM 0 -> APIC 0x02 -> Node 0
May 11 09:10:46 ubuntu bluetoothd[904]: message repeated 2 times: [ Not enough free handles to register service]
May 11 09:10:46 ubuntu bluetoothd[904]: Current Time Service could not be registered
May 11 09:10:46 ubuntu bluetoothd[904]: gatt-time-server: Input/output error (5)
May 11 09:10:46 ubuntu bluetoothd[904]: Not enough free handles to register service
May 11 09:10:46 ubuntu bluetoothd[904]: Not enough free handles to register service
May 11 09:10:46 ubuntu bluetoothd[904]: Sap driver initialization failed.
May 11 09:10:46 ubuntu bluetoothd[904]: sap-server: Operation not permitted (1)
May 11 09:10:46 ubuntu kernel: [    0.000000] SRAT: PXM 0 -> APIC 0x04 -> Node 0
May 11 09:10:46 ubuntu kernel: [    0.000000] SRAT: PXM 0 -> APIC 0x05 -> Node 0
May 11 09:10:46 ubuntu kernel: [    0.000000] SRAT: PXM 0 -> APIC 0x06 -> Node 0
May 11 09:10:46 ubuntu kernel: [    0.000000] SRAT: PXM 0 -> APIC 0x08 -> Node 0
May 11 09:10:46 ubuntu kernel: [    0.000000] SRAT: PXM 0 -> APIC 0x09 -> Node 0
May 11 09:10:46 ubuntu kernel: [    0.000000] SRAT: PXM 0 -> APIC 0x0a -> Node 0
May 11 09:10:46 ubuntu systemd[1]: Started Regular background program processing daemon.
May 11 09:10:46 ubuntu systemd[1]: Starting Restore /etc/resolv.conf if the system crashed before the ppp link was shut down...
May 11 09:10:46 ubuntu systemd[1]: Starting Accounts Service...
May 11 09:10:46 ubuntu systemd[1]: Starting Network Manager...
May 11 09:10:46 ubuntu systemd[1]: Starting LSB: Set the CPU Frequency Scaling governor to "ondemand"...
May 11 09:10:46 ubuntu kernel: [    0.000000] SRAT: PXM 0 -> APIC 0x0c -> Node 0
May 11 09:10:46 ubuntu kernel: [    0.000000] SRAT: PXM 0 -> APIC 0x0d -> Node 0
May 11 09:10:46 ubuntu kernel: [    0.000000] SRAT: PXM 0 -> APIC 0x0e -> Node 0
May 11 09:10:46 ubuntu kernel: [    0.000000] SRAT: PXM 0 -> APIC 0x10 -> Node 0
May 11 09:10:46 ubuntu kernel: [    0.000000] SRAT: PXM 0 -> APIC 0x11 -> Node 0
May 11 09:10:46 ubuntu kernel: [    0.000000] SRAT: PXM 0 -> APIC 0x12 -> Node 0
May 11 09:10:46 ubuntu systemd[1]: Starting Thermal Daemon Service...
May 11 09:10:46 ubuntu systemd[1]: Starting Avahi mDNS/DNS-SD Stack...
May 11 09:10:46 ubuntu systemd[1]: Starting LSB: automatic crash report generation...
May 11 09:10:46 ubuntu cron[921]: (CRON) INFO (pidfile fd = 3)
May 11 09:10:46 ubuntu systemd[1]: Starting Snappy daemon...
May 11 09:10:46 ubuntu systemd[1]: Starting System Logging Service...
May 11 09:10:46 ubuntu kernel: [    0.000000] SRAT: PXM 0 -> APIC 0x14 -> Node 0
May 11 09:10:46 ubuntu kernel: [    0.000000] SRAT: PXM 0 -> APIC 0x15 -> Node 0
May 11 09:10:46 ubuntu kernel: [    0.000000] SRAT: PXM 0 -> APIC 0x16 -> Node 0
May 11 09:10:46 ubuntu kernel: [    0.000000] SRAT: PXM 0 -> APIC 0x18 -> Node 0
May 11 09:10:46 ubuntu kernel: [    0.000000] SRAT: PXM 0 -> APIC 0x19 -> Node 0
May 11 09:10:46 ubuntu kernel: [    0.000000] SRAT: PXM 0 -> APIC 0x1a -> Node 0
May 11 09:10:46 ubuntu systemd[1]: Starting Detect the available GPUs and deal with any system changes...
May 11 09:10:46 ubuntu systemd[1]: Started Permit User Sessions.
May 11 09:10:46 ubuntu systemd[1]: Started Restore /etc/resolv.conf if the system crashed before the ppp link was shut down.
May 11 09:10:46 ubuntu systemd[1]: Started Bluetooth service.
May 11 09:10:46 ubuntu apport[929]:  * Starting automatic crash report generation: apport
May 11 09:10:46 ubuntu kernel: [    0.000000] SRAT: PXM 0 -> APIC 0x1c -> Node 0
May 11 09:10:46 ubuntu kernel: [    0.000000] SRAT: PXM 0 -> APIC 0x1d -> Node 0
May 11 09:10:46 ubuntu kernel: [    0.000000] SRAT: PXM 0 -> APIC 0x1e -> Node 0
May 11 09:10:46 ubuntu kernel: [    0.000000] SRAT: PXM 0 -> APIC 0x20 -> Node 0
May 11 09:10:46 ubuntu kernel: [    0.000000] SRAT: PXM 0 -> APIC 0x21 -> Node 0
May 11 09:10:46 ubuntu gpu-manager[937]: /etc/modprobe.d is not a file
May 11 09:10:46 ubuntu kernel: [    0.000000] SRAT: PXM 0 -> APIC 0x22 -> Node 0
May 11 09:10:46 ubuntu kernel: [    0.000000] SRAT: PXM 0 -> APIC 0x24 -> Node 0
May 11 09:10:46 ubuntu kernel: [    0.000000] SRAT: PXM 0 -> APIC 0x25 -> Node 0
May 11 09:10:46 ubuntu kernel: [    0.000000] SRAT: PXM 0 -> APIC 0x26 -> Node 0
May 11 09:10:46 ubuntu kernel: [    0.000000] SRAT: PXM 0 -> APIC 0x28 -> Node 0
May 11 09:10:46 ubuntu kernel: [    0.000000] SRAT: PXM 0 -> APIC 0x29 -> Node 0
May 11 09:10:46 ubuntu gpu-manager[937]: message repeated 4 times: [ /etc/modprobe.d is not a file]
May 11 09:10:46 ubuntu gpu-manager[937]: Error: can't open /lib/modules/4.15.0-99-generic/updates/dkms
May 11 09:10:46 ubuntu gpu-manager[937]: Error: can't open /lib/modules/4.15.0-99-generic/updates/dkms
May 11 09:10:46 ubuntu speech-dispatcher[903]:  * speech-dispatcher disabled; edit /etc/default/speech-dispatcher
May 11 09:10:46 ubuntu irqbalance[905]:  * Starting SMP IRQ Balancer: irqbalance
May 11 09:10:46 ubuntu irqbalance[905]:    ...done.
May 11 09:10:46 ubuntu cron[921]: (CRON) INFO (Running @reboot jobs)
May 11 09:10:46 ubuntu acpid: starting up with netlink and the input layer
May 11 09:10:46 ubuntu kernel: [    0.000000] SRAT: PXM 0 -> APIC 0x2a -> Node 0
May 11 09:10:46 ubuntu kernel: [    0.000000] SRAT: PXM 0 -> APIC 0x2c -> Node 0
May 11 09:10:46 ubuntu kernel: [    0.000000] SRAT: PXM 0 -> APIC 0x2d -> Node 0
May 11 09:10:46 ubuntu kernel: [    0.000000] SRAT: PXM 0 -> APIC 0x2e -> Node 0
May 11 09:10:46 ubuntu kernel: [    0.000000] SRAT: PXM 0 -> APIC 0x30 -> Node 0
May 11 09:10:46 ubuntu kernel: [    0.000000] SRAT: PXM 0 -> APIC 0x31 -> Node 0
May 11 09:10:46 ubuntu gpu-manager[937]: update-alternatives: error: no alternatives for x86_64-linux-gnu_gfxcore_conf
May 11 09:10:46 ubuntu acpid: 9 rules loaded
May 11 09:10:46 ubuntu acpid: waiting for events: event logging is off
May 11 09:10:46 ubuntu apport[929]:    ...done.
May 11 09:10:46 ubuntu systemd[1]: Started LSB: Speech Dispatcher.
May 11 09:10:46 ubuntu kernel: [    0.000000] SRAT: PXM 0 -> APIC 0x32 -> Node 0
May 11 09:10:46 ubuntu kernel: [    0.000000] SRAT: PXM 0 -> APIC 0x34 -> Node 0
May 11 09:10:46 ubuntu kernel: [    0.000000] SRAT: PXM 0 -> APIC 0x35 -> Node 0
May 11 09:10:46 ubuntu kernel: [    0.000000] SRAT: PXM 0 -> APIC 0x36 -> Node 0
May 11 09:10:46 ubuntu kernel: [    0.000000] SRAT: PXM 0 -> APIC 0x38 -> Node 0
May 11 09:10:46 ubuntu kernel: [    0.000000] SRAT: PXM 0 -> APIC 0x39 -> Node 0
May 11 09:10:46 ubuntu systemd[1]: Started LSB: daemon to balance interrupts for SMP systems.
May 11 09:10:46 ubuntu systemd[1]: Started LSB: automatic crash report generation.
May 11 09:10:46 ubuntu systemd[1]: Started Detect the available GPUs and deal with any system changes.
May 11 09:10:46 ubuntu systemd[1]: Started Login Service.
May 11 09:10:46 ubuntu systemd[1]: Reached target Sound Card.
May 11 09:10:46 ubuntu systemd[1]: Starting Hostname Service...
May 11 09:10:46 ubuntu kernel: [    0.000000] SRAT: PXM 0 -> APIC 0x3a -> Node 0
May 11 09:10:46 ubuntu kernel: [    0.000000] SRAT: PXM 0 -> APIC 0x3c -> Node 0
May 11 09:10:46 ubuntu kernel: [    0.000000] SRAT: PXM 0 -> APIC 0x3d -> Node 0
May 11 09:10:46 ubuntu kernel: [    0.000000] SRAT: PXM 0 -> APIC 0x3e -> Node 0
May 11 09:10:46 ubuntu kernel: [    0.000000] SRAT: PXM 0 -> APIC 0x40 -> Node 0
May 11 09:10:46 ubuntu kernel: [    0.000000] SRAT: PXM 0 -> APIC 0x41 -> Node 0
May 11 09:10:46 ubuntu systemd[1]: Reached target Bluetooth.
May 11 09:10:46 ubuntu VGAuthService[917]: ** Message: Pref_Init: Using '/etc/vmware-tools/vgauth.conf' as preferences filepath
May 11 09:10:46 ubuntu systemd[1]: Starting Light Display Manager...
May 11 09:10:46 ubuntu systemd[1]: Starting Hold until boot process finishes up...
May 11 09:10:46 ubuntu VGAuthService[917]: ** Message: Core dump limit set to -1
May 11 09:10:46 ubuntu kernel: [    0.000000] SRAT: PXM 0 -> APIC 0x42 -> Node 0
May 11 09:10:46 ubuntu kernel: [    0.000000] SRAT: PXM 0 -> APIC 0x44 -> Node 0
May 11 09:10:46 ubuntu kernel: [    0.000000] SRAT: PXM 0 -> APIC 0x45 -> Node 0
May 11 09:10:46 ubuntu kernel: [    0.000000] SRAT: PXM 0 -> APIC 0x46 -> Node 0
May 11 09:10:46 ubuntu kernel: [    0.000000] SRAT: PXM 0 -> APIC 0x48 -> Node 0
May 11 09:10:46 ubuntu kernel: [    0.000000] SRAT: PXM 0 -> APIC 0x49 -> Node 0
May 11 09:10:46 ubuntu VGAuthService[917]: ** Message: Cannot load message catalog for domain 'VGAuthService', language 'C', catalog dir '.'.
May 11 09:10:46 ubuntu VGAuthService[917]: ** Message: INIT SERVICE
May 11 09:10:46 ubuntu VGAuthService[917]: ** Message: Using '/var/lib/vmware/VGAuth/aliasStore' for alias store root directory
May 11 09:10:46 ubuntu systemd[1]: Started LSB: Set the CPU Frequency Scaling governor to "ondemand".
May 11 09:10:46 ubuntu systemd[1]: Started Hold until boot process finishes up.
May 11 09:10:46 ubuntu avahi-daemon[928]: Found user 'avahi' (UID 111) and group 'avahi' (GID 120).
May 11 09:10:46 ubuntu kernel: [    0.000000] SRAT: PXM 0 -> APIC 0x4a -> Node 0
May 11 09:10:46 ubuntu kernel: [    0.000000] SRAT: PXM 0 -> APIC 0x4c -> Node 0
May 11 09:10:46 ubuntu kernel: [    0.000000] SRAT: PXM 0 -> APIC 0x4d -> Node 0
May 11 09:10:46 ubuntu kernel: [    0.000000] SRAT: PXM 0 -> APIC 0x4e -> Node 0
May 11 09:10:46 ubuntu kernel: [    0.000000] SRAT: PXM 0 -> APIC 0x50 -> Node 0
May 11 09:10:46 ubuntu avahi-daemon[928]: Successfully dropped root privileges.
May 11 09:10:46 ubuntu avahi-daemon[928]: avahi-daemon 0.6.32-rc starting up.
May 11 09:10:46 ubuntu avahi-daemon[928]: Successfully called chroot().
May 11 09:10:46 ubuntu avahi-daemon[928]: Successfully dropped remaining capabilities.
May 11 09:10:46 ubuntu systemd[1]: Started Avahi mDNS/DNS-SD Stack.
May 11 09:10:46 ubuntu avahi-daemon[928]: No service file found in /etc/avahi/services.
May 11 09:10:46 ubuntu kernel: [    0.000000] SRAT: PXM 0 -> APIC 0x51 -> Node 0
May 11 09:10:46 ubuntu kernel: [    0.000000] SRAT: PXM 0 -> APIC 0x52 -> Node 0
May 11 09:10:46 ubuntu kernel: [    0.000000] SRAT: PXM 0 -> APIC 0x54 -> Node 0
May 11 09:10:46 ubuntu kernel: [    0.000000] SRAT: PXM 0 -> APIC 0x55 -> Node 0
May 11 09:10:46 ubuntu kernel: [    0.000000] SRAT: PXM 0 -> APIC 0x56 -> Node 0
May 11 09:10:46 ubuntu kernel: [    0.000000] SRAT: PXM 0 -> APIC 0x58 -> Node 0
May 11 09:10:46 ubuntu systemd[1]: Started Make remote CUPS printers available locally.
May 11 09:10:46 ubuntu systemd[1]: Starting Set console scheme...
May 11 09:10:46 ubuntu systemd[1]: Started Getty on tty1.
May 11 09:10:46 ubuntu systemd[1]: Reached target Login Prompts.
May 11 09:10:46 ubuntu thermald[927]: NO RAPL sysfs present
May 11 09:10:46 ubuntu thermald[927]: 22 CPUID levels; family:model:stepping 0x6:8e:a (6:142:10)
May 11 09:10:46 ubuntu kernel: [    0.000000] SRAT: PXM 0 -> APIC 0x59 -> Node 0
May 11 09:10:46 ubuntu kernel: [    0.000000] SRAT: PXM 0 -> APIC 0x5a -> Node 0
May 11 09:10:46 ubuntu kernel: [    0.000000] SRAT: PXM 0 -> APIC 0x5c -> Node 0
May 11 09:10:46 ubuntu kernel: [    0.000000] SRAT: PXM 0 -> APIC 0x5d -> Node 0
May 11 09:10:46 ubuntu kernel: [    0.000000] SRAT: PXM 0 -> APIC 0x5e -> Node 0
May 11 09:10:46 ubuntu kernel: [    0.000000] SRAT: PXM 0 -> APIC 0x60 -> Node 0
May 11 09:10:46 ubuntu thermald[927]: Polling mode is enabled: 4
May 11 09:10:46 ubuntu thermald[927]: Thermal DTS: No coretemp sysfs found
May 11 09:10:46 ubuntu avahi-daemon[928]: Network interface enumeration completed.
May 11 09:10:46 ubuntu avahi-daemon[928]: Server startup complete. Host name is ubuntu.local. Local service cookie is 3951782384.
May 11 09:10:46 ubuntu systemd[1]: Started Thermal Daemon Service.
May 11 09:10:46 ubuntu kernel: [    0.000000] SRAT: PXM 0 -> APIC 0x61 -> Node 0
May 11 09:10:46 ubuntu kernel: [    0.000000] SRAT: PXM 0 -> APIC 0x62 -> Node 0
May 11 09:10:46 ubuntu kernel: [    0.000000] SRAT: PXM 0 -> APIC 0x64 -> Node 0
May 11 09:10:46 ubuntu kernel: [    0.000000] SRAT: PXM 0 -> APIC 0x65 -> Node 0
May 11 09:10:46 ubuntu kernel: [    0.000000] SRAT: PXM 0 -> APIC 0x66 -> Node 0
May 11 09:10:46 ubuntu kernel: [    0.000000] SRAT: PXM 0 -> APIC 0x68 -> Node 0
May 11 09:10:46 ubuntu VGAuthService[917]: ** Message: LoadCatalogAndSchema: Using '/etc/vmware-tools/vgauth/schemas' for SAML schemas
May 11 09:10:46 ubuntu systemd[1]: Started System Logging Service.
May 11 09:10:46 ubuntu thermald[927]: Thermal DTS or hwmon: No Zones present Need to configure manually
May 11 09:10:46 ubuntu thermald[927]: No thermal sensors found
May 11 09:10:46 ubuntu thermald[927]: THD engine start failed
May 11 09:10:46 ubuntu systemd[1]: Starting The osquery Daemon...
May 11 09:10:46 ubuntu kernel: [    0.000000] SRAT: PXM 0 -> APIC 0x69 -> Node 0
May 11 09:10:46 ubuntu kernel: [    0.000000] SRAT: PXM 0 -> APIC 0x6a -> Node 0
May 11 09:10:46 ubuntu kernel: [    0.000000] SRAT: PXM 0 -> APIC 0x6c -> Node 0
May 11 09:10:46 ubuntu kernel: [    0.000000] SRAT: PXM 0 -> APIC 0x6d -> Node 0
May 11 09:10:46 ubuntu kernel: [    0.000000] SRAT: PXM 0 -> APIC 0x6e -> Node 0
May 11 09:10:46 ubuntu kernel: [    0.000000] SRAT: PXM 0 -> APIC 0x70 -> Node 0
May 11 09:10:46 ubuntu kernel: [    0.000000] SRAT: PXM 0 -> APIC 0x71 -> Node 0
May 11 09:10:46 ubuntu kernel: [    0.000000] SRAT: PXM 0 -> APIC 0x72 -> Node 0
May 11 09:10:46 ubuntu kernel: [    0.000000] SRAT: PXM 0 -> APIC 0x74 -> Node 0
May 11 09:10:46 ubuntu kernel: [    0.000000] SRAT: PXM 0 -> APIC 0x75 -> Node 0
May 11 09:10:46 ubuntu kernel: [    0.000000] SRAT: PXM 0 -> APIC 0x76 -> Node 0
May 11 09:10:46 ubuntu kernel: [    0.000000] SRAT: PXM 0 -> APIC 0x78 -> Node 0
May 11 09:10:46 ubuntu kernel: [    0.000000] SRAT: PXM 0 -> APIC 0x79 -> Node 0
May 11 09:10:46 ubuntu kernel: [    0.000000] SRAT: PXM 0 -> APIC 0x7a -> Node 0
May 11 09:10:46 ubuntu kernel: [    0.000000] SRAT: PXM 0 -> APIC 0x7c -> Node 0
May 11 09:10:46 ubuntu kernel: [    0.000000] SRAT: PXM 0 -> APIC 0x7d -> Node 0
May 11 09:10:46 ubuntu kernel: [    0.000000] SRAT: PXM 0 -> APIC 0x7e -> Node 0
May 11 09:10:46 ubuntu kernel: [    0.000000] SRAT: PXM 0 -> APIC 0x80 -> Node 0
May 11 09:10:46 ubuntu kernel: [    0.000000] SRAT: PXM 0 -> APIC 0x81 -> Node 0
May 11 09:10:46 ubuntu kernel: [    0.000000] SRAT: PXM 0 -> APIC 0x82 -> Node 0
May 11 09:10:46 ubuntu kernel: [    0.000000] SRAT: PXM 0 -> APIC 0x84 -> Node 0
May 11 09:10:46 ubuntu kernel: [    0.000000] SRAT: PXM 0 -> APIC 0x85 -> Node 0
May 11 09:10:46 ubuntu kernel: [    0.000000] SRAT: PXM 0 -> APIC 0x86 -> Node 0
May 11 09:10:46 ubuntu kernel: [    0.000000] SRAT: PXM 0 -> APIC 0x88 -> Node 0
May 11 09:10:46 ubuntu kernel: [    0.000000] SRAT: PXM 0 -> APIC 0x89 -> Node 0
May 11 09:10:46 ubuntu kernel: [    0.000000] SRAT: PXM 0 -> APIC 0x8a -> Node 0
May 11 09:10:46 ubuntu kernel: [    0.000000] SRAT: PXM 0 -> APIC 0x8c -> Node 0
May 11 09:10:46 ubuntu kernel: [    0.000000] SRAT: PXM 0 -> APIC 0x8d -> Node 0
May 11 09:10:46 ubuntu kernel: [    0.000000] SRAT: PXM 0 -> APIC 0x8e -> Node 0
May 11 09:10:46 ubuntu kernel: [    0.000000] SRAT: PXM 0 -> APIC 0x90 -> Node 0
May 11 09:10:46 ubuntu kernel: [    0.000000] SRAT: PXM 0 -> APIC 0x91 -> Node 0
May 11 09:10:46 ubuntu kernel: [    0.000000] SRAT: PXM 0 -> APIC 0x92 -> Node 0
May 11 09:10:46 ubuntu kernel: [    0.000000] SRAT: PXM 0 -> APIC 0x94 -> Node 0
May 11 09:10:46 ubuntu kernel: [    0.000000] SRAT: PXM 0 -> APIC 0x95 -> Node 0
May 11 09:10:46 ubuntu kernel: [    0.000000] SRAT: PXM 0 -> APIC 0x96 -> Node 0
May 11 09:10:46 ubuntu kernel: [    0.000000] SRAT: PXM 0 -> APIC 0x98 -> Node 0
May 11 09:10:46 ubuntu kernel: [    0.000000] SRAT: PXM 0 -> APIC 0x99 -> Node 0
May 11 09:10:46 ubuntu kernel: [    0.000000] SRAT: PXM 0 -> APIC 0x9a -> Node 0
May 11 09:10:46 ubuntu kernel: [    0.000000] SRAT: PXM 0 -> APIC 0x9c -> Node 0
May 11 09:10:46 ubuntu kernel: [    0.000000] SRAT: PXM 0 -> APIC 0x9d -> Node 0
May 11 09:10:46 ubuntu kernel: [    0.000000] SRAT: PXM 0 -> APIC 0x9e -> Node 0
May 11 09:10:46 ubuntu kernel: [    0.000000] SRAT: PXM 0 -> APIC 0xa0 -> Node 0
May 11 09:10:46 ubuntu kernel: [    0.000000] SRAT: PXM 0 -> APIC 0xa1 -> Node 0
May 11 09:10:46 ubuntu kernel: [    0.000000] SRAT: PXM 0 -> APIC 0xa2 -> Node 0
May 11 09:10:46 ubuntu kernel: [    0.000000] SRAT: PXM 0 -> APIC 0xa4 -> Node 0
May 11 09:10:46 ubuntu kernel: [    0.000000] SRAT: PXM 0 -> APIC 0xa5 -> Node 0
May 11 09:10:46 ubuntu kernel: [    0.000000] SRAT: PXM 0 -> APIC 0xa6 -> Node 0
May 11 09:10:46 ubuntu kernel: [    0.000000] SRAT: PXM 0 -> APIC 0xa8 -> Node 0
May 11 09:10:46 ubuntu kernel: [    0.000000] SRAT: PXM 0 -> APIC 0xa9 -> Node 0
May 11 09:10:46 ubuntu kernel: [    0.000000] ACPI: SRAT: Node 0 PXM 0 [mem 0x00000000-0x0009ffff]
May 11 09:10:46 ubuntu kernel: [    0.000000] ACPI: SRAT: Node 0 PXM 0 [mem 0x00100000-0xbfffffff]
May 11 09:10:46 ubuntu kernel: [    0.000000] ACPI: SRAT: Node 0 PXM 0 [mem 0x100000000-0x23fffffff]
May 11 09:10:46 ubuntu kernel: [    0.000000] ACPI: SRAT: Node 0 PXM 0 [mem 0x240000000-0x203fffffff] hotplug
May 11 09:10:46 ubuntu kernel: [    0.000000] NUMA: Node 0 [mem 0x00000000-0x0009ffff] + [mem 0x00100000-0xbfffffff] -> [mem 0x00000000-0xbfffffff]
May 11 09:10:46 ubuntu kernel: [    0.000000] NUMA: Node 0 [mem 0x00000000-0xbfffffff] + [mem 0x100000000-0x23fffffff] -> [mem 0x00000000-0x23fffffff]
May 11 09:10:46 ubuntu kernel: [    0.000000] NODE_DATA(0) allocated [mem 0x23ffd3000-0x23fffdfff]
May 11 09:10:46 ubuntu kernel: [    0.000000] Zone ranges:
May 11 09:10:46 ubuntu kernel: [    0.000000]   DMA      [mem 0x0000000000001000-0x0000000000ffffff]
May 11 09:10:46 ubuntu kernel: [    0.000000]   DMA32    [mem 0x0000000001000000-0x00000000ffffffff]
May 11 09:10:46 ubuntu kernel: [    0.000000]   Normal   [mem 0x0000000100000000-0x000000023fffffff]
May 11 09:10:46 ubuntu kernel: [    0.000000]   Device   empty
May 11 09:10:46 ubuntu kernel: [    0.000000] Movable zone start for each node
May 11 09:10:46 ubuntu kernel: [    0.000000] Early memory node ranges
May 11 09:10:46 ubuntu kernel: [    0.000000]   node   0: [mem 0x0000000000001000-0x000000000009dfff]
May 11 09:10:46 ubuntu kernel: [    0.000000]   node   0: [mem 0x0000000000100000-0x00000000bfecffff]
May 11 09:10:46 ubuntu kernel: [    0.000000]   node   0: [mem 0x00000000bff00000-0x00000000bfffffff]
May 11 09:10:46 ubuntu kernel: [    0.000000]   node   0: [mem 0x0000000100000000-0x000000023fffffff]
May 11 09:10:46 ubuntu kernel: [    0.000000] Reserved but unavailable: 99 pages
May 11 09:10:46 ubuntu kernel: [    0.000000] Initmem setup node 0 [mem 0x0000000000001000-0x000000023fffffff]
May 11 09:10:46 ubuntu kernel: [    0.000000] On node 0 totalpages: 2097005
May 11 09:10:46 ubuntu kernel: [    0.000000]   DMA zone: 64 pages used for memmap
May 11 09:10:46 ubuntu kernel: [    0.000000]   DMA zone: 21 pages reserved
May 11 09:10:46 ubuntu kernel: [    0.000000]   DMA zone: 3997 pages, LIFO batch:0
May 11 09:10:46 ubuntu kernel: [    0.000000]   DMA32 zone: 12224 pages used for memmap
May 11 09:10:46 ubuntu kernel: [    0.000000]   DMA32 zone: 782288 pages, LIFO batch:31
May 11 09:10:46 ubuntu kernel: [    0.000000]   Normal zone: 20480 pages used for memmap
May 11 09:10:46 ubuntu kernel: [    0.000000]   Normal zone: 1310720 pages, LIFO batch:31
May 11 09:10:46 ubuntu kernel: [    0.000000] ACPI: PM-Timer IO Port: 0x1008
May 11 09:10:46 ubuntu kernel: [    0.000000] ACPI: Local APIC address 0xfee00000
May 11 09:10:46 ubuntu kernel: [    0.000000] system APIC only can use physical flat
May 11 09:10:46 ubuntu kernel: [    0.000000] ACPI: LAPIC_NMI (acpi_id[0x00] high edge lint[0x1])
May 11 09:10:46 ubuntu kernel: [    0.000000] ACPI: LAPIC_NMI (acpi_id[0x01] high edge lint[0x1])
May 11 09:10:46 ubuntu kernel: [    0.000000] ACPI: LAPIC_NMI (acpi_id[0x02] high edge lint[0x1])
May 11 09:10:46 ubuntu kernel: [    0.000000] ACPI: LAPIC_NMI (acpi_id[0x03] high edge lint[0x1])
May 11 09:10:46 ubuntu kernel: [    0.000000] ACPI: LAPIC_NMI (acpi_id[0x04] high edge lint[0x1])
May 11 09:10:46 ubuntu kernel: [    0.000000] ACPI: LAPIC_NMI (acpi_id[0x05] high edge lint[0x1])
May 11 09:10:46 ubuntu kernel: [    0.000000] ACPI: LAPIC_NMI (acpi_id[0x06] high edge lint[0x1])
May 11 09:10:46 ubuntu kernel: [    0.000000] ACPI: LAPIC_NMI (acpi_id[0x07] high edge lint[0x1])
May 11 09:10:46 ubuntu kernel: [    0.000000] ACPI: LAPIC_NMI (acpi_id[0x08] high edge lint[0x1])
May 11 09:10:46 ubuntu kernel: [    0.000000] ACPI: LAPIC_NMI (acpi_id[0x09] high edge lint[0x1])
May 11 09:10:46 ubuntu kernel: [    0.000000] ACPI: LAPIC_NMI (acpi_id[0x0a] high edge lint[0x1])
May 11 09:10:46 ubuntu kernel: [    0.000000] ACPI: LAPIC_NMI (acpi_id[0x0b] high edge lint[0x1])
May 11 09:10:46 ubuntu kernel: [    0.000000] ACPI: LAPIC_NMI (acpi_id[0x0c] high edge lint[0x1])
May 11 09:10:46 ubuntu kernel: [    0.000000] ACPI: LAPIC_NMI (acpi_id[0x0d] high edge lint[0x1])
May 11 09:10:46 ubuntu kernel: [    0.000000] ACPI: LAPIC_NMI (acpi_id[0x0e] high edge lint[0x1])
May 11 09:10:46 ubuntu kernel: [    0.000000] ACPI: LAPIC_NMI (acpi_id[0x0f] high edge lint[0x1])
May 11 09:10:46 ubuntu kernel: [    0.000000] ACPI: LAPIC_NMI (acpi_id[0x10] high edge lint[0x1])
May 11 09:10:46 ubuntu kernel: [    0.000000] ACPI: LAPIC_NMI (acpi_id[0x11] high edge lint[0x1])
May 11 09:10:46 ubuntu kernel: [    0.000000] ACPI: LAPIC_NMI (acpi_id[0x12] high edge lint[0x1])
May 11 09:10:46 ubuntu kernel: [    0.000000] ACPI: LAPIC_NMI (acpi_id[0x13] high edge lint[0x1])
May 11 09:10:46 ubuntu kernel: [    0.000000] ACPI: LAPIC_NMI (acpi_id[0x14] high edge lint[0x1])
May 11 09:10:46 ubuntu kernel: [    0.000000] ACPI: LAPIC_NMI (acpi_id[0x15] high edge lint[0x1])
May 11 09:10:46 ubuntu kernel: [    0.000000] ACPI: LAPIC_NMI (acpi_id[0x16] high edge lint[0x1])
May 11 09:10:46 ubuntu kernel: [    0.000000] ACPI: LAPIC_NMI (acpi_id[0x17] high edge lint[0x1])
May 11 09:10:46 ubuntu kernel: [    0.000000] ACPI: LAPIC_NMI (acpi_id[0x18] high edge lint[0x1])
May 11 09:10:46 ubuntu kernel: [    0.000000] ACPI: LAPIC_NMI (acpi_id[0x19] high edge lint[0x1])
May 11 09:10:46 ubuntu kernel: [    0.000000] ACPI: LAPIC_NMI (acpi_id[0x1a] high edge lint[0x1])
May 11 09:10:46 ubuntu kernel: [    0.000000] ACPI: LAPIC_NMI (acpi_id[0x1b] high edge lint[0x1])
May 11 09:10:46 ubuntu kernel: [    0.000000] ACPI: LAPIC_NMI (acpi_id[0x1c] high edge lint[0x1])
May 11 09:10:46 ubuntu kernel: [    0.000000] ACPI: LAPIC_NMI (acpi_id[0x1d] high edge lint[0x1])
May 11 09:10:46 ubuntu kernel: [    0.000000] ACPI: LAPIC_NMI (acpi_id[0x1e] high edge lint[0x1])
May 11 09:10:46 ubuntu kernel: [    0.000000] ACPI: LAPIC_NMI (acpi_id[0x1f] high edge lint[0x1])
May 11 09:10:46 ubuntu kernel: [    0.000000] ACPI: LAPIC_NMI (acpi_id[0x20] high edge lint[0x1])
May 11 09:10:46 ubuntu kernel: [    0.000000] ACPI: LAPIC_NMI (acpi_id[0x21] high edge lint[0x1])
May 11 09:10:46 ubuntu kernel: [    0.000000] ACPI: LAPIC_NMI (acpi_id[0x22] high edge lint[0x1])
May 11 09:10:46 ubuntu kernel: [    0.000000] ACPI: LAPIC_NMI (acpi_id[0x23] high edge lint[0x1])
May 11 09:10:46 ubuntu kernel: [    0.000000] ACPI: LAPIC_NMI (acpi_id[0x24] high edge lint[0x1])
May 11 09:10:46 ubuntu kernel: [    0.000000] ACPI: LAPIC_NMI (acpi_id[0x25] high edge lint[0x1])
May 11 09:10:46 ubuntu kernel: [    0.000000] ACPI: LAPIC_NMI (acpi_id[0x26] high edge lint[0x1])
May 11 09:10:46 ubuntu kernel: [    0.000000] ACPI: LAPIC_NMI (acpi_id[0x27] high edge lint[0x1])
May 11 09:10:46 ubuntu kernel: [    0.000000] ACPI: LAPIC_NMI (acpi_id[0x28] high edge lint[0x1])
May 11 09:10:46 ubuntu kernel: [    0.000000] ACPI: LAPIC_NMI (acpi_id[0x29] high edge lint[0x1])
May 11 09:10:46 ubuntu kernel: [    0.000000] ACPI: LAPIC_NMI (acpi_id[0x2a] high edge lint[0x1])
May 11 09:10:46 ubuntu kernel: [    0.000000] ACPI: LAPIC_NMI (acpi_id[0x2b] high edge lint[0x1])
May 11 09:10:46 ubuntu kernel: [    0.000000] ACPI: LAPIC_NMI (acpi_id[0x2c] high edge lint[0x1])
May 11 09:10:46 ubuntu kernel: [    0.000000] ACPI: LAPIC_NMI (acpi_id[0x2d] high edge lint[0x1])
May 11 09:10:46 ubuntu kernel: [    0.000000] ACPI: LAPIC_NMI (acpi_id[0x2e] high edge lint[0x1])
May 11 09:10:46 ubuntu kernel: [    0.000000] ACPI: LAPIC_NMI (acpi_id[0x2f] high edge lint[0x1])
May 11 09:10:46 ubuntu kernel: [    0.000000] ACPI: LAPIC_NMI (acpi_id[0x30] high edge lint[0x1])
May 11 09:10:46 ubuntu kernel: [    0.000000] ACPI: LAPIC_NMI (acpi_id[0x31] high edge lint[0x1])
May 11 09:10:46 ubuntu kernel: [    0.000000] ACPI: LAPIC_NMI (acpi_id[0x32] high edge lint[0x1])
May 11 09:10:46 ubuntu kernel: [    0.000000] ACPI: LAPIC_NMI (acpi_id[0x33] high edge lint[0x1])
May 11 09:10:46 ubuntu kernel: [    0.000000] ACPI: LAPIC_NMI (acpi_id[0x34] high edge lint[0x1])
May 11 09:10:46 ubuntu kernel: [    0.000000] ACPI: LAPIC_NMI (acpi_id[0x35] high edge lint[0x1])
May 11 09:10:46 ubuntu kernel: [    0.000000] ACPI: LAPIC_NMI (acpi_id[0x36] high edge lint[0x1])
May 11 09:10:46 ubuntu kernel: [    0.000000] ACPI: LAPIC_NMI (acpi_id[0x37] high edge lint[0x1])
May 11 09:10:46 ubuntu kernel: [    0.000000] ACPI: LAPIC_NMI (acpi_id[0x38] high edge lint[0x1])
May 11 09:10:46 ubuntu kernel: [    0.000000] ACPI: LAPIC_NMI (acpi_id[0x39] high edge lint[0x1])
May 11 09:10:46 ubuntu kernel: [    0.000000] ACPI: LAPIC_NMI (acpi_id[0x3a] high edge lint[0x1])
May 11 09:10:46 ubuntu kernel: [    0.000000] ACPI: LAPIC_NMI (acpi_id[0x3b] high edge lint[0x1])
May 11 09:10:46 ubuntu kernel: [    0.000000] ACPI: LAPIC_NMI (acpi_id[0x3c] high edge lint[0x1])
May 11 09:10:46 ubuntu kernel: [    0.000000] ACPI: LAPIC_NMI (acpi_id[0x3d] high edge lint[0x1])
May 11 09:10:46 ubuntu kernel: [    0.000000] ACPI: LAPIC_NMI (acpi_id[0x3e] high edge lint[0x1])
May 11 09:10:46 ubuntu kernel: [    0.000000] ACPI: LAPIC_NMI (acpi_id[0x3f] high edge lint[0x1])
May 11 09:10:46 ubuntu kernel: [    0.000000] ACPI: LAPIC_NMI (acpi_id[0x40] high edge lint[0x1])
May 11 09:10:46 ubuntu kernel: [    0.000000] ACPI: LAPIC_NMI (acpi_id[0x41] high edge lint[0x1])
May 11 09:10:46 ubuntu kernel: [    0.000000] ACPI: LAPIC_NMI (acpi_id[0x42] high edge lint[0x1])
May 11 09:10:46 ubuntu kernel: [    0.000000] ACPI: LAPIC_NMI (acpi_id[0x43] high edge lint[0x1])
May 11 09:10:46 ubuntu kernel: [    0.000000] ACPI: LAPIC_NMI (acpi_id[0x44] high edge lint[0x1])
May 11 09:10:46 ubuntu kernel: [    0.000000] ACPI: LAPIC_NMI (acpi_id[0x45] high edge lint[0x1])
May 11 09:10:46 ubuntu kernel: [    0.000000] ACPI: LAPIC_NMI (acpi_id[0x46] high edge lint[0x1])
May 11 09:10:46 ubuntu kernel: [    0.000000] ACPI: LAPIC_NMI (acpi_id[0x47] high edge lint[0x1])
May 11 09:10:46 ubuntu kernel: [    0.000000] ACPI: LAPIC_NMI (acpi_id[0x48] high edge lint[0x1])
May 11 09:10:46 ubuntu kernel: [    0.000000] ACPI: LAPIC_NMI (acpi_id[0x49] high edge lint[0x1])
May 11 09:10:46 ubuntu kernel: [    0.000000] ACPI: LAPIC_NMI (acpi_id[0x4a] high edge lint[0x1])
May 11 09:10:46 ubuntu kernel: [    0.000000] ACPI: LAPIC_NMI (acpi_id[0x4b] high edge lint[0x1])
May 11 09:10:46 ubuntu kernel: [    0.000000] ACPI: LAPIC_NMI (acpi_id[0x4c] high edge lint[0x1])
May 11 09:10:46 ubuntu kernel: [    0.000000] ACPI: LAPIC_NMI (acpi_id[0x4d] high edge lint[0x1])
May 11 09:10:46 ubuntu kernel: [    0.000000] ACPI: LAPIC_NMI (acpi_id[0x4e] high edge lint[0x1])
May 11 09:10:46 ubuntu kernel: [    0.000000] ACPI: LAPIC_NMI (acpi_id[0x4f] high edge lint[0x1])
May 11 09:10:46 ubuntu kernel: [    0.000000] ACPI: LAPIC_NMI (acpi_id[0x50] high edge lint[0x1])
May 11 09:10:46 ubuntu kernel: [    0.000000] ACPI: LAPIC_NMI (acpi_id[0x51] high edge lint[0x1])
May 11 09:10:46 ubuntu kernel: [    0.000000] ACPI: LAPIC_NMI (acpi_id[0x52] high edge lint[0x1])
May 11 09:10:46 ubuntu kernel: [    0.000000] ACPI: LAPIC_NMI (acpi_id[0x53] high edge lint[0x1])
May 11 09:10:46 ubuntu kernel: [    0.000000] ACPI: LAPIC_NMI (acpi_id[0x54] high edge lint[0x1])
May 11 09:10:46 ubuntu kernel: [    0.000000] ACPI: LAPIC_NMI (acpi_id[0x55] high edge lint[0x1])
May 11 09:10:46 ubuntu kernel: [    0.000000] ACPI: LAPIC_NMI (acpi_id[0x56] high edge lint[0x1])
May 11 09:10:46 ubuntu kernel: [    0.000000] ACPI: LAPIC_NMI (acpi_id[0x57] high edge lint[0x1])
May 11 09:10:46 ubuntu kernel: [    0.000000] ACPI: LAPIC_NMI (acpi_id[0x58] high edge lint[0x1])
May 11 09:10:46 ubuntu kernel: [    0.000000] ACPI: LAPIC_NMI (acpi_id[0x59] high edge lint[0x1])
May 11 09:10:46 ubuntu kernel: [    0.000000] ACPI: LAPIC_NMI (acpi_id[0x5a] high edge lint[0x1])
May 11 09:10:46 ubuntu kernel: [    0.000000] ACPI: LAPIC_NMI (acpi_id[0x5b] high edge lint[0x1])
May 11 09:10:46 ubuntu kernel: [    0.000000] ACPI: LAPIC_NMI (acpi_id[0x5c] high edge lint[0x1])
May 11 09:10:46 ubuntu kernel: [    0.000000] ACPI: LAPIC_NMI (acpi_id[0x5d] high edge lint[0x1])
May 11 09:10:46 ubuntu kernel: [    0.000000] ACPI: LAPIC_NMI (acpi_id[0x5e] high edge lint[0x1])
May 11 09:10:46 ubuntu kernel: [    0.000000] ACPI: LAPIC_NMI (acpi_id[0x5f] high edge lint[0x1])
May 11 09:10:46 ubuntu kernel: [    0.000000] ACPI: LAPIC_NMI (acpi_id[0x60] high edge lint[0x1])
May 11 09:10:46 ubuntu kernel: [    0.000000] ACPI: LAPIC_NMI (acpi_id[0x61] high edge lint[0x1])
May 11 09:10:46 ubuntu kernel: [    0.000000] ACPI: LAPIC_NMI (acpi_id[0x62] high edge lint[0x1])
May 11 09:10:46 ubuntu kernel: [    0.000000] ACPI: LAPIC_NMI (acpi_id[0x63] high edge lint[0x1])
May 11 09:10:46 ubuntu kernel: [    0.000000] ACPI: LAPIC_NMI (acpi_id[0x64] high edge lint[0x1])
May 11 09:10:46 ubuntu kernel: [    0.000000] ACPI: LAPIC_NMI (acpi_id[0x65] high edge lint[0x1])
May 11 09:10:46 ubuntu kernel: [    0.000000] ACPI: LAPIC_NMI (acpi_id[0x66] high edge lint[0x1])
May 11 09:10:46 ubuntu kernel: [    0.000000] ACPI: LAPIC_NMI (acpi_id[0x67] high edge lint[0x1])
May 11 09:10:46 ubuntu kernel: [    0.000000] ACPI: LAPIC_NMI (acpi_id[0x68] high edge lint[0x1])
May 11 09:10:46 ubuntu kernel: [    0.000000] ACPI: LAPIC_NMI (acpi_id[0x69] high edge lint[0x1])
May 11 09:10:46 ubuntu kernel: [    0.000000] ACPI: LAPIC_NMI (acpi_id[0x6a] high edge lint[0x1])
May 11 09:10:46 ubuntu kernel: [    0.000000] ACPI: LAPIC_NMI (acpi_id[0x6b] high edge lint[0x1])
May 11 09:10:46 ubuntu kernel: [    0.000000] ACPI: LAPIC_NMI (acpi_id[0x6c] high edge lint[0x1])
May 11 09:10:46 ubuntu kernel: [    0.000000] ACPI: LAPIC_NMI (acpi_id[0x6d] high edge lint[0x1])
May 11 09:10:46 ubuntu kernel: [    0.000000] ACPI: LAPIC_NMI (acpi_id[0x6e] high edge lint[0x1])
May 11 09:10:46 ubuntu kernel: [    0.000000] ACPI: LAPIC_NMI (acpi_id[0x6f] high edge lint[0x1])
May 11 09:10:46 ubuntu kernel: [    0.000000] ACPI: LAPIC_NMI (acpi_id[0x70] high edge lint[0x1])
May 11 09:10:46 ubuntu kernel: [    0.000000] ACPI: LAPIC_NMI (acpi_id[0x71] high edge lint[0x1])
May 11 09:10:46 ubuntu kernel: [    0.000000] ACPI: LAPIC_NMI (acpi_id[0x72] high edge lint[0x1])
May 11 09:10:46 ubuntu kernel: [    0.000000] ACPI: LAPIC_NMI (acpi_id[0x73] high edge lint[0x1])
May 11 09:10:46 ubuntu kernel: [    0.000000] ACPI: LAPIC_NMI (acpi_id[0x74] high edge lint[0x1])
May 11 09:10:46 ubuntu kernel: [    0.000000] ACPI: LAPIC_NMI (acpi_id[0x75] high edge lint[0x1])
May 11 09:10:46 ubuntu kernel: [    0.000000] ACPI: LAPIC_NMI (acpi_id[0x76] high edge lint[0x1])
May 11 09:10:46 ubuntu kernel: [    0.000000] ACPI: LAPIC_NMI (acpi_id[0x77] high edge lint[0x1])
May 11 09:10:46 ubuntu kernel: [    0.000000] ACPI: LAPIC_NMI (acpi_id[0x78] high edge lint[0x1])
May 11 09:10:46 ubuntu kernel: [    0.000000] ACPI: LAPIC_NMI (acpi_id[0x79] high edge lint[0x1])
May 11 09:10:46 ubuntu kernel: [    0.000000] ACPI: LAPIC_NMI (acpi_id[0x7a] high edge lint[0x1])
May 11 09:10:46 ubuntu kernel: [    0.000000] ACPI: LAPIC_NMI (acpi_id[0x7b] high edge lint[0x1])
May 11 09:10:46 ubuntu kernel: [    0.000000] ACPI: LAPIC_NMI (acpi_id[0x7c] high edge lint[0x1])
May 11 09:10:46 ubuntu kernel: [    0.000000] ACPI: LAPIC_NMI (acpi_id[0x7d] high edge lint[0x1])
May 11 09:10:46 ubuntu kernel: [    0.000000] ACPI: LAPIC_NMI (acpi_id[0x7e] high edge lint[0x1])
May 11 09:10:46 ubuntu kernel: [    0.000000] ACPI: LAPIC_NMI (acpi_id[0x7f] high edge lint[0x1])
May 11 09:10:46 ubuntu kernel: [    0.000000] IOAPIC[0]: apic_id 3, version 32, address 0xfec00000, GSI 0-23
May 11 09:10:46 ubuntu kernel: [    0.000000] ACPI: INT_SRC_OVR (bus 0 bus_irq 0 global_irq 2 high edge)
May 11 09:10:46 ubuntu kernel: [    0.000000] ACPI: IRQ0 used by override.
May 11 09:10:46 ubuntu kernel: [    0.000000] ACPI: IRQ9 used by override.
May 11 09:10:46 ubuntu kernel: [    0.000000] Using ACPI (MADT) for SMP configuration information
May 11 09:10:46 ubuntu kernel: [    0.000000] ACPI: HPET id: 0x8086af01 base: 0xfed00000
May 11 09:10:46 ubuntu kernel: [    0.000000] smpboot: Allowing 128 CPUs, 122 hotplug CPUs
May 11 09:10:46 ubuntu kernel: [    0.000000] PM: Registered nosave memory: [mem 0x00000000-0x00000fff]
May 11 09:10:46 ubuntu kernel: [    0.000000] PM: Registered nosave memory: [mem 0x0009e000-0x0009efff]
May 11 09:10:46 ubuntu kernel: [    0.000000] PM: Registered nosave memory: [mem 0x0009f000-0x0009ffff]
May 11 09:10:46 ubuntu kernel: [    0.000000] PM: Registered nosave memory: [mem 0x000a0000-0x000dbfff]
May 11 09:10:46 ubuntu kernel: [    0.000000] PM: Registered nosave memory: [mem 0x000dc000-0x000fffff]
May 11 09:10:46 ubuntu kernel: [    0.000000] PM: Registered nosave memory: [mem 0xbfed0000-0xbfefefff]
May 11 09:10:46 ubuntu kernel: [    0.000000] PM: Registered nosave memory: [mem 0xbfeff000-0xbfefffff]
May 11 09:10:46 ubuntu kernel: [    0.000000] PM: Registered nosave memory: [mem 0xc0000000-0xefffffff]
May 11 09:10:46 ubuntu kernel: [    0.000000] PM: Registered nosave memory: [mem 0xf0000000-0xf7ffffff]
May 11 09:10:46 ubuntu kernel: [    0.000000] PM: Registered nosave memory: [mem 0xf8000000-0xfebfffff]
May 11 09:10:46 ubuntu kernel: [    0.000000] PM: Registered nosave memory: [mem 0xfec00000-0xfec0ffff]
May 11 09:10:46 ubuntu kernel: [    0.000000] PM: Registered nosave memory: [mem 0xfec10000-0xfedfffff]
May 11 09:10:46 ubuntu kernel: [    0.000000] PM: Registered nosave memory: [mem 0xfee00000-0xfee00fff]
May 11 09:10:46 ubuntu kernel: [    0.000000] PM: Registered nosave memory: [mem 0xfee01000-0xfffdffff]
May 11 09:10:46 ubuntu kernel: [    0.000000] PM: Registered nosave memory: [mem 0xfffe0000-0xffffffff]
May 11 09:10:46 ubuntu kernel: [    0.000000] e820: [mem 0xc0000000-0xefffffff] available for PCI devices
May 11 09:10:46 ubuntu kernel: [    0.000000] Booting paravirtualized kernel on VMware hypervisor
May 11 09:10:46 ubuntu kernel: [    0.000000] clocksource: refined-jiffies: mask: 0xffffffff max_cycles: 0xffffffff, max_idle_ns: 7645519600211568 ns
May 11 09:10:46 ubuntu kernel: [    0.000000] random: get_random_bytes called from start_kernel+0x99/0x51b with crng_init=0
May 11 09:10:46 ubuntu kernel: [    0.000000] setup_percpu: NR_CPUS:8192 nr_cpumask_bits:128 nr_cpu_ids:128 nr_node_ids:1
May 11 09:10:46 ubuntu kernel: [    0.000000] percpu: Embedded 45 pages/cpu s147456 r8192 d28672 u262144
May 11 09:10:46 ubuntu kernel: [    0.000000] pcpu-alloc: s147456 r8192 d28672 u262144 alloc=1*2097152
May 11 09:10:46 ubuntu kernel: [    0.000000] pcpu-alloc: [0] 000 001 002 003 004 005 006 007 
May 11 09:10:46 ubuntu kernel: [    0.000000] pcpu-alloc: [0] 008 009 010 011 012 013 014 015 
May 11 09:10:46 ubuntu kernel: [    0.000000] pcpu-alloc: [0] 016 017 018 019 020 021 022 023 
May 11 09:10:46 ubuntu kernel: [    0.000000] pcpu-alloc: [0] 024 025 026 027 028 029 030 031 
May 11 09:10:46 ubuntu kernel: [    0.000000] pcpu-alloc: [0] 032 033 034 035 036 037 038 039 
May 11 09:10:46 ubuntu kernel: [    0.000000] pcpu-alloc: [0] 040 041 042 043 044 045 046 047 
May 11 09:10:46 ubuntu kernel: [    0.000000] pcpu-alloc: [0] 048 049 050 051 052 053 054 055 
May 11 09:10:46 ubuntu kernel: [    0.000000] pcpu-alloc: [0] 056 057 058 059 060 061 062 063 
May 11 09:10:46 ubuntu kernel: [    0.000000] pcpu-alloc: [0] 064 065 066 067 068 069 070 071 
May 11 09:10:46 ubuntu kernel: [    0.000000] pcpu-alloc: [0] 072 073 074 075 076 077 078 079 
May 11 09:10:46 ubuntu kernel: [    0.000000] pcpu-alloc: [0] 080 081 082 083 084 085 086 087 
May 11 09:10:46 ubuntu kernel: [    0.000000] pcpu-alloc: [0] 088 089 090 091 092 093 094 095 
May 11 09:10:46 ubuntu kernel: [    0.000000] pcpu-alloc: [0] 096 097 098 099 100 101 102 103 
May 11 09:10:46 ubuntu kernel: [    0.000000] pcpu-alloc: [0] 104 105 106 107 108 109 110 111 
May 11 09:10:46 ubuntu kernel: [    0.000000] pcpu-alloc: [0] 112 113 114 115 116 117 118 119 
May 11 09:10:46 ubuntu kernel: [    0.000000] pcpu-alloc: [0] 120 121 122 123 124 125 126 127 
May 11 09:10:46 ubuntu kernel: [    0.000000] Built 1 zonelists, mobility grouping on.  Total pages: 2064216
May 11 09:10:46 ubuntu kernel: [    0.000000] Policy zone: Normal
May 11 09:10:46 ubuntu kernel: [    0.000000] Kernel command line: BOOT_IMAGE=/boot/vmlinuz-4.15.0-99-generic root=UUID=1db46ae7-eca6-4662-ba19-d7fb32afde58 ro find_preseed=/preseed.cfg auto noprompt priority=critical locale=en_US quiet
May 11 09:10:46 ubuntu kernel: [    0.000000] log_buf_len individual max cpu contribution: 4096 bytes
May 11 09:10:46 ubuntu kernel: [    0.000000] log_buf_len total cpu_extra contributions: 520192 bytes
May 11 09:10:46 ubuntu kernel: [    0.000000] log_buf_len min size: 262144 bytes
May 11 09:10:46 ubuntu kernel: [    0.000000] log_buf_len: 1048576 bytes
May 11 09:10:46 ubuntu kernel: [    0.000000] early log buf free: 223956(85%)
May 11 09:10:46 ubuntu kernel: [    0.000000] Calgary: detecting Calgary via BIOS EBDA area
May 11 09:10:46 ubuntu kernel: [    0.000000] Calgary: Unable to locate Rio Grande table in EBDA - bailing!
May 11 09:10:46 ubuntu kernel: [    0.000000] Memory: 8083672K/8388020K available (12300K kernel code, 2480K rwdata, 4216K rodata, 2432K init, 2712K bss, 304348K reserved, 0K cma-reserved)
May 11 09:10:46 ubuntu kernel: [    0.000000] SLUB: HWalign=64, Order=0-3, MinObjects=0, CPUs=128, Nodes=1
May 11 09:10:46 ubuntu kernel: [    0.000000] Kernel/User page tables isolation: enabled
May 11 09:10:46 ubuntu kernel: [    0.000000] ftrace: allocating 39345 entries in 154 pages
May 11 09:10:46 ubuntu kernel: [    0.004000] Hierarchical RCU implementation.
May 11 09:10:46 ubuntu kernel: [    0.004000] 	RCU restricting CPUs from NR_CPUS=8192 to nr_cpu_ids=128.
May 11 09:10:46 ubuntu kernel: [    0.004000] 	Tasks RCU enabled.
May 11 09:10:46 ubuntu kernel: [    0.004000] RCU: Adjusting geometry for rcu_fanout_leaf=16, nr_cpu_ids=128
May 11 09:10:46 ubuntu kernel: [    0.004000] NR_IRQS: 524544, nr_irqs: 1448, preallocated irqs: 16
May 11 09:10:46 ubuntu kernel: [    0.004000] Console: colour VGA+ 80x25
May 11 09:10:46 ubuntu kernel: [    0.004000] console [tty0] enabled
May 11 09:10:46 ubuntu kernel: [    0.004000] ACPI: Core revision 20170831
May 11 09:10:46 ubuntu kernel: [    0.004000] ACPI: 1 ACPI AML tables successfully acquired and loaded
May 11 09:10:46 ubuntu kernel: [    0.004000] clocksource: hpet: mask: 0xffffffff max_cycles: 0xffffffff, max_idle_ns: 133484882848 ns
May 11 09:10:46 ubuntu kernel: [    0.004000] hpet clockevent registered
May 11 09:10:46 ubuntu kernel: [    0.004013] APIC: Switch to symmetric I/O mode setup
May 11 09:10:46 ubuntu kernel: [    0.004017] DMAR: Host address width 43
May 11 09:10:46 ubuntu kernel: [    0.004019] DMAR: DRHD base: 0x000000fec10000 flags: 0x1
